###############################################################################
#
# IAR ELF Linker V8.40.1.212/W32 for ARM                  26/Jun/2020  09:31:27
# Copyright 2007-2019 IAR Systems AB.
#
#    Output file  =
#        E:\Firmware\CodeTestL432KC\ReaderSimL432Oled\Firmware_L432KC\EWARM\NFC_L432KC\Exe\NFC_L432KC.out
#    Map file     =
#        E:\Firmware\CodeTestL432KC\ReaderSimL432Oled\Firmware_L432KC\EWARM\NFC_L432KC\List\NFC_L432KC.map
#    Command line =
#        -f C:\Users\ANNGUY~1\AppData\Local\Temp\EW8CDB.tmp
#        (E:\Firmware\CodeTestL432KC\ReaderSimL432Oled\Firmware_L432KC\EWARM\NFC_L432KC\Obj\bcdencode.o
#        E:\Firmware\CodeTestL432KC\ReaderSimL432Oled\Firmware_L432KC\EWARM\NFC_L432KC\Obj\Config.o
#        E:\Firmware\CodeTestL432KC\ReaderSimL432Oled\Firmware_L432KC\EWARM\NFC_L432KC\Obj\Fonts.o
#        E:\Firmware\CodeTestL432KC\ReaderSimL432Oled\Firmware_L432KC\EWARM\NFC_L432KC\Obj\i2c-lcd.o
#        E:\Firmware\CodeTestL432KC\ReaderSimL432Oled\Firmware_L432KC\EWARM\NFC_L432KC\Obj\main.o
#        E:\Firmware\CodeTestL432KC\ReaderSimL432Oled\Firmware_L432KC\EWARM\NFC_L432KC\Obj\ndef.o
#        E:\Firmware\CodeTestL432KC\ReaderSimL432Oled\Firmware_L432KC\EWARM\NFC_L432KC\Obj\nfcm1833_module.o
#        E:\Firmware\CodeTestL432KC\ReaderSimL432Oled\Firmware_L432KC\EWARM\NFC_L432KC\Obj\nfcm1833tiny.o
#        E:\Firmware\CodeTestL432KC\ReaderSimL432Oled\Firmware_L432KC\EWARM\NFC_L432KC\Obj\nfcm1833tinz.o
#        E:\Firmware\CodeTestL432KC\ReaderSimL432Oled\Firmware_L432KC\EWARM\NFC_L432KC\Obj\SSD1306.o
#        E:\Firmware\CodeTestL432KC\ReaderSimL432Oled\Firmware_L432KC\EWARM\NFC_L432KC\Obj\startup_stm32l432xx.o
#        E:\Firmware\CodeTestL432KC\ReaderSimL432Oled\Firmware_L432KC\EWARM\NFC_L432KC\Obj\stm32l4xx_hal.o
#        E:\Firmware\CodeTestL432KC\ReaderSimL432Oled\Firmware_L432KC\EWARM\NFC_L432KC\Obj\stm32l4xx_hal_cortex.o
#        E:\Firmware\CodeTestL432KC\ReaderSimL432Oled\Firmware_L432KC\EWARM\NFC_L432KC\Obj\stm32l4xx_hal_crc.o
#        E:\Firmware\CodeTestL432KC\ReaderSimL432Oled\Firmware_L432KC\EWARM\NFC_L432KC\Obj\stm32l4xx_hal_crc_ex.o
#        E:\Firmware\CodeTestL432KC\ReaderSimL432Oled\Firmware_L432KC\EWARM\NFC_L432KC\Obj\stm32l4xx_hal_dma.o
#        E:\Firmware\CodeTestL432KC\ReaderSimL432Oled\Firmware_L432KC\EWARM\NFC_L432KC\Obj\stm32l4xx_hal_dma_ex.o
#        E:\Firmware\CodeTestL432KC\ReaderSimL432Oled\Firmware_L432KC\EWARM\NFC_L432KC\Obj\stm32l4xx_hal_exti.o
#        E:\Firmware\CodeTestL432KC\ReaderSimL432Oled\Firmware_L432KC\EWARM\NFC_L432KC\Obj\stm32l4xx_hal_flash.o
#        E:\Firmware\CodeTestL432KC\ReaderSimL432Oled\Firmware_L432KC\EWARM\NFC_L432KC\Obj\stm32l4xx_hal_flash_ex.o
#        E:\Firmware\CodeTestL432KC\ReaderSimL432Oled\Firmware_L432KC\EWARM\NFC_L432KC\Obj\stm32l4xx_hal_flash_ramfunc.o
#        E:\Firmware\CodeTestL432KC\ReaderSimL432Oled\Firmware_L432KC\EWARM\NFC_L432KC\Obj\stm32l4xx_hal_gpio.o
#        E:\Firmware\CodeTestL432KC\ReaderSimL432Oled\Firmware_L432KC\EWARM\NFC_L432KC\Obj\stm32l4xx_hal_i2c.o
#        E:\Firmware\CodeTestL432KC\ReaderSimL432Oled\Firmware_L432KC\EWARM\NFC_L432KC\Obj\stm32l4xx_hal_i2c_ex.o
#        E:\Firmware\CodeTestL432KC\ReaderSimL432Oled\Firmware_L432KC\EWARM\NFC_L432KC\Obj\stm32l4xx_hal_msp.o
#        E:\Firmware\CodeTestL432KC\ReaderSimL432Oled\Firmware_L432KC\EWARM\NFC_L432KC\Obj\stm32l4xx_hal_pcd.o
#        E:\Firmware\CodeTestL432KC\ReaderSimL432Oled\Firmware_L432KC\EWARM\NFC_L432KC\Obj\stm32l4xx_hal_pcd_ex.o
#        E:\Firmware\CodeTestL432KC\ReaderSimL432Oled\Firmware_L432KC\EWARM\NFC_L432KC\Obj\stm32l4xx_hal_pwr.o
#        E:\Firmware\CodeTestL432KC\ReaderSimL432Oled\Firmware_L432KC\EWARM\NFC_L432KC\Obj\stm32l4xx_hal_pwr_ex.o
#        E:\Firmware\CodeTestL432KC\ReaderSimL432Oled\Firmware_L432KC\EWARM\NFC_L432KC\Obj\stm32l4xx_hal_rcc.o
#        E:\Firmware\CodeTestL432KC\ReaderSimL432Oled\Firmware_L432KC\EWARM\NFC_L432KC\Obj\stm32l4xx_hal_rcc_ex.o
#        E:\Firmware\CodeTestL432KC\ReaderSimL432Oled\Firmware_L432KC\EWARM\NFC_L432KC\Obj\stm32l4xx_hal_spi.o
#        E:\Firmware\CodeTestL432KC\ReaderSimL432Oled\Firmware_L432KC\EWARM\NFC_L432KC\Obj\stm32l4xx_hal_spi_ex.o
#        E:\Firmware\CodeTestL432KC\ReaderSimL432Oled\Firmware_L432KC\EWARM\NFC_L432KC\Obj\stm32l4xx_hal_tim.o
#        E:\Firmware\CodeTestL432KC\ReaderSimL432Oled\Firmware_L432KC\EWARM\NFC_L432KC\Obj\stm32l4xx_hal_tim_ex.o
#        E:\Firmware\CodeTestL432KC\ReaderSimL432Oled\Firmware_L432KC\EWARM\NFC_L432KC\Obj\stm32l4xx_hal_uart.o
#        E:\Firmware\CodeTestL432KC\ReaderSimL432Oled\Firmware_L432KC\EWARM\NFC_L432KC\Obj\stm32l4xx_hal_uart_ex.o
#        E:\Firmware\CodeTestL432KC\ReaderSimL432Oled\Firmware_L432KC\EWARM\NFC_L432KC\Obj\stm32l4xx_it.o
#        E:\Firmware\CodeTestL432KC\ReaderSimL432Oled\Firmware_L432KC\EWARM\NFC_L432KC\Obj\stm32l4xx_ll_usb.o
#        E:\Firmware\CodeTestL432KC\ReaderSimL432Oled\Firmware_L432KC\EWARM\NFC_L432KC\Obj\system_stm32l4xx.o
#        E:\Firmware\CodeTestL432KC\ReaderSimL432Oled\Firmware_L432KC\EWARM\NFC_L432KC\Obj\usbd_cdc.o
#        E:\Firmware\CodeTestL432KC\ReaderSimL432Oled\Firmware_L432KC\EWARM\NFC_L432KC\Obj\usbd_cdc_vcp.o
#        E:\Firmware\CodeTestL432KC\ReaderSimL432Oled\Firmware_L432KC\EWARM\NFC_L432KC\Obj\usbd_conf.o
#        E:\Firmware\CodeTestL432KC\ReaderSimL432Oled\Firmware_L432KC\EWARM\NFC_L432KC\Obj\usbd_core.o
#        E:\Firmware\CodeTestL432KC\ReaderSimL432Oled\Firmware_L432KC\EWARM\NFC_L432KC\Obj\usbd_ctlreq.o
#        E:\Firmware\CodeTestL432KC\ReaderSimL432Oled\Firmware_L432KC\EWARM\NFC_L432KC\Obj\usbd_desc.o
#        E:\Firmware\CodeTestL432KC\ReaderSimL432Oled\Firmware_L432KC\EWARM\NFC_L432KC\Obj\usbd_hid.o
#        E:\Firmware\CodeTestL432KC\ReaderSimL432Oled\Firmware_L432KC\EWARM\NFC_L432KC\Obj\usbd_hid_keyboard.o
#        E:\Firmware\CodeTestL432KC\ReaderSimL432Oled\Firmware_L432KC\EWARM\NFC_L432KC\Obj\usbd_ioreq.o
#        --redirect _Printf=_PrintfFull --redirect _Scanf=_ScanfFull
#        --no_out_extension -o
#        E:\Firmware\CodeTestL432KC\ReaderSimL432Oled\Firmware_L432KC\EWARM\NFC_L432KC\Exe\NFC_L432KC.out
#        --map
#        E:\Firmware\CodeTestL432KC\ReaderSimL432Oled\Firmware_L432KC\EWARM\NFC_L432KC\List\NFC_L432KC.map
#        --config
#        E:\Firmware\CodeTestL432KC\ReaderSimL432Oled\Firmware_L432KC\EWARM/stm32l432xx_flash.icf
#        --semihosting --entry __iar_program_start --vfe --text_out locale)
#
###############################################################################

*******************************************************************************
*** RUNTIME MODEL ATTRIBUTES
***

CppFlavor       = *
__SystemLibrary = DLib
__dlib_version  = 6


*******************************************************************************
*** HEAP SELECTION
***

The basic heap was selected because no calls to memory allocation
functions were found in the application outside of system library
functions, and there are calls to deallocation functions in the
application.


*******************************************************************************
*** PLACEMENT SUMMARY
***

"A0":  place at address 0x800'0000 { ro section .intvec };
"P1":  place in [from 0x800'0000 to 0x803'ffff] { ro };
define block CSTACK with size = 1K, alignment = 8 { };
define block HEAP with size = 512, alignment = 8 { };
"P2":  place in [from 0x2000'0000 to 0x2000'ffff] {
          rw, block CSTACK, block HEAP };
initialize by copy { rw };

  Section            Kind         Address    Size  Object
  -------            ----         -------    ----  ------
"A0":                                       0x18c
  .intvec            ro code   0x800'0000   0x18c  startup_stm32l432xx.o [1]
                             - 0x800'018c   0x18c

"P1":                                      0xc284
  .rodata            const     0x800'018c  0x3840  Fonts.o [1]
  .text              ro code   0x800'39cc   0xd34  main.o [1]
  .text              ro code   0x800'4700    0x24  stm32l4xx_hal.o [1]
  .text              ro code   0x800'4724    0x2a  nfcm1833_module.o [1]
  .text              ro code   0x800'474e    0x3a  zero_init3.o [4]
  .text              ro code   0x800'4788   0x4f2  SSD1306.o [1]
  .text              ro code   0x800'4c7a    0x10  Config.o [1]
  .text              ro code   0x800'4c8a    0x2e  copy_init3.o [4]
  .text              ro code   0x800'4cb8    0x28  stm32l4xx_hal.o [1]
  .text              ro code   0x800'4ce0    0xa6  ABImemcpy.o [4]
  .text              ro code   0x800'4d86   0x248  bcdencode.o [1]
  .rodata            const     0x800'4fce     0x1  nfcm1833tinz.o [1]
  .rodata            const     0x800'4fcf     0x1  nfcm1833tinz.o [1]
  .text              ro code   0x800'4fd0   0x3ce  stm32l4xx_hal_gpio.o [1]
  .rodata            const     0x800'539e     0x1  nfcm1833tinz.o [1]
  .text              ro code   0x800'53a0   0xa92  stm32l4xx_hal_uart.o [1]
  .text              ro code   0x800'5e34    0x36  strlen.o [4]
  .text              ro code   0x800'5e6c     0xc  stm32l4xx_hal.o [1]
  .text              ro code   0x800'5e78    0x2c  strstr.o [2]
  .text              ro code   0x800'5ea4    0x66  ABImemset.o [4]
  .text              ro code   0x800'5f0c   0xc54  stm32l4xx_hal_rcc.o [1]
  .text              ro code   0x800'6b60   0x74c  stm32l4xx_hal_rcc_ex.o [1]
  .text              ro code   0x800'72ac    0xb0  stm32l4xx_hal_pwr_ex.o [1]
  .text              ro code   0x800'735c   0x25c  stm32l4xx_hal_crc.o [1]
  .text              ro code   0x800'75b8   0x5ac  stm32l4xx_hal_i2c.o [1]
  .text              ro code   0x800'7b64   0x124  stm32l4xx_hal_i2c_ex.o [1]
  .text              ro code   0x800'7c88   0x706  stm32l4xx_hal_spi.o [1]
  .text              ro code   0x800'8390   0x19c  stm32l4xx_hal_cortex.o [1]
  .text              ro code   0x800'852c    0x60  stm32l4xx_hal.o [1]
  .text              ro code   0x800'858c   0x1c0  stm32l4xx_hal_msp.o [1]
  .text              ro code   0x800'874c   0x480  nfcm1833tinz.o [1]
  .text              ro code   0x800'8bcc   0x230  I64DivMod.o [4]
  .text              ro code   0x800'8dfc    0x16  strchr.o [4]
  .text              ro code   0x800'8e14    0xa0  stm32l4xx_hal_crc_ex.o [1]
  .text              ro code   0x800'8eb4    0x14  memset.o [4]
  .text              ro code   0x800'8ec8     0x2  I64DivZer.o [4]
  .text              ro code   0x800'8eca   0x864  stm32l4xx_ll_usb.o [1]
  .text              ro code   0x800'9730   0x7d4  stm32l4xx_hal_pcd.o [1]
  .text              ro code   0x800'9f04   0x314  usbd_conf.o [1]
  .text              ro code   0x800'a218   0x31a  usbd_core.o [1]
  .text              ro code   0x800'a534   0x766  usbd_ctlreq.o [1]
  .text              ro code   0x800'ac9a    0x94  usbd_ioreq.o [1]
  .rodata            const     0x800'ad30   0x5f0  Fonts.o [1]
  .rodata            const     0x800'b320   0x474  Fonts.o [1]
  .rodata            const     0x800'b794   0x100  nfcm1833tinz.o [1]
  .rodata            const     0x800'b894   0x100  nfcm1833tinz.o [1]
  .rodata            const     0x800'b994    0x90  stm32l4xx_hal_cortex.o [1]
  .rodata            const     0x800'ba24    0x90  stm32l4xx_hal_crc_ex.o [1]
  .rodata            const     0x800'bab4    0x90  stm32l4xx_hal_i2c_ex.o [1]
  .rodata            const     0x800'bb44    0x90  stm32l4xx_hal_pwr_ex.o [1]
  .rodata            const     0x800'bbd4    0x90  stm32l4xx_hal_rcc_ex.o [1]
  .rodata            const     0x800'bc64    0x8c  stm32l4xx_hal_crc.o [1]
  .rodata            const     0x800'bcf0    0x8c  stm32l4xx_hal_gpio.o [1]
  .rodata            const     0x800'bd7c    0x8c  stm32l4xx_hal_i2c.o [1]
  .rodata            const     0x800'be08    0x8c  stm32l4xx_hal_rcc.o [1]
  .rodata            const     0x800'be94    0x8c  stm32l4xx_hal_spi.o [1]
  .rodata            const     0x800'bf20    0x8c  stm32l4xx_hal_uart.o [1]
  .rodata            const     0x800'bfac    0x64  main.o [1]
  .text              ro code   0x800'c010    0x60  system_stm32l4xx.o [1]
  .rodata            const     0x800'c070    0x58  nfcm1833tinz.o [1]
  .text              ro code   0x800'c0c8    0x36  stm32l4xx_it.o [1]
  .text              ro code   0x800'c100    0x18  stm32l4xx_hal.o [1]
  .rodata            const     0x800'c118    0x30  system_stm32l4xx.o [1]
  .text              ro code   0x800'c148    0x28  data_init.o [4]
  .text              ro code   0x800'c170    0x22  fpinit_M.o [3]
  .iar.init_table    const     0x800'c194    0x24  - Linker created -
  .rodata            const     0x800'c1b8    0x20  main.o [1]
  .rodata            const     0x800'c1d8    0x20  main.o [1]
  .text              ro code   0x800'c1f8    0x1e  cmain.o [4]
  .text              ro code   0x800'c216     0x4  low_level_init.o [2]
  .text              ro code   0x800'c21a     0x4  exit.o [2]
  .text              ro code   0x800'c220     0xa  cexit.o [4]
  .text              ro code   0x800'c22c    0x14  exit.o [5]
  .rodata            const     0x800'c240    0x14  main.o [1]
  .rodata            const     0x800'c254    0x10  main.o [1]
  .rodata            const     0x800'c264    0x10  main.o [1]
  .rodata            const     0x800'c274    0x10  system_stm32l4xx.o [1]
  .text              ro code   0x800'c284    0x10  startup_stm32l432xx.o [1]
  .rodata            const     0x800'c294     0xc  main.o [1]
  .rodata            const     0x800'c2a0     0xc  main.o [1]
  .rodata            const     0x800'c2ac     0xc  main.o [1]
  .rodata            const     0x800'c2b8     0xc  main.o [1]
  .rodata            const     0x800'c2c4     0xc  main.o [1]
  .text              ro code   0x800'c2d0     0xc  cstartup_M.o [4]
  Initializer bytes  const     0x800'c2dc     0xc  <for P2-1>
  .rodata            const     0x800'c2e8     0x8  main.o [1]
  .rodata            const     0x800'c2f0     0x8  main.o [1]
  .rodata            const     0x800'c2f8     0x8  main.o [1]
  .rodata            const     0x800'c300     0x8  main.o [1]
  .rodata            const     0x800'c308     0x8  main.o [1]
  .rodata            const     0x800'c310     0x8  nfcm1833tinz.o [1]
  .rodata            const     0x800'c318     0x8  system_stm32l4xx.o [1]
  .rodata            const     0x800'c320     0x4  nfcm1833tinz.o [1]
  .rodata            const     0x800'c324     0x4  nfcm1833tinz.o [1]
  .text              ro code   0x800'c328     0x4  startup_stm32l432xx.o [1]
  .text              ro code   0x800'c32c     0x4  startup_stm32l432xx.o [1]
  .text              ro code   0x800'c330     0x4  startup_stm32l432xx.o [1]
  .text              ro code   0x800'c334     0x4  startup_stm32l432xx.o [1]
  .text              ro code   0x800'c338     0x4  startup_stm32l432xx.o [1]
  .text              ro code   0x800'c33c     0x4  startup_stm32l432xx.o [1]
  .text              ro code   0x800'c340     0x4  startup_stm32l432xx.o [1]
  .text              ro code   0x800'c344     0x4  startup_stm32l432xx.o [1]
  .text              ro code   0x800'c348     0x4  startup_stm32l432xx.o [1]
  .text              ro code   0x800'c34c     0x4  startup_stm32l432xx.o [1]
  .text              ro code   0x800'c350     0x4  startup_stm32l432xx.o [1]
  .text              ro code   0x800'c354     0x4  startup_stm32l432xx.o [1]
  .text              ro code   0x800'c358     0x4  startup_stm32l432xx.o [1]
  .text              ro code   0x800'c35c     0x4  startup_stm32l432xx.o [1]
  .text              ro code   0x800'c360     0x4  startup_stm32l432xx.o [1]
  .text              ro code   0x800'c364     0x4  startup_stm32l432xx.o [1]
  .text              ro code   0x800'c368     0x4  startup_stm32l432xx.o [1]
  .text              ro code   0x800'c36c     0x4  startup_stm32l432xx.o [1]
  .text              ro code   0x800'c370     0x4  startup_stm32l432xx.o [1]
  .text              ro code   0x800'c374     0x4  startup_stm32l432xx.o [1]
  .text              ro code   0x800'c378     0x4  startup_stm32l432xx.o [1]
  .text              ro code   0x800'c37c     0x4  startup_stm32l432xx.o [1]
  .text              ro code   0x800'c380     0x4  startup_stm32l432xx.o [1]
  .text              ro code   0x800'c384     0x4  startup_stm32l432xx.o [1]
  .text              ro code   0x800'c388     0x4  startup_stm32l432xx.o [1]
  .text              ro code   0x800'c38c     0x4  startup_stm32l432xx.o [1]
  .text              ro code   0x800'c390     0x4  startup_stm32l432xx.o [1]
  .text              ro code   0x800'c394     0x4  startup_stm32l432xx.o [1]
  .text              ro code   0x800'c398     0x4  startup_stm32l432xx.o [1]
  .text              ro code   0x800'c39c     0x4  startup_stm32l432xx.o [1]
  .text              ro code   0x800'c3a0     0x4  startup_stm32l432xx.o [1]
  .text              ro code   0x800'c3a4     0x4  startup_stm32l432xx.o [1]
  .text              ro code   0x800'c3a8     0x4  startup_stm32l432xx.o [1]
  .text              ro code   0x800'c3ac     0x4  startup_stm32l432xx.o [1]
  .text              ro code   0x800'c3b0     0x4  startup_stm32l432xx.o [1]
  .text              ro code   0x800'c3b4     0x4  startup_stm32l432xx.o [1]
  .text              ro code   0x800'c3b8     0x4  startup_stm32l432xx.o [1]
  .text              ro code   0x800'c3bc     0x4  startup_stm32l432xx.o [1]
  .text              ro code   0x800'c3c0     0x4  startup_stm32l432xx.o [1]
  .text              ro code   0x800'c3c4     0x4  startup_stm32l432xx.o [1]
  .text              ro code   0x800'c3c8     0x4  startup_stm32l432xx.o [1]
  .text              ro code   0x800'c3cc     0x4  startup_stm32l432xx.o [1]
  .text              ro code   0x800'c3d0     0x4  startup_stm32l432xx.o [1]
  .text              ro code   0x800'c3d4     0x4  startup_stm32l432xx.o [1]
  .text              ro code   0x800'c3d8     0x4  startup_stm32l432xx.o [1]
  .text              ro code   0x800'c3dc     0x4  startup_stm32l432xx.o [1]
  .text              ro code   0x800'c3e0     0x4  startup_stm32l432xx.o [1]
  .text              ro code   0x800'c3e4     0x4  startup_stm32l432xx.o [1]
  .text              ro code   0x800'c3e8     0x4  startup_stm32l432xx.o [1]
  .text              ro code   0x800'c3ec     0x4  startup_stm32l432xx.o [1]
  .text              ro code   0x800'c3f0     0x4  startup_stm32l432xx.o [1]
  .text              ro code   0x800'c3f4     0x4  startup_stm32l432xx.o [1]
  .text              ro code   0x800'c3f8     0x4  startup_stm32l432xx.o [1]
  .text              ro code   0x800'c3fc     0x4  startup_stm32l432xx.o [1]
  .text              ro code   0x800'c400     0x4  startup_stm32l432xx.o [1]
  .text              ro code   0x800'c404     0x4  startup_stm32l432xx.o [1]
  .text              ro code   0x800'c408     0x4  startup_stm32l432xx.o [1]
  .text              ro code   0x800'c40c     0x4  startup_stm32l432xx.o [1]
  .rodata            const     0x800'c410     0x0  zero_init3.o [4]
  .rodata            const     0x800'c410     0x0  copy_init3.o [4]
                             - 0x800'c410  0xc284

"P2", part 1 of 3:                            0xc
  P2-1                        0x2000'0000     0xc  <Init block>
    .data            inited   0x2000'0000     0x4  stm32l4xx_hal.o [1]
    .data            inited   0x2000'0004     0x4  stm32l4xx_hal.o [1]
    .data            inited   0x2000'0008     0x4  system_stm32l4xx.o [1]
                            - 0x2000'000c     0xc

"P2", part 2 of 3:                          0x9f0
  .bss               zero     0x2000'000c   0x400  SSD1306.o [1]
  .bss               zero     0x2000'040c   0x274  usbd_conf.o [1]
  .bss               zero     0x2000'0680   0x1f4  main.o [1]
  .bss               zero     0x2000'0874    0x80  main.o [1]
  .bss               zero     0x2000'08f4    0x64  main.o [1]
  .bss               zero     0x2000'0958    0x4c  main.o [1]
  .bss               zero     0x2000'09a4    0x24  main.o [1]
  .bss               zero     0x2000'09c8    0x10  main.o [1]
  .bss               zero     0x2000'09d8    0x10  main.o [1]
  .bss               zero     0x2000'09e8     0x8  main.o [1]
  .bss               zero     0x2000'09f0     0x4  stm32l4xx_hal.o [1]
  .bss               zero     0x2000'09f4     0x2  main.o [1]
  .bss               zero     0x2000'09f6     0x1  main.o [1]
  .bss               zero     0x2000'09f7     0x1  main.o [1]
  .bss               zero     0x2000'09f8     0x1  usbd_ctlreq.o [1]
                            - 0x2000'09f9   0x9ed

"P2", part 3 of 3:                          0x400
  CSTACK                      0x2000'0a00   0x400  <Block>
    CSTACK           uninit   0x2000'0a00   0x400  <Block tail>
                            - 0x2000'0e00   0x400

Unused ranges:

         From           To      Size
         ----           --      ----
   0x800'c410   0x803'ffff  0x3'3bf0
  0x2000'09fc  0x2000'09ff       0x4
  0x2000'0e00  0x2000'ffff    0xf200


*******************************************************************************
*** INIT TABLE
***

          Address      Size
          -------      ----
Zero (__iar_zero_init3)
    1 destination range, total size 0x9ed:
          0x2000'000c  0x9ed

Copy (__iar_copy_init3)
    1 source range, total size 0xc:
           0x800'c2dc    0xc
    1 destination range, total size 0xc:
          0x2000'0000    0xc



*******************************************************************************
*** MODULE SUMMARY
***

    Module                  ro code  ro data  rw data
    ------                  -------  -------  -------
command line/config:
    -------------------------------------------------
    Total:

E:\Firmware\CodeTestL432KC\ReaderSimL432Oled\Firmware_L432KC\EWARM\NFC_L432KC\Obj: [1]
    Config.o                     16
    Fonts.o                           17'060
    SSD1306.o                 1'266             1'024
    bcdencode.o                 584
    main.o                    3'380      316      884
    nfcm1833_module.o            42
    nfcm1833tinz.o            1'152      619
    startup_stm32l432xx.o       644
    stm32l4xx_hal.o             208        8       12
    stm32l4xx_hal_cortex.o      412      144
    stm32l4xx_hal_crc.o         604      140
    stm32l4xx_hal_crc_ex.o      160      144
    stm32l4xx_hal_gpio.o        974      140
    stm32l4xx_hal_i2c.o       1'452      140
    stm32l4xx_hal_i2c_ex.o      292      144
    stm32l4xx_hal_msp.o         448
    stm32l4xx_hal_pcd.o       2'004
    stm32l4xx_hal_pwr_ex.o      176      144
    stm32l4xx_hal_rcc.o       3'156      140
    stm32l4xx_hal_rcc_ex.o    1'868      144
    stm32l4xx_hal_spi.o       1'798      140
    stm32l4xx_hal_uart.o      2'706      140
    stm32l4xx_it.o               54
    stm32l4xx_ll_usb.o        2'148
    system_stm32l4xx.o           96       76        4
    usbd_conf.o                 788               628
    usbd_core.o                 794
    usbd_ctlreq.o             1'894                 1
    usbd_ioreq.o                148
    -------------------------------------------------
    Total:                   29'264   19'639    2'553

dl7M_tlf.a: [2]
    exit.o                        4
    low_level_init.o              4
    strstr.o                     44
    -------------------------------------------------
    Total:                       52

m7M_tls.a: [3]
    fpinit_M.o                   34
    -------------------------------------------------
    Total:                       34

rt7M_tl.a: [4]
    ABImemcpy.o                 166
    ABImemset.o                 102
    I64DivMod.o                 560
    I64DivZer.o                   2
    cexit.o                      10
    cmain.o                      30
    copy_init3.o                 46
    cstartup_M.o                 12
    data_init.o                  40
    memset.o                     20
    strchr.o                     22
    strlen.o                     54
    zero_init3.o                 58
    -------------------------------------------------
    Total:                    1'122

shb_l.a: [5]
    exit.o                       20
    -------------------------------------------------
    Total:                       20

    Gaps                         21        4
    Linker created                        36    1'024
-----------------------------------------------------
    Grand Total:             30'513   19'679    3'577


*******************************************************************************
*** ENTRY LIST
***

Entry                       Address    Size  Type      Object
-----                       -------    ----  ----      ------
.iar.init_table$$Base    0x800'c194           --   Gb  - Linker created -
.iar.init_table$$Limit   0x800'c1b8           --   Gb  - Linker created -
?main                    0x800'c1f9          Code  Gb  cmain.o [4]
AHBPrescTable            0x800'c274    0x10  Data  Gb  system_stm32l4xx.o [1]
APBPrescTable            0x800'c318     0x8  Data  Gb  system_stm32l4xx.o [1]
BusFault_Handler         0x800'c0d5     0x2  Code  Gb  stm32l4xx_it.o [1]
CRC_Handle_16            0x800'7581    0x38  Code  Lc  stm32l4xx_hal_crc.o [1]
CRC_Handle_8             0x800'74e9    0x98  Code  Lc  stm32l4xx_hal_crc.o [1]
CSTACK$$Base            0x2000'0a00           --   Gb  - Linker created -
CSTACK$$Limit           0x2000'0e00           --   Gb  - Linker created -
ConekLogo                0x800'018c  0x3840  Data  Gb  Fonts.o [1]
DWT_Delay_Init           0x800'4789    0x44  Code  Gb  SSD1306.o [1]
DWT_Delay_us             0x800'47cd    0x28  Code  Gb  SSD1306.o [1]
DebugMon_Handler         0x800'c0db     0x2  Code  Gb  stm32l4xx_it.o [1]
EXTI0_IRQHandler         0x800'c0f5     0xa  Code  Gb  stm32l4xx_it.o [1]
Error_Handler            0x800'46fd     0x2  Code  Gb  main.o [1]
HAL_CRCEx_Polynomial_Set
                         0x800'8e15    0x9c  Code  Gb  stm32l4xx_hal_crc_ex.o [1]
HAL_CRC_Calculate        0x800'7479    0x70  Code  Gb  stm32l4xx_hal_crc.o [1]
HAL_CRC_Init             0x800'735d   0x110  Code  Gb  stm32l4xx_hal_crc.o [1]
HAL_CRC_MspInit          0x800'85bb    0x22  Code  Gb  stm32l4xx_hal_msp.o [1]
HAL_Delay                0x800'4cb9    0x28  Code  Wk  stm32l4xx_hal.o [1]
HAL_GPIO_EXTI_IRQHandler
                         0x800'5339    0x20  Code  Gb  stm32l4xx_hal_gpio.o [1]
HAL_GPIO_Init            0x800'4fd1   0x2f0  Code  Gb  stm32l4xx_hal_gpio.o [1]
HAL_GPIO_ReadPin         0x800'52c1    0x2c  Code  Gb  stm32l4xx_hal_gpio.o [1]
HAL_GPIO_WritePin        0x800'52ed    0x4c  Code  Gb  stm32l4xx_hal_gpio.o [1]
HAL_GetTick              0x800'5e6d     0xc  Code  Wk  stm32l4xx_hal.o [1]
HAL_I2CEx_ConfigAnalogFilter
                         0x800'7b65    0x92  Code  Gb  stm32l4xx_hal_i2c_ex.o [1]
HAL_I2CEx_ConfigDigitalFilter
                         0x800'7bf7    0x86  Code  Gb  stm32l4xx_hal_i2c_ex.o [1]
HAL_I2C_Init             0x800'75b9   0x1b6  Code  Gb  stm32l4xx_hal_i2c.o [1]
HAL_I2C_Master_Transmit
                         0x800'776f   0x17e  Code  Gb  stm32l4xx_hal_i2c.o [1]
HAL_I2C_MspInit          0x800'85dd    0x60  Code  Gb  stm32l4xx_hal_msp.o [1]
HAL_IncTick              0x800'c101    0x18  Code  Wk  stm32l4xx_hal.o [1]
HAL_Init                 0x800'4701    0x24  Code  Gb  stm32l4xx_hal.o [1]
HAL_InitTick             0x800'852d    0x60  Code  Wk  stm32l4xx_hal.o [1]
HAL_MspInit              0x800'858d    0x2e  Code  Gb  stm32l4xx_hal_msp.o [1]
HAL_NVIC_SetPriority     0x800'84ad    0x46  Code  Gb  stm32l4xx_hal_cortex.o [1]
HAL_NVIC_SetPriorityGrouping
                         0x800'8483    0x2a  Code  Gb  stm32l4xx_hal_cortex.o [1]
HAL_NVIC_SystemReset     0x800'84f3     0x8  Code  Gb  stm32l4xx_hal_cortex.o [1]
HAL_PCDEx_LPM_Callback   0x800'a1bf    0x4c  Code  Gb  usbd_conf.o [1]
HAL_PCD_DataInStageCallback
                         0x800'9f37    0x1e  Code  Gb  usbd_conf.o [1]
HAL_PCD_DataOutStageCallback
                         0x800'9f17    0x20  Code  Gb  usbd_conf.o [1]
HAL_PCD_EP_ClrStall      0x800'9af7    0x78  Code  Gb  stm32l4xx_hal_pcd.o [1]
HAL_PCD_EP_Open          0x800'9929    0x9e  Code  Gb  stm32l4xx_hal_pcd.o [1]
HAL_PCD_EP_Receive       0x800'99c7    0x56  Code  Gb  stm32l4xx_hal_pcd.o [1]
HAL_PCD_EP_SetStall      0x800'9a73    0x84  Code  Gb  stm32l4xx_hal_pcd.o [1]
HAL_PCD_EP_Transmit      0x800'9a1d    0x56  Code  Gb  stm32l4xx_hal_pcd.o [1]
HAL_PCD_IRQHandler       0x800'9731   0x1c8  Code  Gb  stm32l4xx_hal_pcd.o [1]
HAL_PCD_ResetCallback    0x800'9f63    0x26  Code  Gb  usbd_conf.o [1]
HAL_PCD_ResumeCallback   0x800'9fa9    0x24  Code  Gb  usbd_conf.o [1]
HAL_PCD_SOFCallback      0x800'9f55     0xe  Code  Gb  usbd_conf.o [1]
HAL_PCD_SetAddress       0x800'98f9    0x30  Code  Gb  stm32l4xx_hal_pcd.o [1]
HAL_PCD_SetupStageCallback
                         0x800'9f05    0x12  Code  Gb  usbd_conf.o [1]
HAL_PCD_SuspendCallback
                         0x800'9f89    0x20  Code  Gb  usbd_conf.o [1]
HAL_PWREx_ControlVoltageScaling
                         0x800'72b9    0x8e  Code  Gb  stm32l4xx_hal_pwr_ex.o [1]
HAL_PWREx_GetVoltageRange
                         0x800'72ad     0xc  Code  Gb  stm32l4xx_hal_pwr_ex.o [1]
HAL_RCCEx_PeriphCLKConfig
                         0x800'6b61   0x4d2  Code  Gb  stm32l4xx_hal_rcc_ex.o [1]
HAL_RCC_ClockConfig      0x800'6723   0x23c  Code  Gb  stm32l4xx_hal_rcc.o [1]
HAL_RCC_GetHCLKFreq      0x800'6a53     0x6  Code  Gb  stm32l4xx_hal_rcc.o [1]
HAL_RCC_GetPCLK1Freq     0x800'6a59    0x1a  Code  Gb  stm32l4xx_hal_rcc.o [1]
HAL_RCC_GetPCLK2Freq     0x800'6a73    0x1a  Code  Gb  stm32l4xx_hal_rcc.o [1]
HAL_RCC_GetSysClockFreq
                         0x800'697d    0xd6  Code  Gb  stm32l4xx_hal_rcc.o [1]
HAL_RCC_OscConfig        0x800'5f0d   0x816  Code  Gb  stm32l4xx_hal_rcc.o [1]
HAL_SPI_Init             0x800'7c89   0x26c  Code  Gb  stm32l4xx_hal_spi.o [1]
HAL_SPI_MspInit          0x800'863d    0x88  Code  Gb  stm32l4xx_hal_msp.o [1]
HAL_SPI_TransmitReceive
                         0x800'7ef5   0x2e0  Code  Gb  stm32l4xx_hal_spi.o [1]
HAL_SYSTICK_Config       0x800'84fb     0xc  Code  Gb  stm32l4xx_hal_cortex.o [1]
HAL_UART_Init            0x800'53a1    0xd0  Code  Gb  stm32l4xx_hal_uart.o [1]
HAL_UART_MspInit         0x800'86c5    0x64  Code  Gb  stm32l4xx_hal_msp.o [1]
HAL_UART_Receive         0x800'554b   0x146  Code  Gb  stm32l4xx_hal_uart.o [1]
HAL_UART_Transmit        0x800'5471    0xda  Code  Gb  stm32l4xx_hal_uart.o [1]
HardFault_Handler        0x800'c0cb     0x8  Code  Gb  stm32l4xx_it.o [1]
I2C_Flush_TXDR           0x800'7901    0x24  Code  Lc  stm32l4xx_hal_i2c.o [1]
I2C_IsAcknowledgeFailed
                         0x800'7a2d    0x8a  Code  Lc  stm32l4xx_hal_i2c.o [1]
I2C_TransferConfig       0x800'7ab7    0x8c  Code  Lc  stm32l4xx_hal_i2c.o [1]
I2C_WaitOnFlagUntilTimeout
                         0x800'7925    0x5e  Code  Lc  stm32l4xx_hal_i2c.o [1]
I2C_WaitOnSTOPFlagUntilTimeout
                         0x800'79db    0x52  Code  Lc  stm32l4xx_hal_i2c.o [1]
I2C_WaitOnTXISFlagUntilTimeout
                         0x800'7983    0x58  Code  Lc  stm32l4xx_hal_i2c.o [1]
MSIRangeTable            0x800'c118    0x30  Data  Gb  system_stm32l4xx.o [1]
MX_CRC_Init              0x800'44c1    0x3a  Code  Lc  main.o [1]
MX_GPIO_Init             0x800'45a9    0x8a  Code  Lc  main.o [1]
MX_I2C1_Init             0x800'44fb    0x58  Code  Lc  main.o [1]
MX_SPI1_Init             0x800'4559    0x50  Code  Lc  main.o [1]
MX_USART1_UART_Init      0x800'4633    0x3c  Code  Lc  main.o [1]
MemManage_Handler        0x800'c0d3     0x2  Code  Gb  stm32l4xx_it.o [1]
NMI_Handler              0x800'c0c9     0x2  Code  Gb  stm32l4xx_it.o [1]
NVIC_EncodePriority      0x800'83ef    0x40  Code  Lc  stm32l4xx_hal_cortex.o [1]
OLED_init                0x800'4c7b     0x8  Code  Gb  Config.o [1]
PCD_EP_ISR_Handler       0x800'9b6f   0x396  Code  Lc  stm32l4xx_hal_pcd.o [1]
PendSV_Handler           0x800'c0dd     0x2  Code  Gb  stm32l4xx_it.o [1]
RCCEx_PLLSAI1_Config     0x800'7051   0x236  Code  Lc  stm32l4xx_hal_rcc_ex.o [1]
RCC_SetFlashLatencyFromMSIRange
                         0x800'6a99    0x8a  Code  Lc  stm32l4xx_hal_rcc.o [1]
Region$$Table$$Base      0x800'c194           --   Gb  - Linker created -
Region$$Table$$Limit     0x800'c1b8           --   Gb  - Linker created -
SPI_EndRxTxTransaction   0x800'8325    0x6a  Code  Lc  stm32l4xx_hal_spi.o [1]
SPI_WaitFifoStateUntilTimeout
                         0x800'8281    0xa4  Code  Lc  stm32l4xx_hal_spi.o [1]
SPI_WaitFlagStateUntilTimeout
                         0x800'81e1    0xa0  Code  Lc  stm32l4xx_hal_spi.o [1]
SVC_Handler              0x800'c0d9     0x2  Code  Gb  stm32l4xx_it.o [1]
Sim_Response             0x800'4341    0xc0  Code  Gb  main.o [1]
Sim_Rxdata              0x2000'09f4     0x2  Data  Gb  main.o [1]
Sim_response            0x2000'0680   0x1f4  Data  Gb  main.o [1]
Sim_sendCommand          0x800'424f    0xe6  Code  Gb  main.o [1]
So_Tien_Pay             0x2000'09d8    0x10  Data  Gb  main.o [1]
SysTick_Config           0x800'844d    0x36  Code  Lc  stm32l4xx_hal_cortex.o [1]
SysTick_Handler          0x800'c0df     0x8  Code  Gb  stm32l4xx_it.o [1]
SystemClockConfig_Resume
                         0x800'a211     0x8  Code  Lc  usbd_conf.o [1]
SystemClock_Config       0x800'4401    0xc0  Code  Gb  main.o [1]
SystemCoreClock         0x2000'0008     0x4  Data  Gb  system_stm32l4xx.o [1]
SystemInit               0x800'c011    0x42  Code  Gb  system_stm32l4xx.o [1]
UART_AdvFeatureConfig    0x800'5b43   0x1f2  Code  Gb  stm32l4xx_hal_uart.o [1]
UART_CheckIdleState      0x800'5d61    0x68  Code  Gb  stm32l4xx_hal_uart.o [1]
UART_SetConfig           0x800'56a1   0x4a2  Code  Gb  stm32l4xx_hal_uart.o [1]
UART_WaitOnFlagUntilTimeout
                         0x800'5dc9    0x6a  Code  Gb  stm32l4xx_hal_uart.o [1]
USBD_ClrClassConfig      0x800'a24b    0x18  Code  Gb  usbd_core.o [1]
USBD_ClrFeature          0x800'ac2d    0x2e  Code  Lc  usbd_ctlreq.o [1]
USBD_CtlContinueRx       0x800'ace1    0x1a  Code  Gb  usbd_ioreq.o [1]
USBD_CtlContinueSendData
                         0x800'acc7    0x1a  Code  Gb  usbd_ioreq.o [1]
USBD_CtlError            0x800'ac83    0x18  Code  Gb  usbd_ctlreq.o [1]
USBD_CtlReceiveStatus    0x800'ad15    0x1a  Code  Gb  usbd_ioreq.o [1]
USBD_CtlSendData         0x800'ac9b    0x2c  Code  Gb  usbd_ioreq.o [1]
USBD_CtlSendStatus       0x800'acfb    0x1a  Code  Gb  usbd_ioreq.o [1]
USBD_GetConfig           0x800'ab79    0x4e  Code  Lc  usbd_ctlreq.o [1]
USBD_GetDescriptor       0x800'a8c5   0x178  Code  Lc  usbd_ctlreq.o [1]
USBD_GetStatus           0x800'abc7    0x4c  Code  Lc  usbd_ctlreq.o [1]
USBD_LL_ClearStallEP     0x800'a065    0x42  Code  Gb  usbd_conf.o [1]
USBD_LL_DataInStage      0x800'a379   0x10c  Code  Gb  usbd_core.o [1]
USBD_LL_DataOutStage     0x800'a2cb    0xae  Code  Gb  usbd_core.o [1]
USBD_LL_IsStallEP        0x800'a0a7    0x2e  Code  Gb  usbd_conf.o [1]
USBD_LL_OpenEP           0x800'9fcd    0x56  Code  Gb  usbd_conf.o [1]
USBD_LL_PrepareReceive   0x800'a16b    0x54  Code  Gb  usbd_conf.o [1]
USBD_LL_Reset            0x800'a485    0x60  Code  Gb  usbd_core.o [1]
USBD_LL_Resume           0x800'a501     0xe  Code  Gb  usbd_core.o [1]
USBD_LL_SOF              0x800'a50f    0x24  Code  Gb  usbd_core.o [1]
USBD_LL_SetSpeed         0x800'a4e5     0x8  Code  Gb  usbd_core.o [1]
USBD_LL_SetUSBAddress    0x800'a0d5    0x42  Code  Gb  usbd_conf.o [1]
USBD_LL_SetupStage       0x800'a263    0x68  Code  Gb  usbd_core.o [1]
USBD_LL_StallEP          0x800'a023    0x42  Code  Gb  usbd_conf.o [1]
USBD_LL_Suspend          0x800'a4ed    0x14  Code  Gb  usbd_core.o [1]
USBD_LL_Transmit         0x800'a117    0x54  Code  Gb  usbd_conf.o [1]
USBD_ParseSetupRequest   0x800'ac5b    0x28  Code  Gb  usbd_ctlreq.o [1]
USBD_RunTestMode         0x800'a219     0x6  Code  Gb  usbd_core.o [1]
USBD_SetAddress          0x800'aa3d    0x68  Code  Lc  usbd_ctlreq.o [1]
USBD_SetClassConfig      0x800'a21f    0x2c  Code  Gb  usbd_core.o [1]
USBD_SetConfig           0x800'aaa5    0xce  Code  Lc  usbd_ctlreq.o [1]
USBD_SetConfig::cfgidx  0x2000'09f8     0x1  Data  Lc  usbd_ctlreq.o [1]
USBD_SetFeature          0x800'ac13    0x1a  Code  Lc  usbd_ctlreq.o [1]
USBD_StdDevReq           0x800'a535    0xa6  Code  Gb  usbd_ctlreq.o [1]
USBD_StdEPReq            0x800'a649   0x27c  Code  Gb  usbd_ctlreq.o [1]
USBD_StdItfReq           0x800'a5db    0x6e  Code  Gb  usbd_ctlreq.o [1]
USB_ActivateEndpoint     0x800'8ecb   0x368  Code  Gb  stm32l4xx_ll_usb.o [1]
USB_EP0_OutStart         0x800'9681     0x6  Code  Gb  stm32l4xx_ll_usb.o [1]
USB_EPClearStall         0x800'95b7    0xae  Code  Gb  stm32l4xx_ll_usb.o [1]
USB_EPSetStall           0x800'956d    0x4a  Code  Gb  stm32l4xx_ll_usb.o [1]
USB_EPStartXfer          0x800'9233   0x33a  Code  Gb  stm32l4xx_ll_usb.o [1]
USB_IRQHandler           0x800'c0e7     0xa  Code  Gb  stm32l4xx_it.o [1]
USB_ReadInterrupts       0x800'9679     0x8  Code  Gb  stm32l4xx_ll_usb.o [1]
USB_ReadPMA              0x800'96d9    0x56  Code  Gb  stm32l4xx_ll_usb.o [1]
USB_SetDevAddress        0x800'9665    0x14  Code  Gb  stm32l4xx_ll_usb.o [1]
USB_WritePMA             0x800'9687    0x52  Code  Gb  stm32l4xx_ll_usb.o [1]
UsageFault_Handler       0x800'c0d7     0x2  Code  Gb  stm32l4xx_it.o [1]
WakeUp_CR95HF            0x800'4747     0x8  Code  Gb  nfcm1833_module.o [1]
WakeUp_TinZ              0x800'8b5d    0x70  Code  Gb  nfcm1833tinz.o [1]
__NVIC_GetPriorityGrouping
                         0x800'83b3     0xc  Code  Lc  stm32l4xx_hal_cortex.o [1]
__NVIC_SetPriority       0x800'83bf    0x30  Code  Lc  stm32l4xx_hal_cortex.o [1]
__NVIC_SetPriorityGrouping
                         0x800'8391    0x22  Code  Lc  stm32l4xx_hal_cortex.o [1]
__NVIC_SystemReset       0x800'842f    0x1e  Code  Lc  stm32l4xx_hal_cortex.o [1]
__aeabi_ldiv0            0x800'8ec9          Code  Gb  I64DivZer.o [4]
__aeabi_memcpy           0x800'4ce1          Code  Gb  ABImemcpy.o [4]
__aeabi_memcpy4          0x800'4d01          Code  Gb  ABImemcpy.o [4]
__aeabi_memcpy8          0x800'4d01          Code  Gb  ABImemcpy.o [4]
__aeabi_memset           0x800'5ea5          Code  Gb  ABImemset.o [4]
__aeabi_uldivmod         0x800'8bcd          Code  Gb  I64DivMod.o [4]
__cmain                  0x800'c1f9          Code  Gb  cmain.o [4]
__exit                   0x800'c22d    0x14  Code  Gb  exit.o [5]
__iar_Memset             0x800'5ea5          Code  Gb  ABImemset.o [4]
__iar_Memset_word        0x800'5ead          Code  Gb  ABImemset.o [4]
__iar_Strchr             0x800'8dfd          Code  Gb  strchr.o [4]
__iar_copy_init3         0x800'4c8b    0x2e  Code  Gb  copy_init3.o [4]
__iar_data_init3         0x800'c149    0x28  Code  Gb  data_init.o [4]
__iar_init_vfp           0x800'c171          Code  Gb  fpinit_M.o [3]
__iar_program_start      0x800'c2d1          Code  Gb  cstartup_M.o [4]
__iar_zero_init3         0x800'474f    0x3a  Code  Gb  zero_init3.o [4]
__low_level_init         0x800'c217     0x4  Code  Gb  low_level_init.o [2]
__vector_table           0x800'0000          Data  Gb  startup_stm32l432xx.o [1]
_call_main               0x800'c205          Code  Gb  cmain.o [4]
_exit                    0x800'c221          Code  Gb  cexit.o [4]
_main                    0x800'c213          Code  Gb  cmain.o [4]
assert_failed            0x800'46ff     0x2  Code  Gb  main.o [1]
c_chFont1206             0x800'b320   0x474  Data  Gb  Fonts.o [1]
c_chFont1608             0x800'ad30   0x5f0  Data  Gb  Fonts.o [1]
crcx25                   0x800'8b11    0x1e  Code  Lc  nfcm1833tinz.o [1]
deleteBuffer             0x800'4235    0x1a  Code  Gb  main.o [1]
display                  0x800'4217    0x1e  Code  Gb  main.o [1]
driver_init              0x800'4c83     0x8  Code  Lc  Config.o [1]
encode4byte              0x800'4d87    0xf0  Code  Gb  bcdencode.o [1]
encode8byte_little_edian
                         0x800'4e77   0x158  Code  Gb  bcdencode.o [1]
exit                     0x800'c21b     0x4  Code  Gb  exit.o [2]
getDeviceID              0x800'473b     0xc  Code  Gb  nfcm1833_module.o [1]
getDeviceID_spi          0x800'8acf    0x42  Code  Gb  nfcm1833tinz.o [1]
hcrc                    0x2000'09a4    0x24  Data  Gb  main.o [1]
hi2c1                   0x2000'0958    0x4c  Data  Gb  main.o [1]
hpcd_USB_FS             0x2000'040c   0x274  Data  Gb  usbd_conf.o [1]
huart1                  0x2000'0874    0x80  Data  Gb  main.o [1]
idTag                   0x2000'09e8     0x8  Data  Gb  main.o [1]
idTagBCD                0x2000'09c8    0x10  Data  Gb  main.o [1]
main                     0x800'39cd   0x84a  Code  Gb  main.o [1]
memset                   0x800'8eb5    0x14  Code  Gb  memset.o [4]
permissReadTag          0x2000'09f6     0x1  Data  Gb  main.o [1]
ping_module              0x800'4733     0x8  Code  Gb  nfcm1833_module.o [1]
ping_module_spi          0x800'88e9    0x4e  Code  Gb  nfcm1833tinz.o [1]
s_chDispalyBuffer       0x2000'000c   0x400  Data  Lc  SSD1306.o [1]
select_tag_type          0x800'4725     0xe  Code  Gb  nfcm1833_module.o [1]
select_tag_type_spi      0x800'89e7    0x22  Code  Gb  nfcm1833tinz.o [1]
select_tag_type_spi_tag_type_4a
                         0x800'898f    0x58  Code  Lc  nfcm1833tinz.o [1]
select_tag_type_spi_tag_type_5
                         0x800'8937    0x58  Code  Lc  nfcm1833tinz.o [1]
sendrecv_spi             0x800'8a09    0xc6  Code  Gb  nfcm1833tinz.o [1]
spi_polling_data_cr95hf
                         0x800'87d5    0x84  Code  Lc  nfcm1833tinz.o [1]
spi_recv_data_from_cr95hf
                         0x800'8859    0x90  Code  Lc  nfcm1833tinz.o [1]
spi_send_data_to_cr95hf
                         0x800'874d    0x88  Code  Lc  nfcm1833tinz.o [1]
spi_to_nfcm1833tinz     0x2000'08f4    0x64  Data  Gb  main.o [1]
ssd1306_clear_screen     0x800'4885    0x56  Code  Gb  SSD1306.o [1]
ssd1306_display_char     0x800'497d    0xf8  Code  Gb  SSD1306.o [1]
ssd1306_display_string   0x800'4a75    0x72  Code  Gb  SSD1306.o [1]
ssd1306_draw_bitmap      0x800'4b09    0x88  Code  Gb  SSD1306.o [1]
ssd1306_draw_point       0x800'48db    0xa2  Code  Gb  SSD1306.o [1]
ssd1306_init             0x800'4b91    0xea  Code  Gb  SSD1306.o [1]
ssd1306_refresh_gram     0x800'482f    0x56  Code  Gb  SSD1306.o [1]
ssd1306_write_byte       0x800'47f5    0x3a  Code  Lc  SSD1306.o [1]
strchr                   0x800'8dfd          Code  Gb  strchr.o [4]
strlen                   0x800'5e35          Code  Gb  strlen.o [4]
strstr                   0x800'5e79    0x2c  Code  Gb  strstr.o [2]
uwTick                  0x2000'09f0     0x4  Data  Gb  stm32l4xx_hal.o [1]
uwTickFreq              0x2000'0004     0x4  Data  Gb  stm32l4xx_hal.o [1]
uwTickPrio              0x2000'0000     0x4  Data  Gb  stm32l4xx_hal.o [1]
viTriTien               0x2000'09f7     0x1  Data  Gb  main.o [1]


[1] = E:\Firmware\CodeTestL432KC\ReaderSimL432Oled\Firmware_L432KC\EWARM\NFC_L432KC\Obj
[2] = dl7M_tlf.a
[3] = m7M_tls.a
[4] = rt7M_tl.a
[5] = shb_l.a

  30'513 bytes of readonly  code memory
  19'679 bytes of readonly  data memory
   3'577 bytes of readwrite data memory

Errors: none
Warnings: none
