###############################################################################
#
# IAR ELF Linker V8.40.1.212/W32 for ARM                  01/Jul/2020  09:54:38
# Copyright 2007-2019 IAR Systems AB.
#
#    Output file  =
#        E:\Firmware\CodeTestL432KC\ReaderSimL432Oled\Firmware_L432KC\EWARM\NFC_L432KC\Exe\NFC_L432KC.out
#    Map file     =
#        E:\Firmware\CodeTestL432KC\ReaderSimL432Oled\Firmware_L432KC\EWARM\NFC_L432KC\List\NFC_L432KC.map
#    Command line =
#        -f C:\Users\ANNGUY~1\AppData\Local\Temp\EWB89D.tmp
#        (E:\Firmware\CodeTestL432KC\ReaderSimL432Oled\Firmware_L432KC\EWARM\NFC_L432KC\Obj\bcdencode.o
#        E:\Firmware\CodeTestL432KC\ReaderSimL432Oled\Firmware_L432KC\EWARM\NFC_L432KC\Obj\Config.o
#        E:\Firmware\CodeTestL432KC\ReaderSimL432Oled\Firmware_L432KC\EWARM\NFC_L432KC\Obj\Fonts.o
#        E:\Firmware\CodeTestL432KC\ReaderSimL432Oled\Firmware_L432KC\EWARM\NFC_L432KC\Obj\i2c-lcd.o
#        E:\Firmware\CodeTestL432KC\ReaderSimL432Oled\Firmware_L432KC\EWARM\NFC_L432KC\Obj\main.o
#        E:\Firmware\CodeTestL432KC\ReaderSimL432Oled\Firmware_L432KC\EWARM\NFC_L432KC\Obj\ndef.o
#        E:\Firmware\CodeTestL432KC\ReaderSimL432Oled\Firmware_L432KC\EWARM\NFC_L432KC\Obj\nfcm1833_module.o
#        E:\Firmware\CodeTestL432KC\ReaderSimL432Oled\Firmware_L432KC\EWARM\NFC_L432KC\Obj\nfcm1833tiny.o
#        E:\Firmware\CodeTestL432KC\ReaderSimL432Oled\Firmware_L432KC\EWARM\NFC_L432KC\Obj\nfcm1833tinz.o
#        E:\Firmware\CodeTestL432KC\ReaderSimL432Oled\Firmware_L432KC\EWARM\NFC_L432KC\Obj\SSD1306.o
#        E:\Firmware\CodeTestL432KC\ReaderSimL432Oled\Firmware_L432KC\EWARM\NFC_L432KC\Obj\startup_stm32l432xx.o
#        E:\Firmware\CodeTestL432KC\ReaderSimL432Oled\Firmware_L432KC\EWARM\NFC_L432KC\Obj\stm32l4xx_hal.o
#        E:\Firmware\CodeTestL432KC\ReaderSimL432Oled\Firmware_L432KC\EWARM\NFC_L432KC\Obj\stm32l4xx_hal_cortex.o
#        E:\Firmware\CodeTestL432KC\ReaderSimL432Oled\Firmware_L432KC\EWARM\NFC_L432KC\Obj\stm32l4xx_hal_crc.o
#        E:\Firmware\CodeTestL432KC\ReaderSimL432Oled\Firmware_L432KC\EWARM\NFC_L432KC\Obj\stm32l4xx_hal_crc_ex.o
#        E:\Firmware\CodeTestL432KC\ReaderSimL432Oled\Firmware_L432KC\EWARM\NFC_L432KC\Obj\stm32l4xx_hal_dma.o
#        E:\Firmware\CodeTestL432KC\ReaderSimL432Oled\Firmware_L432KC\EWARM\NFC_L432KC\Obj\stm32l4xx_hal_dma_ex.o
#        E:\Firmware\CodeTestL432KC\ReaderSimL432Oled\Firmware_L432KC\EWARM\NFC_L432KC\Obj\stm32l4xx_hal_exti.o
#        E:\Firmware\CodeTestL432KC\ReaderSimL432Oled\Firmware_L432KC\EWARM\NFC_L432KC\Obj\stm32l4xx_hal_flash.o
#        E:\Firmware\CodeTestL432KC\ReaderSimL432Oled\Firmware_L432KC\EWARM\NFC_L432KC\Obj\stm32l4xx_hal_flash_ex.o
#        E:\Firmware\CodeTestL432KC\ReaderSimL432Oled\Firmware_L432KC\EWARM\NFC_L432KC\Obj\stm32l4xx_hal_flash_ramfunc.o
#        E:\Firmware\CodeTestL432KC\ReaderSimL432Oled\Firmware_L432KC\EWARM\NFC_L432KC\Obj\stm32l4xx_hal_gpio.o
#        E:\Firmware\CodeTestL432KC\ReaderSimL432Oled\Firmware_L432KC\EWARM\NFC_L432KC\Obj\stm32l4xx_hal_i2c.o
#        E:\Firmware\CodeTestL432KC\ReaderSimL432Oled\Firmware_L432KC\EWARM\NFC_L432KC\Obj\stm32l4xx_hal_i2c_ex.o
#        E:\Firmware\CodeTestL432KC\ReaderSimL432Oled\Firmware_L432KC\EWARM\NFC_L432KC\Obj\stm32l4xx_hal_msp.o
#        E:\Firmware\CodeTestL432KC\ReaderSimL432Oled\Firmware_L432KC\EWARM\NFC_L432KC\Obj\stm32l4xx_hal_pcd.o
#        E:\Firmware\CodeTestL432KC\ReaderSimL432Oled\Firmware_L432KC\EWARM\NFC_L432KC\Obj\stm32l4xx_hal_pcd_ex.o
#        E:\Firmware\CodeTestL432KC\ReaderSimL432Oled\Firmware_L432KC\EWARM\NFC_L432KC\Obj\stm32l4xx_hal_pwr.o
#        E:\Firmware\CodeTestL432KC\ReaderSimL432Oled\Firmware_L432KC\EWARM\NFC_L432KC\Obj\stm32l4xx_hal_pwr_ex.o
#        E:\Firmware\CodeTestL432KC\ReaderSimL432Oled\Firmware_L432KC\EWARM\NFC_L432KC\Obj\stm32l4xx_hal_rcc.o
#        E:\Firmware\CodeTestL432KC\ReaderSimL432Oled\Firmware_L432KC\EWARM\NFC_L432KC\Obj\stm32l4xx_hal_rcc_ex.o
#        E:\Firmware\CodeTestL432KC\ReaderSimL432Oled\Firmware_L432KC\EWARM\NFC_L432KC\Obj\stm32l4xx_hal_spi.o
#        E:\Firmware\CodeTestL432KC\ReaderSimL432Oled\Firmware_L432KC\EWARM\NFC_L432KC\Obj\stm32l4xx_hal_spi_ex.o
#        E:\Firmware\CodeTestL432KC\ReaderSimL432Oled\Firmware_L432KC\EWARM\NFC_L432KC\Obj\stm32l4xx_hal_tim.o
#        E:\Firmware\CodeTestL432KC\ReaderSimL432Oled\Firmware_L432KC\EWARM\NFC_L432KC\Obj\stm32l4xx_hal_tim_ex.o
#        E:\Firmware\CodeTestL432KC\ReaderSimL432Oled\Firmware_L432KC\EWARM\NFC_L432KC\Obj\stm32l4xx_hal_uart.o
#        E:\Firmware\CodeTestL432KC\ReaderSimL432Oled\Firmware_L432KC\EWARM\NFC_L432KC\Obj\stm32l4xx_hal_uart_ex.o
#        E:\Firmware\CodeTestL432KC\ReaderSimL432Oled\Firmware_L432KC\EWARM\NFC_L432KC\Obj\stm32l4xx_it.o
#        E:\Firmware\CodeTestL432KC\ReaderSimL432Oled\Firmware_L432KC\EWARM\NFC_L432KC\Obj\stm32l4xx_ll_usb.o
#        E:\Firmware\CodeTestL432KC\ReaderSimL432Oled\Firmware_L432KC\EWARM\NFC_L432KC\Obj\system_stm32l4xx.o
#        E:\Firmware\CodeTestL432KC\ReaderSimL432Oled\Firmware_L432KC\EWARM\NFC_L432KC\Obj\usbd_cdc.o
#        E:\Firmware\CodeTestL432KC\ReaderSimL432Oled\Firmware_L432KC\EWARM\NFC_L432KC\Obj\usbd_cdc_vcp.o
#        E:\Firmware\CodeTestL432KC\ReaderSimL432Oled\Firmware_L432KC\EWARM\NFC_L432KC\Obj\usbd_conf.o
#        E:\Firmware\CodeTestL432KC\ReaderSimL432Oled\Firmware_L432KC\EWARM\NFC_L432KC\Obj\usbd_core.o
#        E:\Firmware\CodeTestL432KC\ReaderSimL432Oled\Firmware_L432KC\EWARM\NFC_L432KC\Obj\usbd_ctlreq.o
#        E:\Firmware\CodeTestL432KC\ReaderSimL432Oled\Firmware_L432KC\EWARM\NFC_L432KC\Obj\usbd_desc.o
#        E:\Firmware\CodeTestL432KC\ReaderSimL432Oled\Firmware_L432KC\EWARM\NFC_L432KC\Obj\usbd_hid.o
#        E:\Firmware\CodeTestL432KC\ReaderSimL432Oled\Firmware_L432KC\EWARM\NFC_L432KC\Obj\usbd_hid_keyboard.o
#        E:\Firmware\CodeTestL432KC\ReaderSimL432Oled\Firmware_L432KC\EWARM\NFC_L432KC\Obj\usbd_ioreq.o
#        --redirect _Printf=_PrintfFull --redirect _Scanf=_ScanfFull
#        --no_out_extension -o
#        E:\Firmware\CodeTestL432KC\ReaderSimL432Oled\Firmware_L432KC\EWARM\NFC_L432KC\Exe\NFC_L432KC.out
#        --map
#        E:\Firmware\CodeTestL432KC\ReaderSimL432Oled\Firmware_L432KC\EWARM\NFC_L432KC\List\NFC_L432KC.map
#        --config
#        E:\Firmware\CodeTestL432KC\ReaderSimL432Oled\Firmware_L432KC\EWARM/stm32l432xx_flash.icf
#        --semihosting --entry __iar_program_start --vfe --text_out locale)
#
###############################################################################

*******************************************************************************
*** RUNTIME MODEL ATTRIBUTES
***

CppFlavor       = *
__SystemLibrary = DLib
__dlib_version  = 6


*******************************************************************************
*** HEAP SELECTION
***

The basic heap was selected because no calls to memory allocation
functions were found in the application outside of system library
functions, and there are calls to deallocation functions in the
application.


*******************************************************************************
*** PLACEMENT SUMMARY
***

"A0":  place at address 0x800'0000 { ro section .intvec };
"P1":  place in [from 0x800'0000 to 0x803'ffff] { ro };
define block CSTACK with size = 1K, alignment = 8 { };
define block HEAP with size = 512, alignment = 8 { };
"P2":  place in [from 0x2000'0000 to 0x2000'ffff] {
          rw, block CSTACK, block HEAP };
initialize by copy { rw };

  Section            Kind         Address    Size  Object
  -------            ----         -------    ----  ------
"A0":                                       0x18c
  .intvec            ro code   0x800'0000   0x18c  startup_stm32l432xx.o [1]
                             - 0x800'018c   0x18c

"P1":                                      0xc264
  .rodata            const     0x800'018c  0x3840  Fonts.o [1]
  .text              ro code   0x800'39cc   0xcf4  main.o [1]
  .text              ro code   0x800'46c0    0x24  stm32l4xx_hal.o [1]
  .text              ro code   0x800'46e4    0x2a  nfcm1833_module.o [1]
  .text              ro code   0x800'470e    0x3a  zero_init3.o [4]
  .text              ro code   0x800'4748   0x4f2  SSD1306.o [1]
  .text              ro code   0x800'4c3a    0x10  Config.o [1]
  .text              ro code   0x800'4c4a    0x2e  copy_init3.o [4]
  .text              ro code   0x800'4c78    0x28  stm32l4xx_hal.o [1]
  .text              ro code   0x800'4ca0   0x248  bcdencode.o [1]
  .text              ro code   0x800'4ee8    0xa6  ABImemcpy.o [4]
  .rodata            const     0x800'4f8e     0x1  nfcm1833tinz.o [1]
  .rodata            const     0x800'4f8f     0x1  nfcm1833tinz.o [1]
  .text              ro code   0x800'4f90   0xa92  stm32l4xx_hal_uart.o [1]
  .rodata            const     0x800'5a22     0x1  nfcm1833tinz.o [1]
  .text              ro code   0x800'5a24   0x3ce  stm32l4xx_hal_gpio.o [1]
  .text              ro code   0x800'5df4    0x36  strlen.o [4]
  .text              ro code   0x800'5e2c     0xc  stm32l4xx_hal.o [1]
  .text              ro code   0x800'5e38    0x2c  strstr.o [2]
  .text              ro code   0x800'5e64    0x66  ABImemset.o [4]
  .text              ro code   0x800'5ecc   0xc54  stm32l4xx_hal_rcc.o [1]
  .text              ro code   0x800'6b20   0x74c  stm32l4xx_hal_rcc_ex.o [1]
  .text              ro code   0x800'726c    0xb0  stm32l4xx_hal_pwr_ex.o [1]
  .text              ro code   0x800'731c   0x25c  stm32l4xx_hal_crc.o [1]
  .text              ro code   0x800'7578   0x5ac  stm32l4xx_hal_i2c.o [1]
  .text              ro code   0x800'7b24   0x124  stm32l4xx_hal_i2c_ex.o [1]
  .text              ro code   0x800'7c48   0x706  stm32l4xx_hal_spi.o [1]
  .text              ro code   0x800'8350   0x19c  stm32l4xx_hal_cortex.o [1]
  .text              ro code   0x800'84ec    0x60  stm32l4xx_hal.o [1]
  .text              ro code   0x800'854c   0x1c0  stm32l4xx_hal_msp.o [1]
  .text              ro code   0x800'870c   0x480  nfcm1833tinz.o [1]
  .text              ro code   0x800'8b8c   0x230  I64DivMod.o [4]
  .text              ro code   0x800'8dbc    0x16  strchr.o [4]
  .text              ro code   0x800'8dd4    0xa0  stm32l4xx_hal_crc_ex.o [1]
  .text              ro code   0x800'8e74    0x14  memset.o [4]
  .text              ro code   0x800'8e88     0x2  I64DivZer.o [4]
  .text              ro code   0x800'8e8a   0x864  stm32l4xx_ll_usb.o [1]
  .text              ro code   0x800'96f0   0x7d4  stm32l4xx_hal_pcd.o [1]
  .text              ro code   0x800'9ec4   0x314  usbd_conf.o [1]
  .text              ro code   0x800'a1d8   0x31a  usbd_core.o [1]
  .text              ro code   0x800'a4f4   0x766  usbd_ctlreq.o [1]
  .text              ro code   0x800'ac5a    0x94  usbd_ioreq.o [1]
  .rodata            const     0x800'acf0   0x5f0  Fonts.o [1]
  .rodata            const     0x800'b2e0   0x474  Fonts.o [1]
  .rodata            const     0x800'b754   0x100  nfcm1833tinz.o [1]
  .rodata            const     0x800'b854   0x100  nfcm1833tinz.o [1]
  .rodata            const     0x800'b954    0x90  stm32l4xx_hal_cortex.o [1]
  .rodata            const     0x800'b9e4    0x90  stm32l4xx_hal_crc_ex.o [1]
  .rodata            const     0x800'ba74    0x90  stm32l4xx_hal_i2c_ex.o [1]
  .rodata            const     0x800'bb04    0x90  stm32l4xx_hal_pwr_ex.o [1]
  .rodata            const     0x800'bb94    0x90  stm32l4xx_hal_rcc_ex.o [1]
  .rodata            const     0x800'bc24    0x8c  stm32l4xx_hal_crc.o [1]
  .rodata            const     0x800'bcb0    0x8c  stm32l4xx_hal_gpio.o [1]
  .rodata            const     0x800'bd3c    0x8c  stm32l4xx_hal_i2c.o [1]
  .rodata            const     0x800'bdc8    0x8c  stm32l4xx_hal_rcc.o [1]
  .rodata            const     0x800'be54    0x8c  stm32l4xx_hal_spi.o [1]
  .rodata            const     0x800'bee0    0x8c  stm32l4xx_hal_uart.o [1]
  .rodata            const     0x800'bf6c    0x64  main.o [1]
  .text              ro code   0x800'bfd0    0x60  system_stm32l4xx.o [1]
  .rodata            const     0x800'c030    0x58  nfcm1833tinz.o [1]
  .text              ro code   0x800'c088    0x36  stm32l4xx_it.o [1]
  .text              ro code   0x800'c0c0    0x18  stm32l4xx_hal.o [1]
  .rodata            const     0x800'c0d8    0x30  system_stm32l4xx.o [1]
  .text              ro code   0x800'c108    0x28  data_init.o [4]
  .text              ro code   0x800'c130    0x22  fpinit_M.o [3]
  .iar.init_table    const     0x800'c154    0x24  - Linker created -
  .rodata            const     0x800'c178    0x20  main.o [1]
  .rodata            const     0x800'c198    0x20  main.o [1]
  .text              ro code   0x800'c1b8    0x1e  cmain.o [4]
  .text              ro code   0x800'c1d6     0x4  low_level_init.o [2]
  .text              ro code   0x800'c1da     0x4  exit.o [2]
  .text              ro code   0x800'c1e0     0xa  cexit.o [4]
  .text              ro code   0x800'c1ec    0x14  exit.o [5]
  .rodata            const     0x800'c200    0x10  main.o [1]
  .rodata            const     0x800'c210    0x10  main.o [1]
  .rodata            const     0x800'c220    0x10  main.o [1]
  .rodata            const     0x800'c230    0x10  system_stm32l4xx.o [1]
  .text              ro code   0x800'c240    0x10  startup_stm32l432xx.o [1]
  .rodata            const     0x800'c250     0xc  main.o [1]
  .rodata            const     0x800'c25c     0xc  main.o [1]
  .rodata            const     0x800'c268     0xc  main.o [1]
  .rodata            const     0x800'c274     0xc  main.o [1]
  .rodata            const     0x800'c280     0xc  main.o [1]
  .rodata            const     0x800'c28c     0xc  main.o [1]
  .text              ro code   0x800'c298     0xc  cstartup_M.o [4]
  Initializer bytes  const     0x800'c2a4     0xc  <for P2-1>
  .rodata            const     0x800'c2b0     0x8  main.o [1]
  .rodata            const     0x800'c2b8     0x8  main.o [1]
  .rodata            const     0x800'c2c0     0x8  main.o [1]
  .rodata            const     0x800'c2c8     0x8  main.o [1]
  .rodata            const     0x800'c2d0     0x8  main.o [1]
  .rodata            const     0x800'c2d8     0x8  main.o [1]
  .rodata            const     0x800'c2e0     0x8  main.o [1]
  .rodata            const     0x800'c2e8     0x8  main.o [1]
  .rodata            const     0x800'c2f0     0x8  nfcm1833tinz.o [1]
  .rodata            const     0x800'c2f8     0x8  system_stm32l4xx.o [1]
  .rodata            const     0x800'c300     0x4  nfcm1833tinz.o [1]
  .rodata            const     0x800'c304     0x4  nfcm1833tinz.o [1]
  .text              ro code   0x800'c308     0x4  startup_stm32l432xx.o [1]
  .text              ro code   0x800'c30c     0x4  startup_stm32l432xx.o [1]
  .text              ro code   0x800'c310     0x4  startup_stm32l432xx.o [1]
  .text              ro code   0x800'c314     0x4  startup_stm32l432xx.o [1]
  .text              ro code   0x800'c318     0x4  startup_stm32l432xx.o [1]
  .text              ro code   0x800'c31c     0x4  startup_stm32l432xx.o [1]
  .text              ro code   0x800'c320     0x4  startup_stm32l432xx.o [1]
  .text              ro code   0x800'c324     0x4  startup_stm32l432xx.o [1]
  .text              ro code   0x800'c328     0x4  startup_stm32l432xx.o [1]
  .text              ro code   0x800'c32c     0x4  startup_stm32l432xx.o [1]
  .text              ro code   0x800'c330     0x4  startup_stm32l432xx.o [1]
  .text              ro code   0x800'c334     0x4  startup_stm32l432xx.o [1]
  .text              ro code   0x800'c338     0x4  startup_stm32l432xx.o [1]
  .text              ro code   0x800'c33c     0x4  startup_stm32l432xx.o [1]
  .text              ro code   0x800'c340     0x4  startup_stm32l432xx.o [1]
  .text              ro code   0x800'c344     0x4  startup_stm32l432xx.o [1]
  .text              ro code   0x800'c348     0x4  startup_stm32l432xx.o [1]
  .text              ro code   0x800'c34c     0x4  startup_stm32l432xx.o [1]
  .text              ro code   0x800'c350     0x4  startup_stm32l432xx.o [1]
  .text              ro code   0x800'c354     0x4  startup_stm32l432xx.o [1]
  .text              ro code   0x800'c358     0x4  startup_stm32l432xx.o [1]
  .text              ro code   0x800'c35c     0x4  startup_stm32l432xx.o [1]
  .text              ro code   0x800'c360     0x4  startup_stm32l432xx.o [1]
  .text              ro code   0x800'c364     0x4  startup_stm32l432xx.o [1]
  .text              ro code   0x800'c368     0x4  startup_stm32l432xx.o [1]
  .text              ro code   0x800'c36c     0x4  startup_stm32l432xx.o [1]
  .text              ro code   0x800'c370     0x4  startup_stm32l432xx.o [1]
  .text              ro code   0x800'c374     0x4  startup_stm32l432xx.o [1]
  .text              ro code   0x800'c378     0x4  startup_stm32l432xx.o [1]
  .text              ro code   0x800'c37c     0x4  startup_stm32l432xx.o [1]
  .text              ro code   0x800'c380     0x4  startup_stm32l432xx.o [1]
  .text              ro code   0x800'c384     0x4  startup_stm32l432xx.o [1]
  .text              ro code   0x800'c388     0x4  startup_stm32l432xx.o [1]
  .text              ro code   0x800'c38c     0x4  startup_stm32l432xx.o [1]
  .text              ro code   0x800'c390     0x4  startup_stm32l432xx.o [1]
  .text              ro code   0x800'c394     0x4  startup_stm32l432xx.o [1]
  .text              ro code   0x800'c398     0x4  startup_stm32l432xx.o [1]
  .text              ro code   0x800'c39c     0x4  startup_stm32l432xx.o [1]
  .text              ro code   0x800'c3a0     0x4  startup_stm32l432xx.o [1]
  .text              ro code   0x800'c3a4     0x4  startup_stm32l432xx.o [1]
  .text              ro code   0x800'c3a8     0x4  startup_stm32l432xx.o [1]
  .text              ro code   0x800'c3ac     0x4  startup_stm32l432xx.o [1]
  .text              ro code   0x800'c3b0     0x4  startup_stm32l432xx.o [1]
  .text              ro code   0x800'c3b4     0x4  startup_stm32l432xx.o [1]
  .text              ro code   0x800'c3b8     0x4  startup_stm32l432xx.o [1]
  .text              ro code   0x800'c3bc     0x4  startup_stm32l432xx.o [1]
  .text              ro code   0x800'c3c0     0x4  startup_stm32l432xx.o [1]
  .text              ro code   0x800'c3c4     0x4  startup_stm32l432xx.o [1]
  .text              ro code   0x800'c3c8     0x4  startup_stm32l432xx.o [1]
  .text              ro code   0x800'c3cc     0x4  startup_stm32l432xx.o [1]
  .text              ro code   0x800'c3d0     0x4  startup_stm32l432xx.o [1]
  .text              ro code   0x800'c3d4     0x4  startup_stm32l432xx.o [1]
  .text              ro code   0x800'c3d8     0x4  startup_stm32l432xx.o [1]
  .text              ro code   0x800'c3dc     0x4  startup_stm32l432xx.o [1]
  .text              ro code   0x800'c3e0     0x4  startup_stm32l432xx.o [1]
  .text              ro code   0x800'c3e4     0x4  startup_stm32l432xx.o [1]
  .text              ro code   0x800'c3e8     0x4  startup_stm32l432xx.o [1]
  .text              ro code   0x800'c3ec     0x4  startup_stm32l432xx.o [1]
  .rodata            const     0x800'c3f0     0x0  zero_init3.o [4]
  .rodata            const     0x800'c3f0     0x0  copy_init3.o [4]
                             - 0x800'c3f0  0xc264

"P2", part 1 of 3:                            0xc
  P2-1                        0x2000'0000     0xc  <Init block>
    .data            inited   0x2000'0000     0x4  stm32l4xx_hal.o [1]
    .data            inited   0x2000'0004     0x4  stm32l4xx_hal.o [1]
    .data            inited   0x2000'0008     0x4  system_stm32l4xx.o [1]
                            - 0x2000'000c     0xc

"P2", part 2 of 3:                          0xdf8
  .bss               zero     0x2000'000c   0x400  SSD1306.o [1]
  .bss               zero     0x2000'040c   0x274  usbd_conf.o [1]
  .bss               zero     0x2000'0680   0x1f4  main.o [1]
  .bss               zero     0x2000'0874   0x1f4  main.o [1]
  .bss               zero     0x2000'0a68   0x1f4  main.o [1]
  .bss               zero     0x2000'0c5c    0x80  main.o [1]
  .bss               zero     0x2000'0cdc    0x64  main.o [1]
  .bss               zero     0x2000'0d40    0x4c  main.o [1]
  .bss               zero     0x2000'0d8c    0x24  main.o [1]
  .bss               zero     0x2000'0db0    0x10  main.o [1]
  .bss               zero     0x2000'0dc0    0x10  main.o [1]
  .bss               zero     0x2000'0dd0    0x10  main.o [1]
  .bss               zero     0x2000'0de0    0x10  main.o [1]
  .bss               zero     0x2000'0df0     0x8  main.o [1]
  .bss               zero     0x2000'0df8     0x4  stm32l4xx_hal.o [1]
  .bss               zero     0x2000'0dfc     0x2  main.o [1]
  .bss               zero     0x2000'0dfe     0x1  main.o [1]
  .bss               zero     0x2000'0dff     0x1  main.o [1]
  .bss               zero     0x2000'0e00     0x1  main.o [1]
  .bss               zero     0x2000'0e01     0x1  usbd_ctlreq.o [1]
                            - 0x2000'0e02   0xdf6

"P2", part 3 of 3:                          0x400
  CSTACK                      0x2000'0e08   0x400  <Block>
    CSTACK           uninit   0x2000'0e08   0x400  <Block tail>
                            - 0x2000'1208   0x400

Unused ranges:

         From           To      Size
         ----           --      ----
   0x800'c3f0   0x803'ffff  0x3'3c10
  0x2000'0e04  0x2000'0e07       0x4
  0x2000'1208  0x2000'ffff    0xedf8


*******************************************************************************
*** INIT TABLE
***

          Address      Size
          -------      ----
Zero (__iar_zero_init3)
    1 destination range, total size 0xdf6:
          0x2000'000c  0xdf6

Copy (__iar_copy_init3)
    1 source range, total size 0xc:
           0x800'c2a4    0xc
    1 destination range, total size 0xc:
          0x2000'0000    0xc



*******************************************************************************
*** MODULE SUMMARY
***

    Module                  ro code  ro data  rw data
    ------                  -------  -------  -------
command line/config:
    -------------------------------------------------
    Total:

E:\Firmware\CodeTestL432KC\ReaderSimL432Oled\Firmware_L432KC\EWARM\NFC_L432KC\Obj: [1]
    Config.o                     16
    Fonts.o                           17'060
    SSD1306.o                 1'266             1'024
    bcdencode.o                 584
    main.o                    3'316      348    1'917
    nfcm1833_module.o            42
    nfcm1833tinz.o            1'152      619
    startup_stm32l432xx.o       644
    stm32l4xx_hal.o             208        8       12
    stm32l4xx_hal_cortex.o      412      144
    stm32l4xx_hal_crc.o         604      140
    stm32l4xx_hal_crc_ex.o      160      144
    stm32l4xx_hal_gpio.o        974      140
    stm32l4xx_hal_i2c.o       1'452      140
    stm32l4xx_hal_i2c_ex.o      292      144
    stm32l4xx_hal_msp.o         448
    stm32l4xx_hal_pcd.o       2'004
    stm32l4xx_hal_pwr_ex.o      176      144
    stm32l4xx_hal_rcc.o       3'156      140
    stm32l4xx_hal_rcc_ex.o    1'868      144
    stm32l4xx_hal_spi.o       1'798      140
    stm32l4xx_hal_uart.o      2'706      140
    stm32l4xx_it.o               54
    stm32l4xx_ll_usb.o        2'148
    system_stm32l4xx.o           96       76        4
    usbd_conf.o                 788               628
    usbd_core.o                 794
    usbd_ctlreq.o             1'894                 1
    usbd_ioreq.o                148
    -------------------------------------------------
    Total:                   29'200   19'671    3'586

dl7M_tlf.a: [2]
    exit.o                        4
    low_level_init.o              4
    strstr.o                     44
    -------------------------------------------------
    Total:                       52

m7M_tls.a: [3]
    fpinit_M.o                   34
    -------------------------------------------------
    Total:                       34

rt7M_tl.a: [4]
    ABImemcpy.o                 166
    ABImemset.o                 102
    I64DivMod.o                 560
    I64DivZer.o                   2
    cexit.o                      10
    cmain.o                      30
    copy_init3.o                 46
    cstartup_M.o                 12
    data_init.o                  40
    memset.o                     20
    strchr.o                     22
    strlen.o                     54
    zero_init3.o                 58
    -------------------------------------------------
    Total:                    1'122

shb_l.a: [5]
    exit.o                       20
    -------------------------------------------------
    Total:                       20

    Gaps                         21        4
    Linker created                        36    1'024
-----------------------------------------------------
    Grand Total:             30'449   19'711    4'610


*******************************************************************************
*** ENTRY LIST
***

Entry                       Address    Size  Type      Object
-----                       -------    ----  ----      ------
.iar.init_table$$Base    0x800'c154           --   Gb  - Linker created -
.iar.init_table$$Limit   0x800'c178           --   Gb  - Linker created -
?main                    0x800'c1b9          Code  Gb  cmain.o [4]
AHBPrescTable            0x800'c230    0x10  Data  Gb  system_stm32l4xx.o [1]
APBPrescTable            0x800'c2f8     0x8  Data  Gb  system_stm32l4xx.o [1]
BusFault_Handler         0x800'c095     0x2  Code  Gb  stm32l4xx_it.o [1]
CRC_Handle_16            0x800'7541    0x38  Code  Lc  stm32l4xx_hal_crc.o [1]
CRC_Handle_8             0x800'74a9    0x98  Code  Lc  stm32l4xx_hal_crc.o [1]
CSTACK$$Base            0x2000'0e08           --   Gb  - Linker created -
CSTACK$$Limit           0x2000'1208           --   Gb  - Linker created -
ConekLogo                0x800'018c  0x3840  Data  Gb  Fonts.o [1]
DWT_Delay_Init           0x800'4749    0x44  Code  Gb  SSD1306.o [1]
DWT_Delay_us             0x800'478d    0x28  Code  Gb  SSD1306.o [1]
DebugMon_Handler         0x800'c09b     0x2  Code  Gb  stm32l4xx_it.o [1]
DisplaySendText          0x800'3f63    0x50  Code  Gb  main.o [1]
EXTI0_IRQHandler         0x800'c0b5     0xa  Code  Gb  stm32l4xx_it.o [1]
Error_Handler            0x800'46bd     0x2  Code  Gb  main.o [1]
HAL_CRCEx_Polynomial_Set
                         0x800'8dd5    0x9c  Code  Gb  stm32l4xx_hal_crc_ex.o [1]
HAL_CRC_Calculate        0x800'7439    0x70  Code  Gb  stm32l4xx_hal_crc.o [1]
HAL_CRC_Init             0x800'731d   0x110  Code  Gb  stm32l4xx_hal_crc.o [1]
HAL_CRC_MspInit          0x800'857b    0x22  Code  Gb  stm32l4xx_hal_msp.o [1]
HAL_Delay                0x800'4c79    0x28  Code  Wk  stm32l4xx_hal.o [1]
HAL_GPIO_EXTI_IRQHandler
                         0x800'5d8d    0x20  Code  Gb  stm32l4xx_hal_gpio.o [1]
HAL_GPIO_Init            0x800'5a25   0x2f0  Code  Gb  stm32l4xx_hal_gpio.o [1]
HAL_GPIO_ReadPin         0x800'5d15    0x2c  Code  Gb  stm32l4xx_hal_gpio.o [1]
HAL_GPIO_WritePin        0x800'5d41    0x4c  Code  Gb  stm32l4xx_hal_gpio.o [1]
HAL_GetTick              0x800'5e2d     0xc  Code  Wk  stm32l4xx_hal.o [1]
HAL_I2CEx_ConfigAnalogFilter
                         0x800'7b25    0x92  Code  Gb  stm32l4xx_hal_i2c_ex.o [1]
HAL_I2CEx_ConfigDigitalFilter
                         0x800'7bb7    0x86  Code  Gb  stm32l4xx_hal_i2c_ex.o [1]
HAL_I2C_Init             0x800'7579   0x1b6  Code  Gb  stm32l4xx_hal_i2c.o [1]
HAL_I2C_Master_Transmit
                         0x800'772f   0x17e  Code  Gb  stm32l4xx_hal_i2c.o [1]
HAL_I2C_MspInit          0x800'859d    0x60  Code  Gb  stm32l4xx_hal_msp.o [1]
HAL_IncTick              0x800'c0c1    0x18  Code  Wk  stm32l4xx_hal.o [1]
HAL_Init                 0x800'46c1    0x24  Code  Gb  stm32l4xx_hal.o [1]
HAL_InitTick             0x800'84ed    0x60  Code  Wk  stm32l4xx_hal.o [1]
HAL_MspInit              0x800'854d    0x2e  Code  Gb  stm32l4xx_hal_msp.o [1]
HAL_NVIC_SetPriority     0x800'846d    0x46  Code  Gb  stm32l4xx_hal_cortex.o [1]
HAL_NVIC_SetPriorityGrouping
                         0x800'8443    0x2a  Code  Gb  stm32l4xx_hal_cortex.o [1]
HAL_NVIC_SystemReset     0x800'84b3     0x8  Code  Gb  stm32l4xx_hal_cortex.o [1]
HAL_PCDEx_LPM_Callback   0x800'a17f    0x4c  Code  Gb  usbd_conf.o [1]
HAL_PCD_DataInStageCallback
                         0x800'9ef7    0x1e  Code  Gb  usbd_conf.o [1]
HAL_PCD_DataOutStageCallback
                         0x800'9ed7    0x20  Code  Gb  usbd_conf.o [1]
HAL_PCD_EP_ClrStall      0x800'9ab7    0x78  Code  Gb  stm32l4xx_hal_pcd.o [1]
HAL_PCD_EP_Open          0x800'98e9    0x9e  Code  Gb  stm32l4xx_hal_pcd.o [1]
HAL_PCD_EP_Receive       0x800'9987    0x56  Code  Gb  stm32l4xx_hal_pcd.o [1]
HAL_PCD_EP_SetStall      0x800'9a33    0x84  Code  Gb  stm32l4xx_hal_pcd.o [1]
HAL_PCD_EP_Transmit      0x800'99dd    0x56  Code  Gb  stm32l4xx_hal_pcd.o [1]
HAL_PCD_IRQHandler       0x800'96f1   0x1c8  Code  Gb  stm32l4xx_hal_pcd.o [1]
HAL_PCD_ResetCallback    0x800'9f23    0x26  Code  Gb  usbd_conf.o [1]
HAL_PCD_ResumeCallback   0x800'9f69    0x24  Code  Gb  usbd_conf.o [1]
HAL_PCD_SOFCallback      0x800'9f15     0xe  Code  Gb  usbd_conf.o [1]
HAL_PCD_SetAddress       0x800'98b9    0x30  Code  Gb  stm32l4xx_hal_pcd.o [1]
HAL_PCD_SetupStageCallback
                         0x800'9ec5    0x12  Code  Gb  usbd_conf.o [1]
HAL_PCD_SuspendCallback
                         0x800'9f49    0x20  Code  Gb  usbd_conf.o [1]
HAL_PWREx_ControlVoltageScaling
                         0x800'7279    0x8e  Code  Gb  stm32l4xx_hal_pwr_ex.o [1]
HAL_PWREx_GetVoltageRange
                         0x800'726d     0xc  Code  Gb  stm32l4xx_hal_pwr_ex.o [1]
HAL_RCCEx_PeriphCLKConfig
                         0x800'6b21   0x4d2  Code  Gb  stm32l4xx_hal_rcc_ex.o [1]
HAL_RCC_ClockConfig      0x800'66e3   0x23c  Code  Gb  stm32l4xx_hal_rcc.o [1]
HAL_RCC_GetHCLKFreq      0x800'6a13     0x6  Code  Gb  stm32l4xx_hal_rcc.o [1]
HAL_RCC_GetPCLK1Freq     0x800'6a19    0x1a  Code  Gb  stm32l4xx_hal_rcc.o [1]
HAL_RCC_GetPCLK2Freq     0x800'6a33    0x1a  Code  Gb  stm32l4xx_hal_rcc.o [1]
HAL_RCC_GetSysClockFreq
                         0x800'693d    0xd6  Code  Gb  stm32l4xx_hal_rcc.o [1]
HAL_RCC_OscConfig        0x800'5ecd   0x816  Code  Gb  stm32l4xx_hal_rcc.o [1]
HAL_SPI_Init             0x800'7c49   0x26c  Code  Gb  stm32l4xx_hal_spi.o [1]
HAL_SPI_MspInit          0x800'85fd    0x88  Code  Gb  stm32l4xx_hal_msp.o [1]
HAL_SPI_TransmitReceive
                         0x800'7eb5   0x2e0  Code  Gb  stm32l4xx_hal_spi.o [1]
HAL_SYSTICK_Config       0x800'84bb     0xc  Code  Gb  stm32l4xx_hal_cortex.o [1]
HAL_UART_Init            0x800'4f91    0xd0  Code  Gb  stm32l4xx_hal_uart.o [1]
HAL_UART_MspInit         0x800'8685    0x64  Code  Gb  stm32l4xx_hal_msp.o [1]
HAL_UART_Receive         0x800'513b   0x146  Code  Gb  stm32l4xx_hal_uart.o [1]
HAL_UART_Transmit        0x800'5061    0xda  Code  Gb  stm32l4xx_hal_uart.o [1]
HardFault_Handler        0x800'c08b     0x8  Code  Gb  stm32l4xx_it.o [1]
I2C_Flush_TXDR           0x800'78c1    0x24  Code  Lc  stm32l4xx_hal_i2c.o [1]
I2C_IsAcknowledgeFailed
                         0x800'79ed    0x8a  Code  Lc  stm32l4xx_hal_i2c.o [1]
I2C_TransferConfig       0x800'7a77    0x8c  Code  Lc  stm32l4xx_hal_i2c.o [1]
I2C_WaitOnFlagUntilTimeout
                         0x800'78e5    0x5e  Code  Lc  stm32l4xx_hal_i2c.o [1]
I2C_WaitOnSTOPFlagUntilTimeout
                         0x800'799b    0x52  Code  Lc  stm32l4xx_hal_i2c.o [1]
I2C_WaitOnTXISFlagUntilTimeout
                         0x800'7943    0x58  Code  Lc  stm32l4xx_hal_i2c.o [1]
IMEI_SIM                0x2000'0a68   0x1f4  Data  Gb  main.o [1]
IMEI_SIM_REAL           0x2000'0dc0    0x10  Data  Gb  main.o [1]
KhoiDongSim              0x800'3e21   0x142  Code  Gb  main.o [1]
MSIRangeTable            0x800'c0d8    0x30  Data  Gb  system_stm32l4xx.o [1]
MX_CRC_Init              0x800'4433    0x3a  Code  Lc  main.o [1]
MX_GPIO_Init             0x800'4519    0xb8  Code  Lc  main.o [1]
MX_I2C1_Init             0x800'4471    0x58  Code  Lc  main.o [1]
MX_SPI1_Init             0x800'44c9    0x50  Code  Lc  main.o [1]
MX_USART1_UART_Init      0x800'45d1    0x3c  Code  Lc  main.o [1]
MemManage_Handler        0x800'c093     0x2  Code  Gb  stm32l4xx_it.o [1]
NMI_Handler              0x800'c089     0x2  Code  Gb  stm32l4xx_it.o [1]
NVIC_EncodePriority      0x800'83af    0x40  Code  Lc  stm32l4xx_hal_cortex.o [1]
OLED_init                0x800'4c3b     0x8  Code  Gb  Config.o [1]
PCD_EP_ISR_Handler       0x800'9b2f   0x396  Code  Lc  stm32l4xx_hal_pcd.o [1]
PendSV_Handler           0x800'c09d     0x2  Code  Gb  stm32l4xx_it.o [1]
RCCEx_PLLSAI1_Config     0x800'7011   0x236  Code  Lc  stm32l4xx_hal_rcc_ex.o [1]
RCC_SetFlashLatencyFromMSIRange
                         0x800'6a59    0x8a  Code  Lc  stm32l4xx_hal_rcc.o [1]
Region$$Table$$Base      0x800'c154           --   Gb  - Linker created -
Region$$Table$$Limit     0x800'c178           --   Gb  - Linker created -
SPI_EndRxTxTransaction   0x800'82e5    0x6a  Code  Lc  stm32l4xx_hal_spi.o [1]
SPI_WaitFifoStateUntilTimeout
                         0x800'8241    0xa4  Code  Lc  stm32l4xx_hal_spi.o [1]
SPI_WaitFlagStateUntilTimeout
                         0x800'81a1    0xa0  Code  Lc  stm32l4xx_hal_spi.o [1]
SVC_Handler              0x800'c099     0x2  Code  Gb  stm32l4xx_it.o [1]
Sim_Response             0x800'4231    0xc0  Code  Gb  main.o [1]
Sim_Rxdata              0x2000'0dfc     0x2  Data  Gb  main.o [1]
Sim_Rxdata1             0x2000'0874   0x1f4  Data  Gb  main.o [1]
Sim_response            0x2000'0680   0x1f4  Data  Gb  main.o [1]
Sim_sendCommand          0x800'414b    0xe6  Code  Gb  main.o [1]
Sim_sendCommand_IMEI     0x800'42f1    0x82  Code  Gb  main.o [1]
So_Bill                 0x2000'0de0    0x10  Data  Gb  main.o [1]
So_Tien_Pay             0x2000'0dd0    0x10  Data  Gb  main.o [1]
SysTick_Config           0x800'840d    0x36  Code  Lc  stm32l4xx_hal_cortex.o [1]
SysTick_Handler          0x800'c09f     0x8  Code  Gb  stm32l4xx_it.o [1]
SystemClockConfig_Resume
                         0x800'a1d1     0x8  Code  Lc  usbd_conf.o [1]
SystemClock_Config       0x800'4373    0xc0  Code  Gb  main.o [1]
SystemCoreClock         0x2000'0008     0x4  Data  Gb  system_stm32l4xx.o [1]
SystemInit               0x800'bfd1    0x42  Code  Gb  system_stm32l4xx.o [1]
UART_AdvFeatureConfig    0x800'5733   0x1f2  Code  Gb  stm32l4xx_hal_uart.o [1]
UART_CheckIdleState      0x800'5951    0x68  Code  Gb  stm32l4xx_hal_uart.o [1]
UART_SetConfig           0x800'5291   0x4a2  Code  Gb  stm32l4xx_hal_uart.o [1]
UART_WaitOnFlagUntilTimeout
                         0x800'59b9    0x6a  Code  Gb  stm32l4xx_hal_uart.o [1]
USBD_ClrClassConfig      0x800'a20b    0x18  Code  Gb  usbd_core.o [1]
USBD_ClrFeature          0x800'abed    0x2e  Code  Lc  usbd_ctlreq.o [1]
USBD_CtlContinueRx       0x800'aca1    0x1a  Code  Gb  usbd_ioreq.o [1]
USBD_CtlContinueSendData
                         0x800'ac87    0x1a  Code  Gb  usbd_ioreq.o [1]
USBD_CtlError            0x800'ac43    0x18  Code  Gb  usbd_ctlreq.o [1]
USBD_CtlReceiveStatus    0x800'acd5    0x1a  Code  Gb  usbd_ioreq.o [1]
USBD_CtlSendData         0x800'ac5b    0x2c  Code  Gb  usbd_ioreq.o [1]
USBD_CtlSendStatus       0x800'acbb    0x1a  Code  Gb  usbd_ioreq.o [1]
USBD_GetConfig           0x800'ab39    0x4e  Code  Lc  usbd_ctlreq.o [1]
USBD_GetDescriptor       0x800'a885   0x178  Code  Lc  usbd_ctlreq.o [1]
USBD_GetStatus           0x800'ab87    0x4c  Code  Lc  usbd_ctlreq.o [1]
USBD_LL_ClearStallEP     0x800'a025    0x42  Code  Gb  usbd_conf.o [1]
USBD_LL_DataInStage      0x800'a339   0x10c  Code  Gb  usbd_core.o [1]
USBD_LL_DataOutStage     0x800'a28b    0xae  Code  Gb  usbd_core.o [1]
USBD_LL_IsStallEP        0x800'a067    0x2e  Code  Gb  usbd_conf.o [1]
USBD_LL_OpenEP           0x800'9f8d    0x56  Code  Gb  usbd_conf.o [1]
USBD_LL_PrepareReceive   0x800'a12b    0x54  Code  Gb  usbd_conf.o [1]
USBD_LL_Reset            0x800'a445    0x60  Code  Gb  usbd_core.o [1]
USBD_LL_Resume           0x800'a4c1     0xe  Code  Gb  usbd_core.o [1]
USBD_LL_SOF              0x800'a4cf    0x24  Code  Gb  usbd_core.o [1]
USBD_LL_SetSpeed         0x800'a4a5     0x8  Code  Gb  usbd_core.o [1]
USBD_LL_SetUSBAddress    0x800'a095    0x42  Code  Gb  usbd_conf.o [1]
USBD_LL_SetupStage       0x800'a223    0x68  Code  Gb  usbd_core.o [1]
USBD_LL_StallEP          0x800'9fe3    0x42  Code  Gb  usbd_conf.o [1]
USBD_LL_Suspend          0x800'a4ad    0x14  Code  Gb  usbd_core.o [1]
USBD_LL_Transmit         0x800'a0d7    0x54  Code  Gb  usbd_conf.o [1]
USBD_ParseSetupRequest   0x800'ac1b    0x28  Code  Gb  usbd_ctlreq.o [1]
USBD_RunTestMode         0x800'a1d9     0x6  Code  Gb  usbd_core.o [1]
USBD_SetAddress          0x800'a9fd    0x68  Code  Lc  usbd_ctlreq.o [1]
USBD_SetClassConfig      0x800'a1df    0x2c  Code  Gb  usbd_core.o [1]
USBD_SetConfig           0x800'aa65    0xce  Code  Lc  usbd_ctlreq.o [1]
USBD_SetConfig::cfgidx  0x2000'0e01     0x1  Data  Lc  usbd_ctlreq.o [1]
USBD_SetFeature          0x800'abd3    0x1a  Code  Lc  usbd_ctlreq.o [1]
USBD_StdDevReq           0x800'a4f5    0xa6  Code  Gb  usbd_ctlreq.o [1]
USBD_StdEPReq            0x800'a609   0x27c  Code  Gb  usbd_ctlreq.o [1]
USBD_StdItfReq           0x800'a59b    0x6e  Code  Gb  usbd_ctlreq.o [1]
USB_ActivateEndpoint     0x800'8e8b   0x368  Code  Gb  stm32l4xx_ll_usb.o [1]
USB_EP0_OutStart         0x800'9641     0x6  Code  Gb  stm32l4xx_ll_usb.o [1]
USB_EPClearStall         0x800'9577    0xae  Code  Gb  stm32l4xx_ll_usb.o [1]
USB_EPSetStall           0x800'952d    0x4a  Code  Gb  stm32l4xx_ll_usb.o [1]
USB_EPStartXfer          0x800'91f3   0x33a  Code  Gb  stm32l4xx_ll_usb.o [1]
USB_IRQHandler           0x800'c0a7     0xa  Code  Gb  stm32l4xx_it.o [1]
USB_ReadInterrupts       0x800'9639     0x8  Code  Gb  stm32l4xx_ll_usb.o [1]
USB_ReadPMA              0x800'9699    0x56  Code  Gb  stm32l4xx_ll_usb.o [1]
USB_SetDevAddress        0x800'9625    0x14  Code  Gb  stm32l4xx_ll_usb.o [1]
USB_WritePMA             0x800'9647    0x52  Code  Gb  stm32l4xx_ll_usb.o [1]
UsageFault_Handler       0x800'c097     0x2  Code  Gb  stm32l4xx_it.o [1]
WakeUp_CR95HF            0x800'4707     0x8  Code  Gb  nfcm1833_module.o [1]
WakeUp_TinZ              0x800'8b1d    0x70  Code  Gb  nfcm1833tinz.o [1]
__NVIC_GetPriorityGrouping
                         0x800'8373     0xc  Code  Lc  stm32l4xx_hal_cortex.o [1]
__NVIC_SetPriority       0x800'837f    0x30  Code  Lc  stm32l4xx_hal_cortex.o [1]
__NVIC_SetPriorityGrouping
                         0x800'8351    0x22  Code  Lc  stm32l4xx_hal_cortex.o [1]
__NVIC_SystemReset       0x800'83ef    0x1e  Code  Lc  stm32l4xx_hal_cortex.o [1]
__aeabi_ldiv0            0x800'8e89          Code  Gb  I64DivZer.o [4]
__aeabi_memcpy           0x800'4ee9          Code  Gb  ABImemcpy.o [4]
__aeabi_memcpy4          0x800'4f09          Code  Gb  ABImemcpy.o [4]
__aeabi_memcpy8          0x800'4f09          Code  Gb  ABImemcpy.o [4]
__aeabi_memset           0x800'5e65          Code  Gb  ABImemset.o [4]
__aeabi_uldivmod         0x800'8b8d          Code  Gb  I64DivMod.o [4]
__cmain                  0x800'c1b9          Code  Gb  cmain.o [4]
__exit                   0x800'c1ed    0x14  Code  Gb  exit.o [5]
__iar_Memset             0x800'5e65          Code  Gb  ABImemset.o [4]
__iar_Memset_word        0x800'5e6d          Code  Gb  ABImemset.o [4]
__iar_Strchr             0x800'8dbd          Code  Gb  strchr.o [4]
__iar_copy_init3         0x800'4c4b    0x2e  Code  Gb  copy_init3.o [4]
__iar_data_init3         0x800'c109    0x28  Code  Gb  data_init.o [4]
__iar_init_vfp           0x800'c131          Code  Gb  fpinit_M.o [3]
__iar_program_start      0x800'c299          Code  Gb  cstartup_M.o [4]
__iar_zero_init3         0x800'470f    0x3a  Code  Gb  zero_init3.o [4]
__low_level_init         0x800'c1d7     0x4  Code  Gb  low_level_init.o [2]
__vector_table           0x800'0000          Data  Gb  startup_stm32l432xx.o [1]
_call_main               0x800'c1c5          Code  Gb  cmain.o [4]
_exit                    0x800'c1e1          Code  Gb  cexit.o [4]
_main                    0x800'c1d3          Code  Gb  cmain.o [4]
assert_failed            0x800'46bf     0x2  Code  Gb  main.o [1]
c_chFont1206             0x800'b2e0   0x474  Data  Gb  Fonts.o [1]
c_chFont1608             0x800'acf0   0x5f0  Data  Gb  Fonts.o [1]
crcx25                   0x800'8ad1    0x1e  Code  Lc  nfcm1833tinz.o [1]
deleteBuffer             0x800'4131    0x1a  Code  Gb  main.o [1]
display                  0x800'4109    0x1e  Code  Gb  main.o [1]
driver_init              0x800'4c43     0x8  Code  Lc  Config.o [1]
encode4byte              0x800'4ca1    0xf0  Code  Gb  bcdencode.o [1]
encode8byte_little_edian
                         0x800'4d91   0x158  Code  Gb  bcdencode.o [1]
exit                     0x800'c1db     0x4  Code  Gb  exit.o [2]
getDeviceID              0x800'46fb     0xc  Code  Gb  nfcm1833_module.o [1]
getDeviceID_spi          0x800'8a8f    0x42  Code  Gb  nfcm1833tinz.o [1]
getKey                   0x800'3fc1   0x148  Code  Gb  main.o [1]
hcrc                    0x2000'0d8c    0x24  Data  Gb  main.o [1]
hi2c1                   0x2000'0d40    0x4c  Data  Gb  main.o [1]
hpcd_USB_FS             0x2000'040c   0x274  Data  Gb  usbd_conf.o [1]
huart1                  0x2000'0c5c    0x80  Data  Gb  main.o [1]
idTag                   0x2000'0df0     0x8  Data  Gb  main.o [1]
idTagBCD                0x2000'0db0    0x10  Data  Gb  main.o [1]
main                     0x800'39cd   0x454  Code  Gb  main.o [1]
memset                   0x800'8e75    0x14  Code  Gb  memset.o [4]
permissReadTag          0x2000'0dfe     0x1  Data  Gb  main.o [1]
ping_module              0x800'46f3     0x8  Code  Gb  nfcm1833_module.o [1]
ping_module_spi          0x800'88a9    0x4e  Code  Gb  nfcm1833tinz.o [1]
s_chDispalyBuffer       0x2000'000c   0x400  Data  Lc  SSD1306.o [1]
select_tag_type          0x800'46e5     0xe  Code  Gb  nfcm1833_module.o [1]
select_tag_type_spi      0x800'89a7    0x22  Code  Gb  nfcm1833tinz.o [1]
select_tag_type_spi_tag_type_4a
                         0x800'894f    0x58  Code  Lc  nfcm1833tinz.o [1]
select_tag_type_spi_tag_type_5
                         0x800'88f7    0x58  Code  Lc  nfcm1833tinz.o [1]
sendrecv_spi             0x800'89c9    0xc6  Code  Gb  nfcm1833tinz.o [1]
spi_polling_data_cr95hf
                         0x800'8795    0x84  Code  Lc  nfcm1833tinz.o [1]
spi_recv_data_from_cr95hf
                         0x800'8819    0x90  Code  Lc  nfcm1833tinz.o [1]
spi_send_data_to_cr95hf
                         0x800'870d    0x88  Code  Lc  nfcm1833tinz.o [1]
spi_to_nfcm1833tinz     0x2000'0cdc    0x64  Data  Gb  main.o [1]
ssd1306_clear_screen     0x800'4845    0x56  Code  Gb  SSD1306.o [1]
ssd1306_display_char     0x800'493d    0xf8  Code  Gb  SSD1306.o [1]
ssd1306_display_string   0x800'4a35    0x72  Code  Gb  SSD1306.o [1]
ssd1306_draw_bitmap      0x800'4ac9    0x88  Code  Gb  SSD1306.o [1]
ssd1306_draw_point       0x800'489b    0xa2  Code  Gb  SSD1306.o [1]
ssd1306_init             0x800'4b51    0xea  Code  Gb  SSD1306.o [1]
ssd1306_refresh_gram     0x800'47ef    0x56  Code  Gb  SSD1306.o [1]
ssd1306_write_byte       0x800'47b5    0x3a  Code  Lc  SSD1306.o [1]
strchr                   0x800'8dbd          Code  Gb  strchr.o [4]
strlen                   0x800'5df5          Code  Gb  strlen.o [4]
strstr                   0x800'5e39    0x2c  Code  Gb  strstr.o [2]
uwTick                  0x2000'0df8     0x4  Data  Gb  stm32l4xx_hal.o [1]
uwTickFreq              0x2000'0004     0x4  Data  Gb  stm32l4xx_hal.o [1]
uwTickPrio              0x2000'0000     0x4  Data  Gb  stm32l4xx_hal.o [1]
viTriBill               0x2000'0e00     0x1  Data  Gb  main.o [1]
viTriTien               0x2000'0dff     0x1  Data  Gb  main.o [1]


[1] = E:\Firmware\CodeTestL432KC\ReaderSimL432Oled\Firmware_L432KC\EWARM\NFC_L432KC\Obj
[2] = dl7M_tlf.a
[3] = m7M_tls.a
[4] = rt7M_tl.a
[5] = shb_l.a

  30'449 bytes of readonly  code memory
  19'711 bytes of readonly  data memory
   4'610 bytes of readwrite data memory

Errors: none
Warnings: none
