###############################################################################
#
# IAR ELF Linker V8.40.1.212/W32 for ARM                  03/Jul/2020  17:57:53
# Copyright 2007-2019 IAR Systems AB.
#
#    Output file  =
#        E:\Firmware\CodeTestL432KC\ReaderSimL432Oled\Firmware_L432KC\EWARM\NFC_L432KC\Exe\NFC_L432KC.out
#    Map file     =
#        E:\Firmware\CodeTestL432KC\ReaderSimL432Oled\Firmware_L432KC\EWARM\NFC_L432KC\List\NFC_L432KC.map
#    Command line =
#        -f C:\Users\ANNGUY~1\AppData\Local\Temp\EWB286.tmp
#        (E:\Firmware\CodeTestL432KC\ReaderSimL432Oled\Firmware_L432KC\EWARM\NFC_L432KC\Obj\bcdencode.o
#        E:\Firmware\CodeTestL432KC\ReaderSimL432Oled\Firmware_L432KC\EWARM\NFC_L432KC\Obj\Config.o
#        E:\Firmware\CodeTestL432KC\ReaderSimL432Oled\Firmware_L432KC\EWARM\NFC_L432KC\Obj\Fonts.o
#        E:\Firmware\CodeTestL432KC\ReaderSimL432Oled\Firmware_L432KC\EWARM\NFC_L432KC\Obj\i2c-lcd.o
#        E:\Firmware\CodeTestL432KC\ReaderSimL432Oled\Firmware_L432KC\EWARM\NFC_L432KC\Obj\main.o
#        E:\Firmware\CodeTestL432KC\ReaderSimL432Oled\Firmware_L432KC\EWARM\NFC_L432KC\Obj\ndef.o
#        E:\Firmware\CodeTestL432KC\ReaderSimL432Oled\Firmware_L432KC\EWARM\NFC_L432KC\Obj\nfcm1833_module.o
#        E:\Firmware\CodeTestL432KC\ReaderSimL432Oled\Firmware_L432KC\EWARM\NFC_L432KC\Obj\nfcm1833tiny.o
#        E:\Firmware\CodeTestL432KC\ReaderSimL432Oled\Firmware_L432KC\EWARM\NFC_L432KC\Obj\nfcm1833tinz.o
#        E:\Firmware\CodeTestL432KC\ReaderSimL432Oled\Firmware_L432KC\EWARM\NFC_L432KC\Obj\SSD1306.o
#        E:\Firmware\CodeTestL432KC\ReaderSimL432Oled\Firmware_L432KC\EWARM\NFC_L432KC\Obj\startup_stm32l432xx.o
#        E:\Firmware\CodeTestL432KC\ReaderSimL432Oled\Firmware_L432KC\EWARM\NFC_L432KC\Obj\stm32l4xx_hal.o
#        E:\Firmware\CodeTestL432KC\ReaderSimL432Oled\Firmware_L432KC\EWARM\NFC_L432KC\Obj\stm32l4xx_hal_cortex.o
#        E:\Firmware\CodeTestL432KC\ReaderSimL432Oled\Firmware_L432KC\EWARM\NFC_L432KC\Obj\stm32l4xx_hal_crc.o
#        E:\Firmware\CodeTestL432KC\ReaderSimL432Oled\Firmware_L432KC\EWARM\NFC_L432KC\Obj\stm32l4xx_hal_crc_ex.o
#        E:\Firmware\CodeTestL432KC\ReaderSimL432Oled\Firmware_L432KC\EWARM\NFC_L432KC\Obj\stm32l4xx_hal_dma.o
#        E:\Firmware\CodeTestL432KC\ReaderSimL432Oled\Firmware_L432KC\EWARM\NFC_L432KC\Obj\stm32l4xx_hal_dma_ex.o
#        E:\Firmware\CodeTestL432KC\ReaderSimL432Oled\Firmware_L432KC\EWARM\NFC_L432KC\Obj\stm32l4xx_hal_exti.o
#        E:\Firmware\CodeTestL432KC\ReaderSimL432Oled\Firmware_L432KC\EWARM\NFC_L432KC\Obj\stm32l4xx_hal_flash.o
#        E:\Firmware\CodeTestL432KC\ReaderSimL432Oled\Firmware_L432KC\EWARM\NFC_L432KC\Obj\stm32l4xx_hal_flash_ex.o
#        E:\Firmware\CodeTestL432KC\ReaderSimL432Oled\Firmware_L432KC\EWARM\NFC_L432KC\Obj\stm32l4xx_hal_flash_ramfunc.o
#        E:\Firmware\CodeTestL432KC\ReaderSimL432Oled\Firmware_L432KC\EWARM\NFC_L432KC\Obj\stm32l4xx_hal_gpio.o
#        E:\Firmware\CodeTestL432KC\ReaderSimL432Oled\Firmware_L432KC\EWARM\NFC_L432KC\Obj\stm32l4xx_hal_i2c.o
#        E:\Firmware\CodeTestL432KC\ReaderSimL432Oled\Firmware_L432KC\EWARM\NFC_L432KC\Obj\stm32l4xx_hal_i2c_ex.o
#        E:\Firmware\CodeTestL432KC\ReaderSimL432Oled\Firmware_L432KC\EWARM\NFC_L432KC\Obj\stm32l4xx_hal_msp.o
#        E:\Firmware\CodeTestL432KC\ReaderSimL432Oled\Firmware_L432KC\EWARM\NFC_L432KC\Obj\stm32l4xx_hal_pcd.o
#        E:\Firmware\CodeTestL432KC\ReaderSimL432Oled\Firmware_L432KC\EWARM\NFC_L432KC\Obj\stm32l4xx_hal_pcd_ex.o
#        E:\Firmware\CodeTestL432KC\ReaderSimL432Oled\Firmware_L432KC\EWARM\NFC_L432KC\Obj\stm32l4xx_hal_pwr.o
#        E:\Firmware\CodeTestL432KC\ReaderSimL432Oled\Firmware_L432KC\EWARM\NFC_L432KC\Obj\stm32l4xx_hal_pwr_ex.o
#        E:\Firmware\CodeTestL432KC\ReaderSimL432Oled\Firmware_L432KC\EWARM\NFC_L432KC\Obj\stm32l4xx_hal_rcc.o
#        E:\Firmware\CodeTestL432KC\ReaderSimL432Oled\Firmware_L432KC\EWARM\NFC_L432KC\Obj\stm32l4xx_hal_rcc_ex.o
#        E:\Firmware\CodeTestL432KC\ReaderSimL432Oled\Firmware_L432KC\EWARM\NFC_L432KC\Obj\stm32l4xx_hal_spi.o
#        E:\Firmware\CodeTestL432KC\ReaderSimL432Oled\Firmware_L432KC\EWARM\NFC_L432KC\Obj\stm32l4xx_hal_spi_ex.o
#        E:\Firmware\CodeTestL432KC\ReaderSimL432Oled\Firmware_L432KC\EWARM\NFC_L432KC\Obj\stm32l4xx_hal_tim.o
#        E:\Firmware\CodeTestL432KC\ReaderSimL432Oled\Firmware_L432KC\EWARM\NFC_L432KC\Obj\stm32l4xx_hal_tim_ex.o
#        E:\Firmware\CodeTestL432KC\ReaderSimL432Oled\Firmware_L432KC\EWARM\NFC_L432KC\Obj\stm32l4xx_hal_uart.o
#        E:\Firmware\CodeTestL432KC\ReaderSimL432Oled\Firmware_L432KC\EWARM\NFC_L432KC\Obj\stm32l4xx_hal_uart_ex.o
#        E:\Firmware\CodeTestL432KC\ReaderSimL432Oled\Firmware_L432KC\EWARM\NFC_L432KC\Obj\stm32l4xx_it.o
#        E:\Firmware\CodeTestL432KC\ReaderSimL432Oled\Firmware_L432KC\EWARM\NFC_L432KC\Obj\stm32l4xx_ll_usb.o
#        E:\Firmware\CodeTestL432KC\ReaderSimL432Oled\Firmware_L432KC\EWARM\NFC_L432KC\Obj\system_stm32l4xx.o
#        E:\Firmware\CodeTestL432KC\ReaderSimL432Oled\Firmware_L432KC\EWARM\NFC_L432KC\Obj\usbd_cdc.o
#        E:\Firmware\CodeTestL432KC\ReaderSimL432Oled\Firmware_L432KC\EWARM\NFC_L432KC\Obj\usbd_cdc_vcp.o
#        E:\Firmware\CodeTestL432KC\ReaderSimL432Oled\Firmware_L432KC\EWARM\NFC_L432KC\Obj\usbd_conf.o
#        E:\Firmware\CodeTestL432KC\ReaderSimL432Oled\Firmware_L432KC\EWARM\NFC_L432KC\Obj\usbd_core.o
#        E:\Firmware\CodeTestL432KC\ReaderSimL432Oled\Firmware_L432KC\EWARM\NFC_L432KC\Obj\usbd_ctlreq.o
#        E:\Firmware\CodeTestL432KC\ReaderSimL432Oled\Firmware_L432KC\EWARM\NFC_L432KC\Obj\usbd_desc.o
#        E:\Firmware\CodeTestL432KC\ReaderSimL432Oled\Firmware_L432KC\EWARM\NFC_L432KC\Obj\usbd_hid.o
#        E:\Firmware\CodeTestL432KC\ReaderSimL432Oled\Firmware_L432KC\EWARM\NFC_L432KC\Obj\usbd_hid_keyboard.o
#        E:\Firmware\CodeTestL432KC\ReaderSimL432Oled\Firmware_L432KC\EWARM\NFC_L432KC\Obj\usbd_ioreq.o
#        --redirect _Printf=_PrintfFull --redirect _Scanf=_ScanfFull
#        --no_out_extension -o
#        E:\Firmware\CodeTestL432KC\ReaderSimL432Oled\Firmware_L432KC\EWARM\NFC_L432KC\Exe\NFC_L432KC.out
#        --map
#        E:\Firmware\CodeTestL432KC\ReaderSimL432Oled\Firmware_L432KC\EWARM\NFC_L432KC\List\NFC_L432KC.map
#        --config
#        E:\Firmware\CodeTestL432KC\ReaderSimL432Oled\Firmware_L432KC\EWARM/stm32l432xx_flash.icf
#        --semihosting --entry __iar_program_start --vfe --text_out locale)
#
###############################################################################

*******************************************************************************
*** RUNTIME MODEL ATTRIBUTES
***

CppFlavor       = *
__SystemLibrary = DLib
__dlib_version  = 6


*******************************************************************************
*** HEAP SELECTION
***

The basic heap was selected because no calls to memory allocation
functions were found in the application outside of system library
functions, and there are calls to deallocation functions in the
application.


*******************************************************************************
*** PLACEMENT SUMMARY
***

"A0":  place at address 0x800'0000 { ro section .intvec };
"P1":  place in [from 0x800'0000 to 0x803'ffff] { ro };
define block CSTACK with size = 1K, alignment = 8 { };
define block HEAP with size = 512, alignment = 8 { };
"P2":  place in [from 0x2000'0000 to 0x2000'ffff] {
          rw, block CSTACK, block HEAP };
initialize by copy { rw };

  Section            Kind         Address    Size  Object
  -------            ----         -------    ----  ------
"A0":                                       0x18c
  .intvec            ro code   0x800'0000   0x18c  startup_stm32l432xx.o [1]
                             - 0x800'018c   0x18c

"P1":                                      0xc3f4
  .rodata            const     0x800'018c  0x3840  Fonts.o [1]
  .text              ro code   0x800'39cc   0xe24  main.o [1]
  .text              ro code   0x800'47f0    0x24  stm32l4xx_hal.o [1]
  .text              ro code   0x800'4814    0x2a  nfcm1833_module.o [1]
  .text              ro code   0x800'483e    0x3a  zero_init3.o [4]
  .text              ro code   0x800'4878   0x4f2  SSD1306.o [1]
  .text              ro code   0x800'4d6a    0x10  Config.o [1]
  .text              ro code   0x800'4d7a    0x2e  copy_init3.o [4]
  .text              ro code   0x800'4da8   0x3ce  stm32l4xx_hal_gpio.o [1]
  .rodata            const     0x800'5176     0x1  nfcm1833tinz.o [1]
  .rodata            const     0x800'5177     0x1  nfcm1833tinz.o [1]
  .text              ro code   0x800'5178    0x28  stm32l4xx_hal.o [1]
  .text              ro code   0x800'51a0   0x248  bcdencode.o [1]
  .text              ro code   0x800'53e8   0xa92  stm32l4xx_hal_uart.o [1]
  .rodata            const     0x800'5e7a     0x1  nfcm1833tinz.o [1]
  .text              ro code   0x800'5e7c    0xa6  ABImemcpy.o [4]
  .text              ro code   0x800'5f24    0x36  strlen.o [4]
  .text              ro code   0x800'5f5c     0xc  stm32l4xx_hal.o [1]
  .text              ro code   0x800'5f68    0x2c  strstr.o [2]
  .text              ro code   0x800'5f94    0x66  ABImemset.o [4]
  .text              ro code   0x800'5ffc   0xc54  stm32l4xx_hal_rcc.o [1]
  .text              ro code   0x800'6c50   0x74c  stm32l4xx_hal_rcc_ex.o [1]
  .text              ro code   0x800'739c    0xb0  stm32l4xx_hal_pwr_ex.o [1]
  .text              ro code   0x800'744c   0x25c  stm32l4xx_hal_crc.o [1]
  .text              ro code   0x800'76a8   0x5ac  stm32l4xx_hal_i2c.o [1]
  .text              ro code   0x800'7c54   0x124  stm32l4xx_hal_i2c_ex.o [1]
  .text              ro code   0x800'7d78   0x706  stm32l4xx_hal_spi.o [1]
  .text              ro code   0x800'8480   0x19c  stm32l4xx_hal_cortex.o [1]
  .text              ro code   0x800'861c    0x60  stm32l4xx_hal.o [1]
  .text              ro code   0x800'867c   0x214  stm32l4xx_hal_msp.o [1]
  .text              ro code   0x800'8890   0x480  nfcm1833tinz.o [1]
  .text              ro code   0x800'8d10   0x230  I64DivMod.o [4]
  .text              ro code   0x800'8f40    0x16  strchr.o [4]
  .text              ro code   0x800'8f58    0xa0  stm32l4xx_hal_crc_ex.o [1]
  .text              ro code   0x800'8ff8    0x14  memset.o [4]
  .text              ro code   0x800'900c     0x2  I64DivZer.o [4]
  .text              ro code   0x800'900e   0x864  stm32l4xx_ll_usb.o [1]
  .text              ro code   0x800'9874   0x7d4  stm32l4xx_hal_pcd.o [1]
  .text              ro code   0x800'a048   0x314  usbd_conf.o [1]
  .text              ro code   0x800'a35c   0x31a  usbd_core.o [1]
  .text              ro code   0x800'a678   0x766  usbd_ctlreq.o [1]
  .text              ro code   0x800'adde    0x94  usbd_ioreq.o [1]
  .rodata            const     0x800'ae74   0x5f0  Fonts.o [1]
  .rodata            const     0x800'b464   0x474  Fonts.o [1]
  .rodata            const     0x800'b8d8   0x100  nfcm1833tinz.o [1]
  .rodata            const     0x800'b9d8   0x100  nfcm1833tinz.o [1]
  .rodata            const     0x800'bad8    0x90  stm32l4xx_hal_cortex.o [1]
  .rodata            const     0x800'bb68    0x90  stm32l4xx_hal_crc_ex.o [1]
  .rodata            const     0x800'bbf8    0x90  stm32l4xx_hal_i2c_ex.o [1]
  .rodata            const     0x800'bc88    0x90  stm32l4xx_hal_pwr_ex.o [1]
  .rodata            const     0x800'bd18    0x90  stm32l4xx_hal_rcc_ex.o [1]
  .rodata            const     0x800'bda8    0x8c  stm32l4xx_hal_crc.o [1]
  .rodata            const     0x800'be34    0x8c  stm32l4xx_hal_gpio.o [1]
  .rodata            const     0x800'bec0    0x8c  stm32l4xx_hal_i2c.o [1]
  .rodata            const     0x800'bf4c    0x8c  stm32l4xx_hal_rcc.o [1]
  .rodata            const     0x800'bfd8    0x8c  stm32l4xx_hal_spi.o [1]
  .rodata            const     0x800'c064    0x8c  stm32l4xx_hal_uart.o [1]
  .rodata            const     0x800'c0f0    0x64  main.o [1]
  .text              ro code   0x800'c154    0x60  system_stm32l4xx.o [1]
  .rodata            const     0x800'c1b4    0x58  nfcm1833tinz.o [1]
  .text              ro code   0x800'c20c    0x36  stm32l4xx_it.o [1]
  .text              ro code   0x800'c244    0x18  stm32l4xx_hal.o [1]
  .rodata            const     0x800'c25c    0x30  system_stm32l4xx.o [1]
  .text              ro code   0x800'c28c    0x28  data_init.o [4]
  .text              ro code   0x800'c2b4    0x22  fpinit_M.o [3]
  .iar.init_table    const     0x800'c2d8    0x24  - Linker created -
  .rodata            const     0x800'c2fc    0x20  main.o [1]
  .rodata            const     0x800'c31c    0x20  main.o [1]
  .text              ro code   0x800'c33c    0x1e  cmain.o [4]
  .text              ro code   0x800'c35a     0x4  low_level_init.o [2]
  .text              ro code   0x800'c35e     0x4  exit.o [2]
  .text              ro code   0x800'c364     0xa  cexit.o [4]
  .text              ro code   0x800'c370    0x14  exit.o [5]
  .rodata            const     0x800'c384    0x10  main.o [1]
  .rodata            const     0x800'c394    0x10  main.o [1]
  .rodata            const     0x800'c3a4    0x10  main.o [1]
  .rodata            const     0x800'c3b4    0x10  system_stm32l4xx.o [1]
  .text              ro code   0x800'c3c4    0x10  startup_stm32l432xx.o [1]
  .rodata            const     0x800'c3d4     0xc  main.o [1]
  .rodata            const     0x800'c3e0     0xc  main.o [1]
  .rodata            const     0x800'c3ec     0xc  main.o [1]
  .rodata            const     0x800'c3f8     0xc  main.o [1]
  .rodata            const     0x800'c404     0xc  main.o [1]
  .rodata            const     0x800'c410     0xc  main.o [1]
  .rodata            const     0x800'c41c     0xc  main.o [1]
  .text              ro code   0x800'c428     0xc  cstartup_M.o [4]
  Initializer bytes  const     0x800'c434     0xc  <for P2-1>
  .rodata            const     0x800'c440     0x8  main.o [1]
  .rodata            const     0x800'c448     0x8  main.o [1]
  .rodata            const     0x800'c450     0x8  main.o [1]
  .rodata            const     0x800'c458     0x8  main.o [1]
  .rodata            const     0x800'c460     0x8  main.o [1]
  .rodata            const     0x800'c468     0x8  main.o [1]
  .rodata            const     0x800'c470     0x8  main.o [1]
  .rodata            const     0x800'c478     0x8  main.o [1]
  .rodata            const     0x800'c480     0x8  nfcm1833tinz.o [1]
  .rodata            const     0x800'c488     0x8  system_stm32l4xx.o [1]
  .rodata            const     0x800'c490     0x4  nfcm1833tinz.o [1]
  .rodata            const     0x800'c494     0x4  nfcm1833tinz.o [1]
  .text              ro code   0x800'c498     0x4  startup_stm32l432xx.o [1]
  .text              ro code   0x800'c49c     0x4  startup_stm32l432xx.o [1]
  .text              ro code   0x800'c4a0     0x4  startup_stm32l432xx.o [1]
  .text              ro code   0x800'c4a4     0x4  startup_stm32l432xx.o [1]
  .text              ro code   0x800'c4a8     0x4  startup_stm32l432xx.o [1]
  .text              ro code   0x800'c4ac     0x4  startup_stm32l432xx.o [1]
  .text              ro code   0x800'c4b0     0x4  startup_stm32l432xx.o [1]
  .text              ro code   0x800'c4b4     0x4  startup_stm32l432xx.o [1]
  .text              ro code   0x800'c4b8     0x4  startup_stm32l432xx.o [1]
  .text              ro code   0x800'c4bc     0x4  startup_stm32l432xx.o [1]
  .text              ro code   0x800'c4c0     0x4  startup_stm32l432xx.o [1]
  .text              ro code   0x800'c4c4     0x4  startup_stm32l432xx.o [1]
  .text              ro code   0x800'c4c8     0x4  startup_stm32l432xx.o [1]
  .text              ro code   0x800'c4cc     0x4  startup_stm32l432xx.o [1]
  .text              ro code   0x800'c4d0     0x4  startup_stm32l432xx.o [1]
  .text              ro code   0x800'c4d4     0x4  startup_stm32l432xx.o [1]
  .text              ro code   0x800'c4d8     0x4  startup_stm32l432xx.o [1]
  .text              ro code   0x800'c4dc     0x4  startup_stm32l432xx.o [1]
  .text              ro code   0x800'c4e0     0x4  startup_stm32l432xx.o [1]
  .text              ro code   0x800'c4e4     0x4  startup_stm32l432xx.o [1]
  .text              ro code   0x800'c4e8     0x4  startup_stm32l432xx.o [1]
  .text              ro code   0x800'c4ec     0x4  startup_stm32l432xx.o [1]
  .text              ro code   0x800'c4f0     0x4  startup_stm32l432xx.o [1]
  .text              ro code   0x800'c4f4     0x4  startup_stm32l432xx.o [1]
  .text              ro code   0x800'c4f8     0x4  startup_stm32l432xx.o [1]
  .text              ro code   0x800'c4fc     0x4  startup_stm32l432xx.o [1]
  .text              ro code   0x800'c500     0x4  startup_stm32l432xx.o [1]
  .text              ro code   0x800'c504     0x4  startup_stm32l432xx.o [1]
  .text              ro code   0x800'c508     0x4  startup_stm32l432xx.o [1]
  .text              ro code   0x800'c50c     0x4  startup_stm32l432xx.o [1]
  .text              ro code   0x800'c510     0x4  startup_stm32l432xx.o [1]
  .text              ro code   0x800'c514     0x4  startup_stm32l432xx.o [1]
  .text              ro code   0x800'c518     0x4  startup_stm32l432xx.o [1]
  .text              ro code   0x800'c51c     0x4  startup_stm32l432xx.o [1]
  .text              ro code   0x800'c520     0x4  startup_stm32l432xx.o [1]
  .text              ro code   0x800'c524     0x4  startup_stm32l432xx.o [1]
  .text              ro code   0x800'c528     0x4  startup_stm32l432xx.o [1]
  .text              ro code   0x800'c52c     0x4  startup_stm32l432xx.o [1]
  .text              ro code   0x800'c530     0x4  startup_stm32l432xx.o [1]
  .text              ro code   0x800'c534     0x4  startup_stm32l432xx.o [1]
  .text              ro code   0x800'c538     0x4  startup_stm32l432xx.o [1]
  .text              ro code   0x800'c53c     0x4  startup_stm32l432xx.o [1]
  .text              ro code   0x800'c540     0x4  startup_stm32l432xx.o [1]
  .text              ro code   0x800'c544     0x4  startup_stm32l432xx.o [1]
  .text              ro code   0x800'c548     0x4  startup_stm32l432xx.o [1]
  .text              ro code   0x800'c54c     0x4  startup_stm32l432xx.o [1]
  .text              ro code   0x800'c550     0x4  startup_stm32l432xx.o [1]
  .text              ro code   0x800'c554     0x4  startup_stm32l432xx.o [1]
  .text              ro code   0x800'c558     0x4  startup_stm32l432xx.o [1]
  .text              ro code   0x800'c55c     0x4  startup_stm32l432xx.o [1]
  .text              ro code   0x800'c560     0x4  startup_stm32l432xx.o [1]
  .text              ro code   0x800'c564     0x4  startup_stm32l432xx.o [1]
  .text              ro code   0x800'c568     0x4  startup_stm32l432xx.o [1]
  .text              ro code   0x800'c56c     0x4  startup_stm32l432xx.o [1]
  .text              ro code   0x800'c570     0x4  startup_stm32l432xx.o [1]
  .text              ro code   0x800'c574     0x4  startup_stm32l432xx.o [1]
  .text              ro code   0x800'c578     0x4  startup_stm32l432xx.o [1]
  .text              ro code   0x800'c57c     0x4  startup_stm32l432xx.o [1]
  .rodata            const     0x800'c580     0x0  zero_init3.o [4]
  .rodata            const     0x800'c580     0x0  copy_init3.o [4]
                             - 0x800'c580  0xc3f4

"P2", part 1 of 3:                            0xc
  P2-1                        0x2000'0000     0xc  <Init block>
    .data            inited   0x2000'0000     0x4  stm32l4xx_hal.o [1]
    .data            inited   0x2000'0004     0x4  stm32l4xx_hal.o [1]
    .data            inited   0x2000'0008     0x4  system_stm32l4xx.o [1]
                            - 0x2000'000c     0xc

"P2", part 2 of 3:                          0xe78
  .bss               zero     0x2000'000c   0x400  SSD1306.o [1]
  .bss               zero     0x2000'040c   0x274  usbd_conf.o [1]
  .bss               zero     0x2000'0680   0x1f4  main.o [1]
  .bss               zero     0x2000'0874   0x1f4  main.o [1]
  .bss               zero     0x2000'0a68   0x1f4  main.o [1]
  .bss               zero     0x2000'0c5c    0x80  main.o [1]
  .bss               zero     0x2000'0cdc    0x80  main.o [1]
  .bss               zero     0x2000'0d5c    0x64  main.o [1]
  .bss               zero     0x2000'0dc0    0x4c  main.o [1]
  .bss               zero     0x2000'0e0c    0x24  main.o [1]
  .bss               zero     0x2000'0e30    0x10  main.o [1]
  .bss               zero     0x2000'0e40    0x10  main.o [1]
  .bss               zero     0x2000'0e50    0x10  main.o [1]
  .bss               zero     0x2000'0e60    0x10  main.o [1]
  .bss               zero     0x2000'0e70     0x8  main.o [1]
  .bss               zero     0x2000'0e78     0x4  stm32l4xx_hal.o [1]
  .bss               zero     0x2000'0e7c     0x2  main.o [1]
  .bss               zero     0x2000'0e7e     0x1  main.o [1]
  .bss               zero     0x2000'0e7f     0x1  main.o [1]
  .bss               zero     0x2000'0e80     0x1  main.o [1]
  .bss               zero     0x2000'0e81     0x1  usbd_ctlreq.o [1]
                            - 0x2000'0e82   0xe76

"P2", part 3 of 3:                          0x400
  CSTACK                      0x2000'0e88   0x400  <Block>
    CSTACK           uninit   0x2000'0e88   0x400  <Block tail>
                            - 0x2000'1288   0x400

Unused ranges:

         From           To      Size
         ----           --      ----
   0x800'c580   0x803'ffff  0x3'3a80
  0x2000'0e84  0x2000'0e87       0x4
  0x2000'1288  0x2000'ffff    0xed78


*******************************************************************************
*** INIT TABLE
***

          Address      Size
          -------      ----
Zero (__iar_zero_init3)
    1 destination range, total size 0xe76:
          0x2000'000c  0xe76

Copy (__iar_copy_init3)
    1 source range, total size 0xc:
           0x800'c434    0xc
    1 destination range, total size 0xc:
          0x2000'0000    0xc



*******************************************************************************
*** MODULE SUMMARY
***

    Module                  ro code  ro data  rw data
    ------                  -------  -------  -------
command line/config:
    -------------------------------------------------
    Total:

E:\Firmware\CodeTestL432KC\ReaderSimL432Oled\Firmware_L432KC\EWARM\NFC_L432KC\Obj: [1]
    Config.o                     16
    Fonts.o                           17'060
    SSD1306.o                 1'266             1'024
    bcdencode.o                 584
    main.o                    3'620      360    2'045
    nfcm1833_module.o            42
    nfcm1833tinz.o            1'152      619
    startup_stm32l432xx.o       644
    stm32l4xx_hal.o             208        8       12
    stm32l4xx_hal_cortex.o      412      144
    stm32l4xx_hal_crc.o         604      140
    stm32l4xx_hal_crc_ex.o      160      144
    stm32l4xx_hal_gpio.o        974      140
    stm32l4xx_hal_i2c.o       1'452      140
    stm32l4xx_hal_i2c_ex.o      292      144
    stm32l4xx_hal_msp.o         532
    stm32l4xx_hal_pcd.o       2'004
    stm32l4xx_hal_pwr_ex.o      176      144
    stm32l4xx_hal_rcc.o       3'156      140
    stm32l4xx_hal_rcc_ex.o    1'868      144
    stm32l4xx_hal_spi.o       1'798      140
    stm32l4xx_hal_uart.o      2'706      140
    stm32l4xx_it.o               54
    stm32l4xx_ll_usb.o        2'148
    system_stm32l4xx.o           96       76        4
    usbd_conf.o                 788               628
    usbd_core.o                 794
    usbd_ctlreq.o             1'894                 1
    usbd_ioreq.o                148
    -------------------------------------------------
    Total:                   29'588   19'683    3'714

dl7M_tlf.a: [2]
    exit.o                        4
    low_level_init.o              4
    strstr.o                     44
    -------------------------------------------------
    Total:                       52

m7M_tls.a: [3]
    fpinit_M.o                   34
    -------------------------------------------------
    Total:                       34

rt7M_tl.a: [4]
    ABImemcpy.o                 166
    ABImemset.o                 102
    I64DivMod.o                 560
    I64DivZer.o                   2
    cexit.o                      10
    cmain.o                      30
    copy_init3.o                 46
    cstartup_M.o                 12
    data_init.o                  40
    memset.o                     20
    strchr.o                     22
    strlen.o                     54
    zero_init3.o                 58
    -------------------------------------------------
    Total:                    1'122

shb_l.a: [5]
    exit.o                       20
    -------------------------------------------------
    Total:                       20

    Gaps                         21        4
    Linker created                        36    1'024
-----------------------------------------------------
    Grand Total:             30'837   19'723    4'738


*******************************************************************************
*** ENTRY LIST
***

Entry                       Address    Size  Type      Object
-----                       -------    ----  ----      ------
.iar.init_table$$Base    0x800'c2d8           --   Gb  - Linker created -
.iar.init_table$$Limit   0x800'c2fc           --   Gb  - Linker created -
?main                    0x800'c33d          Code  Gb  cmain.o [4]
AHBPrescTable            0x800'c3b4    0x10  Data  Gb  system_stm32l4xx.o [1]
APBPrescTable            0x800'c488     0x8  Data  Gb  system_stm32l4xx.o [1]
BusFault_Handler         0x800'c219     0x2  Code  Gb  stm32l4xx_it.o [1]
CRC_Handle_16            0x800'7671    0x38  Code  Lc  stm32l4xx_hal_crc.o [1]
CRC_Handle_8             0x800'75d9    0x98  Code  Lc  stm32l4xx_hal_crc.o [1]
CSTACK$$Base            0x2000'0e88           --   Gb  - Linker created -
CSTACK$$Limit           0x2000'1288           --   Gb  - Linker created -
ConekLogo                0x800'018c  0x3840  Data  Gb  Fonts.o [1]
DWT_Delay_Init           0x800'4879    0x44  Code  Gb  SSD1306.o [1]
DWT_Delay_us             0x800'48bd    0x28  Code  Gb  SSD1306.o [1]
DebugMon_Handler         0x800'c21f     0x2  Code  Gb  stm32l4xx_it.o [1]
DisplaySendText          0x800'400b    0x50  Code  Gb  main.o [1]
EXTI0_IRQHandler         0x800'c239     0xa  Code  Gb  stm32l4xx_it.o [1]
Error_Handler            0x800'47ed     0x2  Code  Gb  main.o [1]
HAL_CRCEx_Polynomial_Set
                         0x800'8f59    0x9c  Code  Gb  stm32l4xx_hal_crc_ex.o [1]
HAL_CRC_Calculate        0x800'7569    0x70  Code  Gb  stm32l4xx_hal_crc.o [1]
HAL_CRC_Init             0x800'744d   0x110  Code  Gb  stm32l4xx_hal_crc.o [1]
HAL_CRC_MspInit          0x800'86ab    0x22  Code  Gb  stm32l4xx_hal_msp.o [1]
HAL_Delay                0x800'5179    0x28  Code  Wk  stm32l4xx_hal.o [1]
HAL_GPIO_EXTI_IRQHandler
                         0x800'5111    0x20  Code  Gb  stm32l4xx_hal_gpio.o [1]
HAL_GPIO_Init            0x800'4da9   0x2f0  Code  Gb  stm32l4xx_hal_gpio.o [1]
HAL_GPIO_ReadPin         0x800'5099    0x2c  Code  Gb  stm32l4xx_hal_gpio.o [1]
HAL_GPIO_WritePin        0x800'50c5    0x4c  Code  Gb  stm32l4xx_hal_gpio.o [1]
HAL_GetTick              0x800'5f5d     0xc  Code  Wk  stm32l4xx_hal.o [1]
HAL_I2CEx_ConfigAnalogFilter
                         0x800'7c55    0x92  Code  Gb  stm32l4xx_hal_i2c_ex.o [1]
HAL_I2CEx_ConfigDigitalFilter
                         0x800'7ce7    0x86  Code  Gb  stm32l4xx_hal_i2c_ex.o [1]
HAL_I2C_Init             0x800'76a9   0x1b6  Code  Gb  stm32l4xx_hal_i2c.o [1]
HAL_I2C_Master_Transmit
                         0x800'785f   0x17e  Code  Gb  stm32l4xx_hal_i2c.o [1]
HAL_I2C_MspInit          0x800'86cd    0x60  Code  Gb  stm32l4xx_hal_msp.o [1]
HAL_IncTick              0x800'c245    0x18  Code  Wk  stm32l4xx_hal.o [1]
HAL_Init                 0x800'47f1    0x24  Code  Gb  stm32l4xx_hal.o [1]
HAL_InitTick             0x800'861d    0x60  Code  Wk  stm32l4xx_hal.o [1]
HAL_MspInit              0x800'867d    0x2e  Code  Gb  stm32l4xx_hal_msp.o [1]
HAL_NVIC_SetPriority     0x800'859d    0x46  Code  Gb  stm32l4xx_hal_cortex.o [1]
HAL_NVIC_SetPriorityGrouping
                         0x800'8573    0x2a  Code  Gb  stm32l4xx_hal_cortex.o [1]
HAL_NVIC_SystemReset     0x800'85e3     0x8  Code  Gb  stm32l4xx_hal_cortex.o [1]
HAL_PCDEx_LPM_Callback   0x800'a303    0x4c  Code  Gb  usbd_conf.o [1]
HAL_PCD_DataInStageCallback
                         0x800'a07b    0x1e  Code  Gb  usbd_conf.o [1]
HAL_PCD_DataOutStageCallback
                         0x800'a05b    0x20  Code  Gb  usbd_conf.o [1]
HAL_PCD_EP_ClrStall      0x800'9c3b    0x78  Code  Gb  stm32l4xx_hal_pcd.o [1]
HAL_PCD_EP_Open          0x800'9a6d    0x9e  Code  Gb  stm32l4xx_hal_pcd.o [1]
HAL_PCD_EP_Receive       0x800'9b0b    0x56  Code  Gb  stm32l4xx_hal_pcd.o [1]
HAL_PCD_EP_SetStall      0x800'9bb7    0x84  Code  Gb  stm32l4xx_hal_pcd.o [1]
HAL_PCD_EP_Transmit      0x800'9b61    0x56  Code  Gb  stm32l4xx_hal_pcd.o [1]
HAL_PCD_IRQHandler       0x800'9875   0x1c8  Code  Gb  stm32l4xx_hal_pcd.o [1]
HAL_PCD_ResetCallback    0x800'a0a7    0x26  Code  Gb  usbd_conf.o [1]
HAL_PCD_ResumeCallback   0x800'a0ed    0x24  Code  Gb  usbd_conf.o [1]
HAL_PCD_SOFCallback      0x800'a099     0xe  Code  Gb  usbd_conf.o [1]
HAL_PCD_SetAddress       0x800'9a3d    0x30  Code  Gb  stm32l4xx_hal_pcd.o [1]
HAL_PCD_SetupStageCallback
                         0x800'a049    0x12  Code  Gb  usbd_conf.o [1]
HAL_PCD_SuspendCallback
                         0x800'a0cd    0x20  Code  Gb  usbd_conf.o [1]
HAL_PWREx_ControlVoltageScaling
                         0x800'73a9    0x8e  Code  Gb  stm32l4xx_hal_pwr_ex.o [1]
HAL_PWREx_GetVoltageRange
                         0x800'739d     0xc  Code  Gb  stm32l4xx_hal_pwr_ex.o [1]
HAL_RCCEx_PeriphCLKConfig
                         0x800'6c51   0x4d2  Code  Gb  stm32l4xx_hal_rcc_ex.o [1]
HAL_RCC_ClockConfig      0x800'6813   0x23c  Code  Gb  stm32l4xx_hal_rcc.o [1]
HAL_RCC_GetHCLKFreq      0x800'6b43     0x6  Code  Gb  stm32l4xx_hal_rcc.o [1]
HAL_RCC_GetPCLK1Freq     0x800'6b49    0x1a  Code  Gb  stm32l4xx_hal_rcc.o [1]
HAL_RCC_GetPCLK2Freq     0x800'6b63    0x1a  Code  Gb  stm32l4xx_hal_rcc.o [1]
HAL_RCC_GetSysClockFreq
                         0x800'6a6d    0xd6  Code  Gb  stm32l4xx_hal_rcc.o [1]
HAL_RCC_OscConfig        0x800'5ffd   0x816  Code  Gb  stm32l4xx_hal_rcc.o [1]
HAL_SPI_Init             0x800'7d79   0x26c  Code  Gb  stm32l4xx_hal_spi.o [1]
HAL_SPI_MspInit          0x800'872d    0x88  Code  Gb  stm32l4xx_hal_msp.o [1]
HAL_SPI_TransmitReceive
                         0x800'7fe5   0x2e0  Code  Gb  stm32l4xx_hal_spi.o [1]
HAL_SYSTICK_Config       0x800'85eb     0xc  Code  Gb  stm32l4xx_hal_cortex.o [1]
HAL_UART_Init            0x800'53e9    0xd0  Code  Gb  stm32l4xx_hal_uart.o [1]
HAL_UART_MspInit         0x800'87b5    0xb4  Code  Gb  stm32l4xx_hal_msp.o [1]
HAL_UART_Receive         0x800'5593   0x146  Code  Gb  stm32l4xx_hal_uart.o [1]
HAL_UART_Transmit        0x800'54b9    0xda  Code  Gb  stm32l4xx_hal_uart.o [1]
HardFault_Handler        0x800'c20f     0x8  Code  Gb  stm32l4xx_it.o [1]
I2C_Flush_TXDR           0x800'79f1    0x24  Code  Lc  stm32l4xx_hal_i2c.o [1]
I2C_IsAcknowledgeFailed
                         0x800'7b1d    0x8a  Code  Lc  stm32l4xx_hal_i2c.o [1]
I2C_TransferConfig       0x800'7ba7    0x8c  Code  Lc  stm32l4xx_hal_i2c.o [1]
I2C_WaitOnFlagUntilTimeout
                         0x800'7a15    0x5e  Code  Lc  stm32l4xx_hal_i2c.o [1]
I2C_WaitOnSTOPFlagUntilTimeout
                         0x800'7acb    0x52  Code  Lc  stm32l4xx_hal_i2c.o [1]
I2C_WaitOnTXISFlagUntilTimeout
                         0x800'7a73    0x58  Code  Lc  stm32l4xx_hal_i2c.o [1]
IMEI_SIM                0x2000'0a68   0x1f4  Data  Gb  main.o [1]
IMEI_SIM_REAL           0x2000'0e40    0x10  Data  Gb  main.o [1]
KhoiDongSim              0x800'3ec9   0x142  Code  Gb  main.o [1]
MSIRangeTable            0x800'c25c    0x30  Data  Gb  system_stm32l4xx.o [1]
MX_CRC_Init              0x800'4519    0x3a  Code  Lc  main.o [1]
MX_GPIO_Init             0x800'4635    0xb8  Code  Lc  main.o [1]
MX_I2C1_Init             0x800'4561    0x58  Code  Lc  main.o [1]
MX_SPI1_Init             0x800'45c9    0x50  Code  Lc  main.o [1]
MX_USART1_UART_Init      0x800'46f1    0x3c  Code  Lc  main.o [1]
MX_USART2_UART_Init      0x800'4735    0x3c  Code  Lc  main.o [1]
MemManage_Handler        0x800'c217     0x2  Code  Gb  stm32l4xx_it.o [1]
NMI_Handler              0x800'c20d     0x2  Code  Gb  stm32l4xx_it.o [1]
NVIC_EncodePriority      0x800'84df    0x40  Code  Lc  stm32l4xx_hal_cortex.o [1]
OLED_init                0x800'4d6b     0x8  Code  Gb  Config.o [1]
PCD_EP_ISR_Handler       0x800'9cb3   0x396  Code  Lc  stm32l4xx_hal_pcd.o [1]
PendSV_Handler           0x800'c221     0x2  Code  Gb  stm32l4xx_it.o [1]
RCCEx_PLLSAI1_Config     0x800'7141   0x236  Code  Lc  stm32l4xx_hal_rcc_ex.o [1]
RCC_SetFlashLatencyFromMSIRange
                         0x800'6b89    0x8a  Code  Lc  stm32l4xx_hal_rcc.o [1]
Region$$Table$$Base      0x800'c2d8           --   Gb  - Linker created -
Region$$Table$$Limit     0x800'c2fc           --   Gb  - Linker created -
SPI_EndRxTxTransaction   0x800'8415    0x6a  Code  Lc  stm32l4xx_hal_spi.o [1]
SPI_WaitFifoStateUntilTimeout
                         0x800'8371    0xa4  Code  Lc  stm32l4xx_hal_spi.o [1]
SPI_WaitFlagStateUntilTimeout
                         0x800'82d1    0xa0  Code  Lc  stm32l4xx_hal_spi.o [1]
SVC_Handler              0x800'c21d     0x2  Code  Gb  stm32l4xx_it.o [1]
Sim_Response             0x800'42fb    0xc6  Code  Gb  main.o [1]
Sim_Rxdata              0x2000'0e7c     0x2  Data  Gb  main.o [1]
Sim_Rxdata1             0x2000'0874   0x1f4  Data  Gb  main.o [1]
Sim_response            0x2000'0680   0x1f4  Data  Gb  main.o [1]
Sim_sendCommand          0x800'420f    0xec  Code  Gb  main.o [1]
Sim_sendCommand_IMEI     0x800'43c9    0x8a  Code  Gb  main.o [1]
So_Bill                 0x2000'0e60    0x10  Data  Gb  main.o [1]
So_Tien_Pay             0x2000'0e50    0x10  Data  Gb  main.o [1]
SysTick_Config           0x800'853d    0x36  Code  Lc  stm32l4xx_hal_cortex.o [1]
SysTick_Handler          0x800'c223     0x8  Code  Gb  stm32l4xx_it.o [1]
SystemClockConfig_Resume
                         0x800'a355     0x8  Code  Lc  usbd_conf.o [1]
SystemClock_Config       0x800'4459    0xc0  Code  Gb  main.o [1]
SystemCoreClock         0x2000'0008     0x4  Data  Gb  system_stm32l4xx.o [1]
SystemInit               0x800'c155    0x42  Code  Gb  system_stm32l4xx.o [1]
UART_AdvFeatureConfig    0x800'5b8b   0x1f2  Code  Gb  stm32l4xx_hal_uart.o [1]
UART_CheckIdleState      0x800'5da9    0x68  Code  Gb  stm32l4xx_hal_uart.o [1]
UART_SetConfig           0x800'56e9   0x4a2  Code  Gb  stm32l4xx_hal_uart.o [1]
UART_WaitOnFlagUntilTimeout
                         0x800'5e11    0x6a  Code  Gb  stm32l4xx_hal_uart.o [1]
USBD_ClrClassConfig      0x800'a38f    0x18  Code  Gb  usbd_core.o [1]
USBD_ClrFeature          0x800'ad71    0x2e  Code  Lc  usbd_ctlreq.o [1]
USBD_CtlContinueRx       0x800'ae25    0x1a  Code  Gb  usbd_ioreq.o [1]
USBD_CtlContinueSendData
                         0x800'ae0b    0x1a  Code  Gb  usbd_ioreq.o [1]
USBD_CtlError            0x800'adc7    0x18  Code  Gb  usbd_ctlreq.o [1]
USBD_CtlReceiveStatus    0x800'ae59    0x1a  Code  Gb  usbd_ioreq.o [1]
USBD_CtlSendData         0x800'addf    0x2c  Code  Gb  usbd_ioreq.o [1]
USBD_CtlSendStatus       0x800'ae3f    0x1a  Code  Gb  usbd_ioreq.o [1]
USBD_GetConfig           0x800'acbd    0x4e  Code  Lc  usbd_ctlreq.o [1]
USBD_GetDescriptor       0x800'aa09   0x178  Code  Lc  usbd_ctlreq.o [1]
USBD_GetStatus           0x800'ad0b    0x4c  Code  Lc  usbd_ctlreq.o [1]
USBD_LL_ClearStallEP     0x800'a1a9    0x42  Code  Gb  usbd_conf.o [1]
USBD_LL_DataInStage      0x800'a4bd   0x10c  Code  Gb  usbd_core.o [1]
USBD_LL_DataOutStage     0x800'a40f    0xae  Code  Gb  usbd_core.o [1]
USBD_LL_IsStallEP        0x800'a1eb    0x2e  Code  Gb  usbd_conf.o [1]
USBD_LL_OpenEP           0x800'a111    0x56  Code  Gb  usbd_conf.o [1]
USBD_LL_PrepareReceive   0x800'a2af    0x54  Code  Gb  usbd_conf.o [1]
USBD_LL_Reset            0x800'a5c9    0x60  Code  Gb  usbd_core.o [1]
USBD_LL_Resume           0x800'a645     0xe  Code  Gb  usbd_core.o [1]
USBD_LL_SOF              0x800'a653    0x24  Code  Gb  usbd_core.o [1]
USBD_LL_SetSpeed         0x800'a629     0x8  Code  Gb  usbd_core.o [1]
USBD_LL_SetUSBAddress    0x800'a219    0x42  Code  Gb  usbd_conf.o [1]
USBD_LL_SetupStage       0x800'a3a7    0x68  Code  Gb  usbd_core.o [1]
USBD_LL_StallEP          0x800'a167    0x42  Code  Gb  usbd_conf.o [1]
USBD_LL_Suspend          0x800'a631    0x14  Code  Gb  usbd_core.o [1]
USBD_LL_Transmit         0x800'a25b    0x54  Code  Gb  usbd_conf.o [1]
USBD_ParseSetupRequest   0x800'ad9f    0x28  Code  Gb  usbd_ctlreq.o [1]
USBD_RunTestMode         0x800'a35d     0x6  Code  Gb  usbd_core.o [1]
USBD_SetAddress          0x800'ab81    0x68  Code  Lc  usbd_ctlreq.o [1]
USBD_SetClassConfig      0x800'a363    0x2c  Code  Gb  usbd_core.o [1]
USBD_SetConfig           0x800'abe9    0xce  Code  Lc  usbd_ctlreq.o [1]
USBD_SetConfig::cfgidx  0x2000'0e81     0x1  Data  Lc  usbd_ctlreq.o [1]
USBD_SetFeature          0x800'ad57    0x1a  Code  Lc  usbd_ctlreq.o [1]
USBD_StdDevReq           0x800'a679    0xa6  Code  Gb  usbd_ctlreq.o [1]
USBD_StdEPReq            0x800'a78d   0x27c  Code  Gb  usbd_ctlreq.o [1]
USBD_StdItfReq           0x800'a71f    0x6e  Code  Gb  usbd_ctlreq.o [1]
USB_ActivateEndpoint     0x800'900f   0x368  Code  Gb  stm32l4xx_ll_usb.o [1]
USB_EP0_OutStart         0x800'97c5     0x6  Code  Gb  stm32l4xx_ll_usb.o [1]
USB_EPClearStall         0x800'96fb    0xae  Code  Gb  stm32l4xx_ll_usb.o [1]
USB_EPSetStall           0x800'96b1    0x4a  Code  Gb  stm32l4xx_ll_usb.o [1]
USB_EPStartXfer          0x800'9377   0x33a  Code  Gb  stm32l4xx_ll_usb.o [1]
USB_IRQHandler           0x800'c22b     0xa  Code  Gb  stm32l4xx_it.o [1]
USB_ReadInterrupts       0x800'97bd     0x8  Code  Gb  stm32l4xx_ll_usb.o [1]
USB_ReadPMA              0x800'981d    0x56  Code  Gb  stm32l4xx_ll_usb.o [1]
USB_SetDevAddress        0x800'97a9    0x14  Code  Gb  stm32l4xx_ll_usb.o [1]
USB_WritePMA             0x800'97cb    0x52  Code  Gb  stm32l4xx_ll_usb.o [1]
UsageFault_Handler       0x800'c21b     0x2  Code  Gb  stm32l4xx_it.o [1]
WakeUp_CR95HF            0x800'4837     0x8  Code  Gb  nfcm1833_module.o [1]
WakeUp_TinZ              0x800'8ca1    0x70  Code  Gb  nfcm1833tinz.o [1]
__NVIC_GetPriorityGrouping
                         0x800'84a3     0xc  Code  Lc  stm32l4xx_hal_cortex.o [1]
__NVIC_SetPriority       0x800'84af    0x30  Code  Lc  stm32l4xx_hal_cortex.o [1]
__NVIC_SetPriorityGrouping
                         0x800'8481    0x22  Code  Lc  stm32l4xx_hal_cortex.o [1]
__NVIC_SystemReset       0x800'851f    0x1e  Code  Lc  stm32l4xx_hal_cortex.o [1]
__aeabi_ldiv0            0x800'900d          Code  Gb  I64DivZer.o [4]
__aeabi_memcpy           0x800'5e7d          Code  Gb  ABImemcpy.o [4]
__aeabi_memcpy4          0x800'5e9d          Code  Gb  ABImemcpy.o [4]
__aeabi_memcpy8          0x800'5e9d          Code  Gb  ABImemcpy.o [4]
__aeabi_memset           0x800'5f95          Code  Gb  ABImemset.o [4]
__aeabi_uldivmod         0x800'8d11          Code  Gb  I64DivMod.o [4]
__cmain                  0x800'c33d          Code  Gb  cmain.o [4]
__exit                   0x800'c371    0x14  Code  Gb  exit.o [5]
__iar_Memset             0x800'5f95          Code  Gb  ABImemset.o [4]
__iar_Memset_word        0x800'5f9d          Code  Gb  ABImemset.o [4]
__iar_Strchr             0x800'8f41          Code  Gb  strchr.o [4]
__iar_copy_init3         0x800'4d7b    0x2e  Code  Gb  copy_init3.o [4]
__iar_data_init3         0x800'c28d    0x28  Code  Gb  data_init.o [4]
__iar_init_vfp           0x800'c2b5          Code  Gb  fpinit_M.o [3]
__iar_program_start      0x800'c429          Code  Gb  cstartup_M.o [4]
__iar_zero_init3         0x800'483f    0x3a  Code  Gb  zero_init3.o [4]
__low_level_init         0x800'c35b     0x4  Code  Gb  low_level_init.o [2]
__vector_table           0x800'0000          Data  Gb  startup_stm32l432xx.o [1]
_call_main               0x800'c349          Code  Gb  cmain.o [4]
_exit                    0x800'c365          Code  Gb  cexit.o [4]
_main                    0x800'c357          Code  Gb  cmain.o [4]
assert_failed            0x800'47ef     0x2  Code  Gb  main.o [1]
c_chFont1206             0x800'b464   0x474  Data  Gb  Fonts.o [1]
c_chFont1608             0x800'ae74   0x5f0  Data  Gb  Fonts.o [1]
crcx25                   0x800'8c55    0x1e  Code  Lc  nfcm1833tinz.o [1]
deleteBuffer             0x800'41f5    0x1a  Code  Gb  main.o [1]
display                  0x800'41b1    0x1e  Code  Gb  main.o [1]
display2                 0x800'41cf    0x1e  Code  Gb  main.o [1]
driver_init              0x800'4d73     0x8  Code  Lc  Config.o [1]
encode4byte              0x800'51a1    0xf0  Code  Gb  bcdencode.o [1]
encode8byte_little_edian
                         0x800'5291   0x158  Code  Gb  bcdencode.o [1]
exit                     0x800'c35f     0x4  Code  Gb  exit.o [2]
getDeviceID              0x800'482b     0xc  Code  Gb  nfcm1833_module.o [1]
getDeviceID_spi          0x800'8c13    0x42  Code  Gb  nfcm1833tinz.o [1]
getKey                   0x800'4069   0x148  Code  Gb  main.o [1]
hcrc                    0x2000'0e0c    0x24  Data  Gb  main.o [1]
hi2c1                   0x2000'0dc0    0x4c  Data  Gb  main.o [1]
hpcd_USB_FS             0x2000'040c   0x274  Data  Gb  usbd_conf.o [1]
huart1                  0x2000'0c5c    0x80  Data  Gb  main.o [1]
huart2                  0x2000'0cdc    0x80  Data  Gb  main.o [1]
idTag                   0x2000'0e70     0x8  Data  Gb  main.o [1]
idTagBCD                0x2000'0e30    0x10  Data  Gb  main.o [1]
main                     0x800'39cd   0x4f6  Code  Gb  main.o [1]
memset                   0x800'8ff9    0x14  Code  Gb  memset.o [4]
permissReadTag          0x2000'0e7e     0x1  Data  Gb  main.o [1]
ping_module              0x800'4823     0x8  Code  Gb  nfcm1833_module.o [1]
ping_module_spi          0x800'8a2d    0x4e  Code  Gb  nfcm1833tinz.o [1]
s_chDispalyBuffer       0x2000'000c   0x400  Data  Lc  SSD1306.o [1]
select_tag_type          0x800'4815     0xe  Code  Gb  nfcm1833_module.o [1]
select_tag_type_spi      0x800'8b2b    0x22  Code  Gb  nfcm1833tinz.o [1]
select_tag_type_spi_tag_type_4a
                         0x800'8ad3    0x58  Code  Lc  nfcm1833tinz.o [1]
select_tag_type_spi_tag_type_5
                         0x800'8a7b    0x58  Code  Lc  nfcm1833tinz.o [1]
sendrecv_spi             0x800'8b4d    0xc6  Code  Gb  nfcm1833tinz.o [1]
spi_polling_data_cr95hf
                         0x800'8919    0x84  Code  Lc  nfcm1833tinz.o [1]
spi_recv_data_from_cr95hf
                         0x800'899d    0x90  Code  Lc  nfcm1833tinz.o [1]
spi_send_data_to_cr95hf
                         0x800'8891    0x88  Code  Lc  nfcm1833tinz.o [1]
spi_to_nfcm1833tinz     0x2000'0d5c    0x64  Data  Gb  main.o [1]
ssd1306_clear_screen     0x800'4975    0x56  Code  Gb  SSD1306.o [1]
ssd1306_display_char     0x800'4a6d    0xf8  Code  Gb  SSD1306.o [1]
ssd1306_display_string   0x800'4b65    0x72  Code  Gb  SSD1306.o [1]
ssd1306_draw_bitmap      0x800'4bf9    0x88  Code  Gb  SSD1306.o [1]
ssd1306_draw_point       0x800'49cb    0xa2  Code  Gb  SSD1306.o [1]
ssd1306_init             0x800'4c81    0xea  Code  Gb  SSD1306.o [1]
ssd1306_refresh_gram     0x800'491f    0x56  Code  Gb  SSD1306.o [1]
ssd1306_write_byte       0x800'48e5    0x3a  Code  Lc  SSD1306.o [1]
strchr                   0x800'8f41          Code  Gb  strchr.o [4]
strlen                   0x800'5f25          Code  Gb  strlen.o [4]
strstr                   0x800'5f69    0x2c  Code  Gb  strstr.o [2]
uwTick                  0x2000'0e78     0x4  Data  Gb  stm32l4xx_hal.o [1]
uwTickFreq              0x2000'0004     0x4  Data  Gb  stm32l4xx_hal.o [1]
uwTickPrio              0x2000'0000     0x4  Data  Gb  stm32l4xx_hal.o [1]
viTriBill               0x2000'0e80     0x1  Data  Gb  main.o [1]
viTriTien               0x2000'0e7f     0x1  Data  Gb  main.o [1]


[1] = E:\Firmware\CodeTestL432KC\ReaderSimL432Oled\Firmware_L432KC\EWARM\NFC_L432KC\Obj
[2] = dl7M_tlf.a
[3] = m7M_tls.a
[4] = rt7M_tl.a
[5] = shb_l.a

  30'837 bytes of readonly  code memory
  19'723 bytes of readonly  data memory
   4'738 bytes of readwrite data memory

Errors: none
Warnings: none
