###############################################################################
#
# IAR ELF Linker V8.40.1.212/W32 for ARM                  30/Jun/2020  17:38:50
# Copyright 2007-2019 IAR Systems AB.
#
#    Output file  =
#        E:\Firmware\CodeTestL432KC\ReaderSimL432Oled\Firmware_L432KC\EWARM\NFC_L432KC\Exe\NFC_L432KC.out
#    Map file     =
#        E:\Firmware\CodeTestL432KC\ReaderSimL432Oled\Firmware_L432KC\EWARM\NFC_L432KC\List\NFC_L432KC.map
#    Command line =
#        -f C:\Users\ANNGUY~1\AppData\Local\Temp\EWA49.tmp
#        (E:\Firmware\CodeTestL432KC\ReaderSimL432Oled\Firmware_L432KC\EWARM\NFC_L432KC\Obj\bcdencode.o
#        E:\Firmware\CodeTestL432KC\ReaderSimL432Oled\Firmware_L432KC\EWARM\NFC_L432KC\Obj\Config.o
#        E:\Firmware\CodeTestL432KC\ReaderSimL432Oled\Firmware_L432KC\EWARM\NFC_L432KC\Obj\Fonts.o
#        E:\Firmware\CodeTestL432KC\ReaderSimL432Oled\Firmware_L432KC\EWARM\NFC_L432KC\Obj\i2c-lcd.o
#        E:\Firmware\CodeTestL432KC\ReaderSimL432Oled\Firmware_L432KC\EWARM\NFC_L432KC\Obj\main.o
#        E:\Firmware\CodeTestL432KC\ReaderSimL432Oled\Firmware_L432KC\EWARM\NFC_L432KC\Obj\ndef.o
#        E:\Firmware\CodeTestL432KC\ReaderSimL432Oled\Firmware_L432KC\EWARM\NFC_L432KC\Obj\nfcm1833_module.o
#        E:\Firmware\CodeTestL432KC\ReaderSimL432Oled\Firmware_L432KC\EWARM\NFC_L432KC\Obj\nfcm1833tiny.o
#        E:\Firmware\CodeTestL432KC\ReaderSimL432Oled\Firmware_L432KC\EWARM\NFC_L432KC\Obj\nfcm1833tinz.o
#        E:\Firmware\CodeTestL432KC\ReaderSimL432Oled\Firmware_L432KC\EWARM\NFC_L432KC\Obj\SSD1306.o
#        E:\Firmware\CodeTestL432KC\ReaderSimL432Oled\Firmware_L432KC\EWARM\NFC_L432KC\Obj\startup_stm32l432xx.o
#        E:\Firmware\CodeTestL432KC\ReaderSimL432Oled\Firmware_L432KC\EWARM\NFC_L432KC\Obj\stm32l4xx_hal.o
#        E:\Firmware\CodeTestL432KC\ReaderSimL432Oled\Firmware_L432KC\EWARM\NFC_L432KC\Obj\stm32l4xx_hal_cortex.o
#        E:\Firmware\CodeTestL432KC\ReaderSimL432Oled\Firmware_L432KC\EWARM\NFC_L432KC\Obj\stm32l4xx_hal_crc.o
#        E:\Firmware\CodeTestL432KC\ReaderSimL432Oled\Firmware_L432KC\EWARM\NFC_L432KC\Obj\stm32l4xx_hal_crc_ex.o
#        E:\Firmware\CodeTestL432KC\ReaderSimL432Oled\Firmware_L432KC\EWARM\NFC_L432KC\Obj\stm32l4xx_hal_dma.o
#        E:\Firmware\CodeTestL432KC\ReaderSimL432Oled\Firmware_L432KC\EWARM\NFC_L432KC\Obj\stm32l4xx_hal_dma_ex.o
#        E:\Firmware\CodeTestL432KC\ReaderSimL432Oled\Firmware_L432KC\EWARM\NFC_L432KC\Obj\stm32l4xx_hal_exti.o
#        E:\Firmware\CodeTestL432KC\ReaderSimL432Oled\Firmware_L432KC\EWARM\NFC_L432KC\Obj\stm32l4xx_hal_flash.o
#        E:\Firmware\CodeTestL432KC\ReaderSimL432Oled\Firmware_L432KC\EWARM\NFC_L432KC\Obj\stm32l4xx_hal_flash_ex.o
#        E:\Firmware\CodeTestL432KC\ReaderSimL432Oled\Firmware_L432KC\EWARM\NFC_L432KC\Obj\stm32l4xx_hal_flash_ramfunc.o
#        E:\Firmware\CodeTestL432KC\ReaderSimL432Oled\Firmware_L432KC\EWARM\NFC_L432KC\Obj\stm32l4xx_hal_gpio.o
#        E:\Firmware\CodeTestL432KC\ReaderSimL432Oled\Firmware_L432KC\EWARM\NFC_L432KC\Obj\stm32l4xx_hal_i2c.o
#        E:\Firmware\CodeTestL432KC\ReaderSimL432Oled\Firmware_L432KC\EWARM\NFC_L432KC\Obj\stm32l4xx_hal_i2c_ex.o
#        E:\Firmware\CodeTestL432KC\ReaderSimL432Oled\Firmware_L432KC\EWARM\NFC_L432KC\Obj\stm32l4xx_hal_msp.o
#        E:\Firmware\CodeTestL432KC\ReaderSimL432Oled\Firmware_L432KC\EWARM\NFC_L432KC\Obj\stm32l4xx_hal_pcd.o
#        E:\Firmware\CodeTestL432KC\ReaderSimL432Oled\Firmware_L432KC\EWARM\NFC_L432KC\Obj\stm32l4xx_hal_pcd_ex.o
#        E:\Firmware\CodeTestL432KC\ReaderSimL432Oled\Firmware_L432KC\EWARM\NFC_L432KC\Obj\stm32l4xx_hal_pwr.o
#        E:\Firmware\CodeTestL432KC\ReaderSimL432Oled\Firmware_L432KC\EWARM\NFC_L432KC\Obj\stm32l4xx_hal_pwr_ex.o
#        E:\Firmware\CodeTestL432KC\ReaderSimL432Oled\Firmware_L432KC\EWARM\NFC_L432KC\Obj\stm32l4xx_hal_rcc.o
#        E:\Firmware\CodeTestL432KC\ReaderSimL432Oled\Firmware_L432KC\EWARM\NFC_L432KC\Obj\stm32l4xx_hal_rcc_ex.o
#        E:\Firmware\CodeTestL432KC\ReaderSimL432Oled\Firmware_L432KC\EWARM\NFC_L432KC\Obj\stm32l4xx_hal_spi.o
#        E:\Firmware\CodeTestL432KC\ReaderSimL432Oled\Firmware_L432KC\EWARM\NFC_L432KC\Obj\stm32l4xx_hal_spi_ex.o
#        E:\Firmware\CodeTestL432KC\ReaderSimL432Oled\Firmware_L432KC\EWARM\NFC_L432KC\Obj\stm32l4xx_hal_tim.o
#        E:\Firmware\CodeTestL432KC\ReaderSimL432Oled\Firmware_L432KC\EWARM\NFC_L432KC\Obj\stm32l4xx_hal_tim_ex.o
#        E:\Firmware\CodeTestL432KC\ReaderSimL432Oled\Firmware_L432KC\EWARM\NFC_L432KC\Obj\stm32l4xx_hal_uart.o
#        E:\Firmware\CodeTestL432KC\ReaderSimL432Oled\Firmware_L432KC\EWARM\NFC_L432KC\Obj\stm32l4xx_hal_uart_ex.o
#        E:\Firmware\CodeTestL432KC\ReaderSimL432Oled\Firmware_L432KC\EWARM\NFC_L432KC\Obj\stm32l4xx_it.o
#        E:\Firmware\CodeTestL432KC\ReaderSimL432Oled\Firmware_L432KC\EWARM\NFC_L432KC\Obj\stm32l4xx_ll_usb.o
#        E:\Firmware\CodeTestL432KC\ReaderSimL432Oled\Firmware_L432KC\EWARM\NFC_L432KC\Obj\system_stm32l4xx.o
#        E:\Firmware\CodeTestL432KC\ReaderSimL432Oled\Firmware_L432KC\EWARM\NFC_L432KC\Obj\usbd_cdc.o
#        E:\Firmware\CodeTestL432KC\ReaderSimL432Oled\Firmware_L432KC\EWARM\NFC_L432KC\Obj\usbd_cdc_vcp.o
#        E:\Firmware\CodeTestL432KC\ReaderSimL432Oled\Firmware_L432KC\EWARM\NFC_L432KC\Obj\usbd_conf.o
#        E:\Firmware\CodeTestL432KC\ReaderSimL432Oled\Firmware_L432KC\EWARM\NFC_L432KC\Obj\usbd_core.o
#        E:\Firmware\CodeTestL432KC\ReaderSimL432Oled\Firmware_L432KC\EWARM\NFC_L432KC\Obj\usbd_ctlreq.o
#        E:\Firmware\CodeTestL432KC\ReaderSimL432Oled\Firmware_L432KC\EWARM\NFC_L432KC\Obj\usbd_desc.o
#        E:\Firmware\CodeTestL432KC\ReaderSimL432Oled\Firmware_L432KC\EWARM\NFC_L432KC\Obj\usbd_hid.o
#        E:\Firmware\CodeTestL432KC\ReaderSimL432Oled\Firmware_L432KC\EWARM\NFC_L432KC\Obj\usbd_hid_keyboard.o
#        E:\Firmware\CodeTestL432KC\ReaderSimL432Oled\Firmware_L432KC\EWARM\NFC_L432KC\Obj\usbd_ioreq.o
#        --redirect _Printf=_PrintfFull --redirect _Scanf=_ScanfFull
#        --no_out_extension -o
#        E:\Firmware\CodeTestL432KC\ReaderSimL432Oled\Firmware_L432KC\EWARM\NFC_L432KC\Exe\NFC_L432KC.out
#        --map
#        E:\Firmware\CodeTestL432KC\ReaderSimL432Oled\Firmware_L432KC\EWARM\NFC_L432KC\List\NFC_L432KC.map
#        --config
#        E:\Firmware\CodeTestL432KC\ReaderSimL432Oled\Firmware_L432KC\EWARM/stm32l432xx_flash.icf
#        --semihosting --entry __iar_program_start --vfe --text_out locale)
#
###############################################################################

*******************************************************************************
*** RUNTIME MODEL ATTRIBUTES
***

CppFlavor       = *
__SystemLibrary = DLib
__dlib_version  = 6


*******************************************************************************
*** HEAP SELECTION
***

The basic heap was selected because no calls to memory allocation
functions were found in the application outside of system library
functions, and there are calls to deallocation functions in the
application.


*******************************************************************************
*** PLACEMENT SUMMARY
***

"A0":  place at address 0x800'0000 { ro section .intvec };
"P1":  place in [from 0x800'0000 to 0x803'ffff] { ro };
define block CSTACK with size = 1K, alignment = 8 { };
define block HEAP with size = 512, alignment = 8 { };
"P2":  place in [from 0x2000'0000 to 0x2000'ffff] {
          rw, block CSTACK, block HEAP };
initialize by copy { rw };

  Section            Kind         Address    Size  Object
  -------            ----         -------    ----  ------
"A0":                                       0x18c
  .intvec            ro code   0x800'0000   0x18c  startup_stm32l432xx.o [1]
                             - 0x800'018c   0x18c

"P1":                                      0xc3b0
  .rodata            const     0x800'018c  0x3840  Fonts.o [1]
  .text              ro code   0x800'39cc   0xe44  main.o [1]
  .text              ro code   0x800'4810   0x3ce  stm32l4xx_hal_gpio.o [1]
  .text              ro code   0x800'4bde    0x3a  zero_init3.o [4]
  .text              ro code   0x800'4c18    0x24  stm32l4xx_hal.o [1]
  .text              ro code   0x800'4c3c    0x2a  nfcm1833_module.o [1]
  .text              ro code   0x800'4c66    0x2e  copy_init3.o [4]
  .text              ro code   0x800'4c94   0x4f2  SSD1306.o [1]
  .text              ro code   0x800'5186    0x10  Config.o [1]
  .rodata            const     0x800'5196     0x1  nfcm1833tinz.o [1]
  .rodata            const     0x800'5197     0x1  nfcm1833tinz.o [1]
  .text              ro code   0x800'5198    0x28  stm32l4xx_hal.o [1]
  .text              ro code   0x800'51c0    0xa6  ABImemcpy.o [4]
  .text              ro code   0x800'5266   0x248  bcdencode.o [1]
  .rodata            const     0x800'54ae     0x1  nfcm1833tinz.o [1]
  .text              ro code   0x800'54b0   0xa92  stm32l4xx_hal_uart.o [1]
  .text              ro code   0x800'5f44    0x36  strlen.o [4]
  .text              ro code   0x800'5f7c     0xc  stm32l4xx_hal.o [1]
  .text              ro code   0x800'5f88    0x2c  strstr.o [2]
  .text              ro code   0x800'5fb4    0x66  ABImemset.o [4]
  .text              ro code   0x800'601c   0xc54  stm32l4xx_hal_rcc.o [1]
  .text              ro code   0x800'6c70   0x74c  stm32l4xx_hal_rcc_ex.o [1]
  .text              ro code   0x800'73bc    0xb0  stm32l4xx_hal_pwr_ex.o [1]
  .text              ro code   0x800'746c   0x25c  stm32l4xx_hal_crc.o [1]
  .text              ro code   0x800'76c8   0x5ac  stm32l4xx_hal_i2c.o [1]
  .text              ro code   0x800'7c74   0x124  stm32l4xx_hal_i2c_ex.o [1]
  .text              ro code   0x800'7d98   0x706  stm32l4xx_hal_spi.o [1]
  .text              ro code   0x800'84a0   0x19c  stm32l4xx_hal_cortex.o [1]
  .text              ro code   0x800'863c    0x60  stm32l4xx_hal.o [1]
  .text              ro code   0x800'869c   0x1c0  stm32l4xx_hal_msp.o [1]
  .text              ro code   0x800'885c   0x480  nfcm1833tinz.o [1]
  .text              ro code   0x800'8cdc   0x230  I64DivMod.o [4]
  .text              ro code   0x800'8f0c    0x16  strchr.o [4]
  .text              ro code   0x800'8f24    0xa0  stm32l4xx_hal_crc_ex.o [1]
  .text              ro code   0x800'8fc4    0x14  memset.o [4]
  .text              ro code   0x800'8fd8     0x2  I64DivZer.o [4]
  .text              ro code   0x800'8fda   0x864  stm32l4xx_ll_usb.o [1]
  .text              ro code   0x800'9840   0x7d4  stm32l4xx_hal_pcd.o [1]
  .text              ro code   0x800'a014   0x314  usbd_conf.o [1]
  .text              ro code   0x800'a328   0x31a  usbd_core.o [1]
  .text              ro code   0x800'a644   0x766  usbd_ctlreq.o [1]
  .text              ro code   0x800'adaa    0x94  usbd_ioreq.o [1]
  .rodata            const     0x800'ae40   0x5f0  Fonts.o [1]
  .rodata            const     0x800'b430   0x474  Fonts.o [1]
  .rodata            const     0x800'b8a4   0x100  nfcm1833tinz.o [1]
  .rodata            const     0x800'b9a4   0x100  nfcm1833tinz.o [1]
  .rodata            const     0x800'baa4    0x90  stm32l4xx_hal_cortex.o [1]
  .rodata            const     0x800'bb34    0x90  stm32l4xx_hal_crc_ex.o [1]
  .rodata            const     0x800'bbc4    0x90  stm32l4xx_hal_i2c_ex.o [1]
  .rodata            const     0x800'bc54    0x90  stm32l4xx_hal_pwr_ex.o [1]
  .rodata            const     0x800'bce4    0x90  stm32l4xx_hal_rcc_ex.o [1]
  .rodata            const     0x800'bd74    0x8c  stm32l4xx_hal_crc.o [1]
  .rodata            const     0x800'be00    0x8c  stm32l4xx_hal_gpio.o [1]
  .rodata            const     0x800'be8c    0x8c  stm32l4xx_hal_i2c.o [1]
  .rodata            const     0x800'bf18    0x8c  stm32l4xx_hal_rcc.o [1]
  .rodata            const     0x800'bfa4    0x8c  stm32l4xx_hal_spi.o [1]
  .rodata            const     0x800'c030    0x8c  stm32l4xx_hal_uart.o [1]
  .rodata            const     0x800'c0bc    0x64  main.o [1]
  .text              ro code   0x800'c120    0x60  system_stm32l4xx.o [1]
  .rodata            const     0x800'c180    0x58  nfcm1833tinz.o [1]
  .text              ro code   0x800'c1d8    0x36  stm32l4xx_it.o [1]
  .text              ro code   0x800'c210    0x18  stm32l4xx_hal.o [1]
  .rodata            const     0x800'c228    0x30  system_stm32l4xx.o [1]
  .text              ro code   0x800'c258    0x28  data_init.o [4]
  .text              ro code   0x800'c280    0x22  fpinit_M.o [3]
  .iar.init_table    const     0x800'c2a4    0x24  - Linker created -
  .rodata            const     0x800'c2c8    0x20  main.o [1]
  .rodata            const     0x800'c2e8    0x20  main.o [1]
  .text              ro code   0x800'c308    0x1e  cmain.o [4]
  .text              ro code   0x800'c326     0x4  low_level_init.o [2]
  .text              ro code   0x800'c32a     0x4  exit.o [2]
  .text              ro code   0x800'c330     0xa  cexit.o [4]
  .text              ro code   0x800'c33c    0x14  exit.o [5]
  .rodata            const     0x800'c350    0x14  main.o [1]
  .rodata            const     0x800'c364    0x10  main.o [1]
  .rodata            const     0x800'c374    0x10  main.o [1]
  .rodata            const     0x800'c384    0x10  system_stm32l4xx.o [1]
  .text              ro code   0x800'c394    0x10  startup_stm32l432xx.o [1]
  .rodata            const     0x800'c3a4     0xc  main.o [1]
  .rodata            const     0x800'c3b0     0xc  main.o [1]
  .rodata            const     0x800'c3bc     0xc  main.o [1]
  .rodata            const     0x800'c3c8     0xc  main.o [1]
  .rodata            const     0x800'c3d4     0xc  main.o [1]
  .rodata            const     0x800'c3e0     0xc  main.o [1]
  .text              ro code   0x800'c3ec     0xc  cstartup_M.o [4]
  Initializer bytes  const     0x800'c3f8     0xc  <for P2-1>
  .rodata            const     0x800'c404     0x8  main.o [1]
  .rodata            const     0x800'c40c     0x8  main.o [1]
  .rodata            const     0x800'c414     0x8  main.o [1]
  .rodata            const     0x800'c41c     0x8  main.o [1]
  .rodata            const     0x800'c424     0x8  main.o [1]
  .rodata            const     0x800'c42c     0x8  main.o [1]
  .rodata            const     0x800'c434     0x8  main.o [1]
  .rodata            const     0x800'c43c     0x8  nfcm1833tinz.o [1]
  .rodata            const     0x800'c444     0x8  system_stm32l4xx.o [1]
  .rodata            const     0x800'c44c     0x4  nfcm1833tinz.o [1]
  .rodata            const     0x800'c450     0x4  nfcm1833tinz.o [1]
  .text              ro code   0x800'c454     0x4  startup_stm32l432xx.o [1]
  .text              ro code   0x800'c458     0x4  startup_stm32l432xx.o [1]
  .text              ro code   0x800'c45c     0x4  startup_stm32l432xx.o [1]
  .text              ro code   0x800'c460     0x4  startup_stm32l432xx.o [1]
  .text              ro code   0x800'c464     0x4  startup_stm32l432xx.o [1]
  .text              ro code   0x800'c468     0x4  startup_stm32l432xx.o [1]
  .text              ro code   0x800'c46c     0x4  startup_stm32l432xx.o [1]
  .text              ro code   0x800'c470     0x4  startup_stm32l432xx.o [1]
  .text              ro code   0x800'c474     0x4  startup_stm32l432xx.o [1]
  .text              ro code   0x800'c478     0x4  startup_stm32l432xx.o [1]
  .text              ro code   0x800'c47c     0x4  startup_stm32l432xx.o [1]
  .text              ro code   0x800'c480     0x4  startup_stm32l432xx.o [1]
  .text              ro code   0x800'c484     0x4  startup_stm32l432xx.o [1]
  .text              ro code   0x800'c488     0x4  startup_stm32l432xx.o [1]
  .text              ro code   0x800'c48c     0x4  startup_stm32l432xx.o [1]
  .text              ro code   0x800'c490     0x4  startup_stm32l432xx.o [1]
  .text              ro code   0x800'c494     0x4  startup_stm32l432xx.o [1]
  .text              ro code   0x800'c498     0x4  startup_stm32l432xx.o [1]
  .text              ro code   0x800'c49c     0x4  startup_stm32l432xx.o [1]
  .text              ro code   0x800'c4a0     0x4  startup_stm32l432xx.o [1]
  .text              ro code   0x800'c4a4     0x4  startup_stm32l432xx.o [1]
  .text              ro code   0x800'c4a8     0x4  startup_stm32l432xx.o [1]
  .text              ro code   0x800'c4ac     0x4  startup_stm32l432xx.o [1]
  .text              ro code   0x800'c4b0     0x4  startup_stm32l432xx.o [1]
  .text              ro code   0x800'c4b4     0x4  startup_stm32l432xx.o [1]
  .text              ro code   0x800'c4b8     0x4  startup_stm32l432xx.o [1]
  .text              ro code   0x800'c4bc     0x4  startup_stm32l432xx.o [1]
  .text              ro code   0x800'c4c0     0x4  startup_stm32l432xx.o [1]
  .text              ro code   0x800'c4c4     0x4  startup_stm32l432xx.o [1]
  .text              ro code   0x800'c4c8     0x4  startup_stm32l432xx.o [1]
  .text              ro code   0x800'c4cc     0x4  startup_stm32l432xx.o [1]
  .text              ro code   0x800'c4d0     0x4  startup_stm32l432xx.o [1]
  .text              ro code   0x800'c4d4     0x4  startup_stm32l432xx.o [1]
  .text              ro code   0x800'c4d8     0x4  startup_stm32l432xx.o [1]
  .text              ro code   0x800'c4dc     0x4  startup_stm32l432xx.o [1]
  .text              ro code   0x800'c4e0     0x4  startup_stm32l432xx.o [1]
  .text              ro code   0x800'c4e4     0x4  startup_stm32l432xx.o [1]
  .text              ro code   0x800'c4e8     0x4  startup_stm32l432xx.o [1]
  .text              ro code   0x800'c4ec     0x4  startup_stm32l432xx.o [1]
  .text              ro code   0x800'c4f0     0x4  startup_stm32l432xx.o [1]
  .text              ro code   0x800'c4f4     0x4  startup_stm32l432xx.o [1]
  .text              ro code   0x800'c4f8     0x4  startup_stm32l432xx.o [1]
  .text              ro code   0x800'c4fc     0x4  startup_stm32l432xx.o [1]
  .text              ro code   0x800'c500     0x4  startup_stm32l432xx.o [1]
  .text              ro code   0x800'c504     0x4  startup_stm32l432xx.o [1]
  .text              ro code   0x800'c508     0x4  startup_stm32l432xx.o [1]
  .text              ro code   0x800'c50c     0x4  startup_stm32l432xx.o [1]
  .text              ro code   0x800'c510     0x4  startup_stm32l432xx.o [1]
  .text              ro code   0x800'c514     0x4  startup_stm32l432xx.o [1]
  .text              ro code   0x800'c518     0x4  startup_stm32l432xx.o [1]
  .text              ro code   0x800'c51c     0x4  startup_stm32l432xx.o [1]
  .text              ro code   0x800'c520     0x4  startup_stm32l432xx.o [1]
  .text              ro code   0x800'c524     0x4  startup_stm32l432xx.o [1]
  .text              ro code   0x800'c528     0x4  startup_stm32l432xx.o [1]
  .text              ro code   0x800'c52c     0x4  startup_stm32l432xx.o [1]
  .text              ro code   0x800'c530     0x4  startup_stm32l432xx.o [1]
  .text              ro code   0x800'c534     0x4  startup_stm32l432xx.o [1]
  .text              ro code   0x800'c538     0x4  startup_stm32l432xx.o [1]
  .rodata            const     0x800'c53c     0x0  zero_init3.o [4]
  .rodata            const     0x800'c53c     0x0  copy_init3.o [4]
                             - 0x800'c53c  0xc3b0

"P2", part 1 of 3:                            0xc
  P2-1                        0x2000'0000     0xc  <Init block>
    .data            inited   0x2000'0000     0x4  stm32l4xx_hal.o [1]
    .data            inited   0x2000'0004     0x4  stm32l4xx_hal.o [1]
    .data            inited   0x2000'0008     0x4  system_stm32l4xx.o [1]
                            - 0x2000'000c     0xc

"P2", part 2 of 3:                          0xdf8
  .bss               zero     0x2000'000c   0x400  SSD1306.o [1]
  .bss               zero     0x2000'040c   0x274  usbd_conf.o [1]
  .bss               zero     0x2000'0680   0x1f4  main.o [1]
  .bss               zero     0x2000'0874   0x1f4  main.o [1]
  .bss               zero     0x2000'0a68   0x1f4  main.o [1]
  .bss               zero     0x2000'0c5c    0x80  main.o [1]
  .bss               zero     0x2000'0cdc    0x64  main.o [1]
  .bss               zero     0x2000'0d40    0x4c  main.o [1]
  .bss               zero     0x2000'0d8c    0x24  main.o [1]
  .bss               zero     0x2000'0db0    0x10  main.o [1]
  .bss               zero     0x2000'0dc0    0x10  main.o [1]
  .bss               zero     0x2000'0dd0    0x10  main.o [1]
  .bss               zero     0x2000'0de0    0x10  main.o [1]
  .bss               zero     0x2000'0df0     0x8  main.o [1]
  .bss               zero     0x2000'0df8     0x4  stm32l4xx_hal.o [1]
  .bss               zero     0x2000'0dfc     0x2  main.o [1]
  .bss               zero     0x2000'0dfe     0x1  main.o [1]
  .bss               zero     0x2000'0dff     0x1  main.o [1]
  .bss               zero     0x2000'0e00     0x1  main.o [1]
  .bss               zero     0x2000'0e01     0x1  usbd_ctlreq.o [1]
                            - 0x2000'0e02   0xdf6

"P2", part 3 of 3:                          0x400
  CSTACK                      0x2000'0e08   0x400  <Block>
    CSTACK           uninit   0x2000'0e08   0x400  <Block tail>
                            - 0x2000'1208   0x400

Unused ranges:

         From           To      Size
         ----           --      ----
   0x800'c53c   0x803'ffff  0x3'3ac4
  0x2000'0e04  0x2000'0e07       0x4
  0x2000'1208  0x2000'ffff    0xedf8


*******************************************************************************
*** INIT TABLE
***

          Address      Size
          -------      ----
Zero (__iar_zero_init3)
    1 destination range, total size 0xdf6:
          0x2000'000c  0xdf6

Copy (__iar_copy_init3)
    1 source range, total size 0xc:
           0x800'c3f8    0xc
    1 destination range, total size 0xc:
          0x2000'0000    0xc



*******************************************************************************
*** MODULE SUMMARY
***

    Module                  ro code  ro data  rw data
    ------                  -------  -------  -------
command line/config:
    -------------------------------------------------
    Total:

E:\Firmware\CodeTestL432KC\ReaderSimL432Oled\Firmware_L432KC\EWARM\NFC_L432KC\Obj: [1]
    Config.o                     16
    Fonts.o                           17'060
    SSD1306.o                 1'266             1'024
    bcdencode.o                 584
    main.o                    3'652      344    1'917
    nfcm1833_module.o            42
    nfcm1833tinz.o            1'152      619
    startup_stm32l432xx.o       644
    stm32l4xx_hal.o             208        8       12
    stm32l4xx_hal_cortex.o      412      144
    stm32l4xx_hal_crc.o         604      140
    stm32l4xx_hal_crc_ex.o      160      144
    stm32l4xx_hal_gpio.o        974      140
    stm32l4xx_hal_i2c.o       1'452      140
    stm32l4xx_hal_i2c_ex.o      292      144
    stm32l4xx_hal_msp.o         448
    stm32l4xx_hal_pcd.o       2'004
    stm32l4xx_hal_pwr_ex.o      176      144
    stm32l4xx_hal_rcc.o       3'156      140
    stm32l4xx_hal_rcc_ex.o    1'868      144
    stm32l4xx_hal_spi.o       1'798      140
    stm32l4xx_hal_uart.o      2'706      140
    stm32l4xx_it.o               54
    stm32l4xx_ll_usb.o        2'148
    system_stm32l4xx.o           96       76        4
    usbd_conf.o                 788               628
    usbd_core.o                 794
    usbd_ctlreq.o             1'894                 1
    usbd_ioreq.o                148
    -------------------------------------------------
    Total:                   29'536   19'667    3'586

dl7M_tlf.a: [2]
    exit.o                        4
    low_level_init.o              4
    strstr.o                     44
    -------------------------------------------------
    Total:                       52

m7M_tls.a: [3]
    fpinit_M.o                   34
    -------------------------------------------------
    Total:                       34

rt7M_tl.a: [4]
    ABImemcpy.o                 166
    ABImemset.o                 102
    I64DivMod.o                 560
    I64DivZer.o                   2
    cexit.o                      10
    cmain.o                      30
    copy_init3.o                 46
    cstartup_M.o                 12
    data_init.o                  40
    memset.o                     20
    strchr.o                     22
    strlen.o                     54
    zero_init3.o                 58
    -------------------------------------------------
    Total:                    1'122

shb_l.a: [5]
    exit.o                       20
    -------------------------------------------------
    Total:                       20

    Gaps                         21        4
    Linker created                        36    1'024
-----------------------------------------------------
    Grand Total:             30'785   19'707    4'610


*******************************************************************************
*** ENTRY LIST
***

Entry                       Address    Size  Type      Object
-----                       -------    ----  ----      ------
.iar.init_table$$Base    0x800'c2a4           --   Gb  - Linker created -
.iar.init_table$$Limit   0x800'c2c8           --   Gb  - Linker created -
?main                    0x800'c309          Code  Gb  cmain.o [4]
AHBPrescTable            0x800'c384    0x10  Data  Gb  system_stm32l4xx.o [1]
APBPrescTable            0x800'c444     0x8  Data  Gb  system_stm32l4xx.o [1]
BusFault_Handler         0x800'c1e5     0x2  Code  Gb  stm32l4xx_it.o [1]
CRC_Handle_16            0x800'7691    0x38  Code  Lc  stm32l4xx_hal_crc.o [1]
CRC_Handle_8             0x800'75f9    0x98  Code  Lc  stm32l4xx_hal_crc.o [1]
CSTACK$$Base            0x2000'0e08           --   Gb  - Linker created -
CSTACK$$Limit           0x2000'1208           --   Gb  - Linker created -
ConekLogo                0x800'018c  0x3840  Data  Gb  Fonts.o [1]
DWT_Delay_Init           0x800'4c95    0x44  Code  Gb  SSD1306.o [1]
DWT_Delay_us             0x800'4cd9    0x28  Code  Gb  SSD1306.o [1]
DebugMon_Handler         0x800'c1eb     0x2  Code  Gb  stm32l4xx_it.o [1]
EXTI0_IRQHandler         0x800'c205     0xa  Code  Gb  stm32l4xx_it.o [1]
Error_Handler            0x800'480d     0x2  Code  Gb  main.o [1]
HAL_CRCEx_Polynomial_Set
                         0x800'8f25    0x9c  Code  Gb  stm32l4xx_hal_crc_ex.o [1]
HAL_CRC_Calculate        0x800'7589    0x70  Code  Gb  stm32l4xx_hal_crc.o [1]
HAL_CRC_Init             0x800'746d   0x110  Code  Gb  stm32l4xx_hal_crc.o [1]
HAL_CRC_MspInit          0x800'86cb    0x22  Code  Gb  stm32l4xx_hal_msp.o [1]
HAL_Delay                0x800'5199    0x28  Code  Wk  stm32l4xx_hal.o [1]
HAL_GPIO_EXTI_IRQHandler
                         0x800'4b79    0x20  Code  Gb  stm32l4xx_hal_gpio.o [1]
HAL_GPIO_Init            0x800'4811   0x2f0  Code  Gb  stm32l4xx_hal_gpio.o [1]
HAL_GPIO_ReadPin         0x800'4b01    0x2c  Code  Gb  stm32l4xx_hal_gpio.o [1]
HAL_GPIO_WritePin        0x800'4b2d    0x4c  Code  Gb  stm32l4xx_hal_gpio.o [1]
HAL_GetTick              0x800'5f7d     0xc  Code  Wk  stm32l4xx_hal.o [1]
HAL_I2CEx_ConfigAnalogFilter
                         0x800'7c75    0x92  Code  Gb  stm32l4xx_hal_i2c_ex.o [1]
HAL_I2CEx_ConfigDigitalFilter
                         0x800'7d07    0x86  Code  Gb  stm32l4xx_hal_i2c_ex.o [1]
HAL_I2C_Init             0x800'76c9   0x1b6  Code  Gb  stm32l4xx_hal_i2c.o [1]
HAL_I2C_Master_Transmit
                         0x800'787f   0x17e  Code  Gb  stm32l4xx_hal_i2c.o [1]
HAL_I2C_MspInit          0x800'86ed    0x60  Code  Gb  stm32l4xx_hal_msp.o [1]
HAL_IncTick              0x800'c211    0x18  Code  Wk  stm32l4xx_hal.o [1]
HAL_Init                 0x800'4c19    0x24  Code  Gb  stm32l4xx_hal.o [1]
HAL_InitTick             0x800'863d    0x60  Code  Wk  stm32l4xx_hal.o [1]
HAL_MspInit              0x800'869d    0x2e  Code  Gb  stm32l4xx_hal_msp.o [1]
HAL_NVIC_SetPriority     0x800'85bd    0x46  Code  Gb  stm32l4xx_hal_cortex.o [1]
HAL_NVIC_SetPriorityGrouping
                         0x800'8593    0x2a  Code  Gb  stm32l4xx_hal_cortex.o [1]
HAL_NVIC_SystemReset     0x800'8603     0x8  Code  Gb  stm32l4xx_hal_cortex.o [1]
HAL_PCDEx_LPM_Callback   0x800'a2cf    0x4c  Code  Gb  usbd_conf.o [1]
HAL_PCD_DataInStageCallback
                         0x800'a047    0x1e  Code  Gb  usbd_conf.o [1]
HAL_PCD_DataOutStageCallback
                         0x800'a027    0x20  Code  Gb  usbd_conf.o [1]
HAL_PCD_EP_ClrStall      0x800'9c07    0x78  Code  Gb  stm32l4xx_hal_pcd.o [1]
HAL_PCD_EP_Open          0x800'9a39    0x9e  Code  Gb  stm32l4xx_hal_pcd.o [1]
HAL_PCD_EP_Receive       0x800'9ad7    0x56  Code  Gb  stm32l4xx_hal_pcd.o [1]
HAL_PCD_EP_SetStall      0x800'9b83    0x84  Code  Gb  stm32l4xx_hal_pcd.o [1]
HAL_PCD_EP_Transmit      0x800'9b2d    0x56  Code  Gb  stm32l4xx_hal_pcd.o [1]
HAL_PCD_IRQHandler       0x800'9841   0x1c8  Code  Gb  stm32l4xx_hal_pcd.o [1]
HAL_PCD_ResetCallback    0x800'a073    0x26  Code  Gb  usbd_conf.o [1]
HAL_PCD_ResumeCallback   0x800'a0b9    0x24  Code  Gb  usbd_conf.o [1]
HAL_PCD_SOFCallback      0x800'a065     0xe  Code  Gb  usbd_conf.o [1]
HAL_PCD_SetAddress       0x800'9a09    0x30  Code  Gb  stm32l4xx_hal_pcd.o [1]
HAL_PCD_SetupStageCallback
                         0x800'a015    0x12  Code  Gb  usbd_conf.o [1]
HAL_PCD_SuspendCallback
                         0x800'a099    0x20  Code  Gb  usbd_conf.o [1]
HAL_PWREx_ControlVoltageScaling
                         0x800'73c9    0x8e  Code  Gb  stm32l4xx_hal_pwr_ex.o [1]
HAL_PWREx_GetVoltageRange
                         0x800'73bd     0xc  Code  Gb  stm32l4xx_hal_pwr_ex.o [1]
HAL_RCCEx_PeriphCLKConfig
                         0x800'6c71   0x4d2  Code  Gb  stm32l4xx_hal_rcc_ex.o [1]
HAL_RCC_ClockConfig      0x800'6833   0x23c  Code  Gb  stm32l4xx_hal_rcc.o [1]
HAL_RCC_GetHCLKFreq      0x800'6b63     0x6  Code  Gb  stm32l4xx_hal_rcc.o [1]
HAL_RCC_GetPCLK1Freq     0x800'6b69    0x1a  Code  Gb  stm32l4xx_hal_rcc.o [1]
HAL_RCC_GetPCLK2Freq     0x800'6b83    0x1a  Code  Gb  stm32l4xx_hal_rcc.o [1]
HAL_RCC_GetSysClockFreq
                         0x800'6a8d    0xd6  Code  Gb  stm32l4xx_hal_rcc.o [1]
HAL_RCC_OscConfig        0x800'601d   0x816  Code  Gb  stm32l4xx_hal_rcc.o [1]
HAL_SPI_Init             0x800'7d99   0x26c  Code  Gb  stm32l4xx_hal_spi.o [1]
HAL_SPI_MspInit          0x800'874d    0x88  Code  Gb  stm32l4xx_hal_msp.o [1]
HAL_SPI_TransmitReceive
                         0x800'8005   0x2e0  Code  Gb  stm32l4xx_hal_spi.o [1]
HAL_SYSTICK_Config       0x800'860b     0xc  Code  Gb  stm32l4xx_hal_cortex.o [1]
HAL_UART_Init            0x800'54b1    0xd0  Code  Gb  stm32l4xx_hal_uart.o [1]
HAL_UART_MspInit         0x800'87d5    0x64  Code  Gb  stm32l4xx_hal_msp.o [1]
HAL_UART_Receive         0x800'565b   0x146  Code  Gb  stm32l4xx_hal_uart.o [1]
HAL_UART_Transmit        0x800'5581    0xda  Code  Gb  stm32l4xx_hal_uart.o [1]
HardFault_Handler        0x800'c1db     0x8  Code  Gb  stm32l4xx_it.o [1]
I2C_Flush_TXDR           0x800'7a11    0x24  Code  Lc  stm32l4xx_hal_i2c.o [1]
I2C_IsAcknowledgeFailed
                         0x800'7b3d    0x8a  Code  Lc  stm32l4xx_hal_i2c.o [1]
I2C_TransferConfig       0x800'7bc7    0x8c  Code  Lc  stm32l4xx_hal_i2c.o [1]
I2C_WaitOnFlagUntilTimeout
                         0x800'7a35    0x5e  Code  Lc  stm32l4xx_hal_i2c.o [1]
I2C_WaitOnSTOPFlagUntilTimeout
                         0x800'7aeb    0x52  Code  Lc  stm32l4xx_hal_i2c.o [1]
I2C_WaitOnTXISFlagUntilTimeout
                         0x800'7a93    0x58  Code  Lc  stm32l4xx_hal_i2c.o [1]
IMEI_SIM                0x2000'0a68   0x1f4  Data  Gb  main.o [1]
IMEI_SIM_REAL           0x2000'0dc0    0x10  Data  Gb  main.o [1]
MSIRangeTable            0x800'c228    0x30  Data  Gb  system_stm32l4xx.o [1]
MX_CRC_Init              0x800'4587    0x3a  Code  Lc  main.o [1]
MX_GPIO_Init             0x800'466d    0xb8  Code  Lc  main.o [1]
MX_I2C1_Init             0x800'45c5    0x58  Code  Lc  main.o [1]
MX_SPI1_Init             0x800'461d    0x50  Code  Lc  main.o [1]
MX_USART1_UART_Init      0x800'4729    0x3c  Code  Lc  main.o [1]
MemManage_Handler        0x800'c1e3     0x2  Code  Gb  stm32l4xx_it.o [1]
NMI_Handler              0x800'c1d9     0x2  Code  Gb  stm32l4xx_it.o [1]
NVIC_EncodePriority      0x800'84ff    0x40  Code  Lc  stm32l4xx_hal_cortex.o [1]
OLED_init                0x800'5187     0x8  Code  Gb  Config.o [1]
PCD_EP_ISR_Handler       0x800'9c7f   0x396  Code  Lc  stm32l4xx_hal_pcd.o [1]
PendSV_Handler           0x800'c1ed     0x2  Code  Gb  stm32l4xx_it.o [1]
RCCEx_PLLSAI1_Config     0x800'7161   0x236  Code  Lc  stm32l4xx_hal_rcc_ex.o [1]
RCC_SetFlashLatencyFromMSIRange
                         0x800'6ba9    0x8a  Code  Lc  stm32l4xx_hal_rcc.o [1]
Region$$Table$$Base      0x800'c2a4           --   Gb  - Linker created -
Region$$Table$$Limit     0x800'c2c8           --   Gb  - Linker created -
SPI_EndRxTxTransaction   0x800'8435    0x6a  Code  Lc  stm32l4xx_hal_spi.o [1]
SPI_WaitFifoStateUntilTimeout
                         0x800'8391    0xa4  Code  Lc  stm32l4xx_hal_spi.o [1]
SPI_WaitFlagStateUntilTimeout
                         0x800'82f1    0xa0  Code  Lc  stm32l4xx_hal_spi.o [1]
SVC_Handler              0x800'c1e9     0x2  Code  Gb  stm32l4xx_it.o [1]
Sim_Response             0x800'4385    0xc0  Code  Gb  main.o [1]
Sim_Rxdata              0x2000'0dfc     0x2  Data  Gb  main.o [1]
Sim_Rxdata1             0x2000'0874   0x1f4  Data  Gb  main.o [1]
Sim_response            0x2000'0680   0x1f4  Data  Gb  main.o [1]
Sim_sendCommand          0x800'4293    0xe6  Code  Gb  main.o [1]
Sim_sendCommand_IMEI     0x800'4445    0x82  Code  Gb  main.o [1]
So_Bill                 0x2000'0de0    0x10  Data  Gb  main.o [1]
So_Tien_Pay             0x2000'0dd0    0x10  Data  Gb  main.o [1]
SysTick_Config           0x800'855d    0x36  Code  Lc  stm32l4xx_hal_cortex.o [1]
SysTick_Handler          0x800'c1ef     0x8  Code  Gb  stm32l4xx_it.o [1]
SystemClockConfig_Resume
                         0x800'a321     0x8  Code  Lc  usbd_conf.o [1]
SystemClock_Config       0x800'44c7    0xc0  Code  Gb  main.o [1]
SystemCoreClock         0x2000'0008     0x4  Data  Gb  system_stm32l4xx.o [1]
SystemInit               0x800'c121    0x42  Code  Gb  system_stm32l4xx.o [1]
UART_AdvFeatureConfig    0x800'5c53   0x1f2  Code  Gb  stm32l4xx_hal_uart.o [1]
UART_CheckIdleState      0x800'5e71    0x68  Code  Gb  stm32l4xx_hal_uart.o [1]
UART_SetConfig           0x800'57b1   0x4a2  Code  Gb  stm32l4xx_hal_uart.o [1]
UART_WaitOnFlagUntilTimeout
                         0x800'5ed9    0x6a  Code  Gb  stm32l4xx_hal_uart.o [1]
USBD_ClrClassConfig      0x800'a35b    0x18  Code  Gb  usbd_core.o [1]
USBD_ClrFeature          0x800'ad3d    0x2e  Code  Lc  usbd_ctlreq.o [1]
USBD_CtlContinueRx       0x800'adf1    0x1a  Code  Gb  usbd_ioreq.o [1]
USBD_CtlContinueSendData
                         0x800'add7    0x1a  Code  Gb  usbd_ioreq.o [1]
USBD_CtlError            0x800'ad93    0x18  Code  Gb  usbd_ctlreq.o [1]
USBD_CtlReceiveStatus    0x800'ae25    0x1a  Code  Gb  usbd_ioreq.o [1]
USBD_CtlSendData         0x800'adab    0x2c  Code  Gb  usbd_ioreq.o [1]
USBD_CtlSendStatus       0x800'ae0b    0x1a  Code  Gb  usbd_ioreq.o [1]
USBD_GetConfig           0x800'ac89    0x4e  Code  Lc  usbd_ctlreq.o [1]
USBD_GetDescriptor       0x800'a9d5   0x178  Code  Lc  usbd_ctlreq.o [1]
USBD_GetStatus           0x800'acd7    0x4c  Code  Lc  usbd_ctlreq.o [1]
USBD_LL_ClearStallEP     0x800'a175    0x42  Code  Gb  usbd_conf.o [1]
USBD_LL_DataInStage      0x800'a489   0x10c  Code  Gb  usbd_core.o [1]
USBD_LL_DataOutStage     0x800'a3db    0xae  Code  Gb  usbd_core.o [1]
USBD_LL_IsStallEP        0x800'a1b7    0x2e  Code  Gb  usbd_conf.o [1]
USBD_LL_OpenEP           0x800'a0dd    0x56  Code  Gb  usbd_conf.o [1]
USBD_LL_PrepareReceive   0x800'a27b    0x54  Code  Gb  usbd_conf.o [1]
USBD_LL_Reset            0x800'a595    0x60  Code  Gb  usbd_core.o [1]
USBD_LL_Resume           0x800'a611     0xe  Code  Gb  usbd_core.o [1]
USBD_LL_SOF              0x800'a61f    0x24  Code  Gb  usbd_core.o [1]
USBD_LL_SetSpeed         0x800'a5f5     0x8  Code  Gb  usbd_core.o [1]
USBD_LL_SetUSBAddress    0x800'a1e5    0x42  Code  Gb  usbd_conf.o [1]
USBD_LL_SetupStage       0x800'a373    0x68  Code  Gb  usbd_core.o [1]
USBD_LL_StallEP          0x800'a133    0x42  Code  Gb  usbd_conf.o [1]
USBD_LL_Suspend          0x800'a5fd    0x14  Code  Gb  usbd_core.o [1]
USBD_LL_Transmit         0x800'a227    0x54  Code  Gb  usbd_conf.o [1]
USBD_ParseSetupRequest   0x800'ad6b    0x28  Code  Gb  usbd_ctlreq.o [1]
USBD_RunTestMode         0x800'a329     0x6  Code  Gb  usbd_core.o [1]
USBD_SetAddress          0x800'ab4d    0x68  Code  Lc  usbd_ctlreq.o [1]
USBD_SetClassConfig      0x800'a32f    0x2c  Code  Gb  usbd_core.o [1]
USBD_SetConfig           0x800'abb5    0xce  Code  Lc  usbd_ctlreq.o [1]
USBD_SetConfig::cfgidx  0x2000'0e01     0x1  Data  Lc  usbd_ctlreq.o [1]
USBD_SetFeature          0x800'ad23    0x1a  Code  Lc  usbd_ctlreq.o [1]
USBD_StdDevReq           0x800'a645    0xa6  Code  Gb  usbd_ctlreq.o [1]
USBD_StdEPReq            0x800'a759   0x27c  Code  Gb  usbd_ctlreq.o [1]
USBD_StdItfReq           0x800'a6eb    0x6e  Code  Gb  usbd_ctlreq.o [1]
USB_ActivateEndpoint     0x800'8fdb   0x368  Code  Gb  stm32l4xx_ll_usb.o [1]
USB_EP0_OutStart         0x800'9791     0x6  Code  Gb  stm32l4xx_ll_usb.o [1]
USB_EPClearStall         0x800'96c7    0xae  Code  Gb  stm32l4xx_ll_usb.o [1]
USB_EPSetStall           0x800'967d    0x4a  Code  Gb  stm32l4xx_ll_usb.o [1]
USB_EPStartXfer          0x800'9343   0x33a  Code  Gb  stm32l4xx_ll_usb.o [1]
USB_IRQHandler           0x800'c1f7     0xa  Code  Gb  stm32l4xx_it.o [1]
USB_ReadInterrupts       0x800'9789     0x8  Code  Gb  stm32l4xx_ll_usb.o [1]
USB_ReadPMA              0x800'97e9    0x56  Code  Gb  stm32l4xx_ll_usb.o [1]
USB_SetDevAddress        0x800'9775    0x14  Code  Gb  stm32l4xx_ll_usb.o [1]
USB_WritePMA             0x800'9797    0x52  Code  Gb  stm32l4xx_ll_usb.o [1]
UsageFault_Handler       0x800'c1e7     0x2  Code  Gb  stm32l4xx_it.o [1]
WakeUp_CR95HF            0x800'4c5f     0x8  Code  Gb  nfcm1833_module.o [1]
WakeUp_TinZ              0x800'8c6d    0x70  Code  Gb  nfcm1833tinz.o [1]
__NVIC_GetPriorityGrouping
                         0x800'84c3     0xc  Code  Lc  stm32l4xx_hal_cortex.o [1]
__NVIC_SetPriority       0x800'84cf    0x30  Code  Lc  stm32l4xx_hal_cortex.o [1]
__NVIC_SetPriorityGrouping
                         0x800'84a1    0x22  Code  Lc  stm32l4xx_hal_cortex.o [1]
__NVIC_SystemReset       0x800'853f    0x1e  Code  Lc  stm32l4xx_hal_cortex.o [1]
__aeabi_ldiv0            0x800'8fd9          Code  Gb  I64DivZer.o [4]
__aeabi_memcpy           0x800'51c1          Code  Gb  ABImemcpy.o [4]
__aeabi_memcpy4          0x800'51e1          Code  Gb  ABImemcpy.o [4]
__aeabi_memcpy8          0x800'51e1          Code  Gb  ABImemcpy.o [4]
__aeabi_memset           0x800'5fb5          Code  Gb  ABImemset.o [4]
__aeabi_uldivmod         0x800'8cdd          Code  Gb  I64DivMod.o [4]
__cmain                  0x800'c309          Code  Gb  cmain.o [4]
__exit                   0x800'c33d    0x14  Code  Gb  exit.o [5]
__iar_Memset             0x800'5fb5          Code  Gb  ABImemset.o [4]
__iar_Memset_word        0x800'5fbd          Code  Gb  ABImemset.o [4]
__iar_Strchr             0x800'8f0d          Code  Gb  strchr.o [4]
__iar_copy_init3         0x800'4c67    0x2e  Code  Gb  copy_init3.o [4]
__iar_data_init3         0x800'c259    0x28  Code  Gb  data_init.o [4]
__iar_init_vfp           0x800'c281          Code  Gb  fpinit_M.o [3]
__iar_program_start      0x800'c3ed          Code  Gb  cstartup_M.o [4]
__iar_zero_init3         0x800'4bdf    0x3a  Code  Gb  zero_init3.o [4]
__low_level_init         0x800'c327     0x4  Code  Gb  low_level_init.o [2]
__vector_table           0x800'0000          Data  Gb  startup_stm32l432xx.o [1]
_call_main               0x800'c315          Code  Gb  cmain.o [4]
_exit                    0x800'c331          Code  Gb  cexit.o [4]
_main                    0x800'c323          Code  Gb  cmain.o [4]
assert_failed            0x800'480f     0x2  Code  Gb  main.o [1]
c_chFont1206             0x800'b430   0x474  Data  Gb  Fonts.o [1]
c_chFont1608             0x800'ae40   0x5f0  Data  Gb  Fonts.o [1]
crcx25                   0x800'8c21    0x1e  Code  Lc  nfcm1833tinz.o [1]
deleteBuffer             0x800'4279    0x1a  Code  Gb  main.o [1]
display                  0x800'425b    0x1e  Code  Gb  main.o [1]
driver_init              0x800'518f     0x8  Code  Lc  Config.o [1]
encode4byte              0x800'5267    0xf0  Code  Gb  bcdencode.o [1]
encode8byte_little_edian
                         0x800'5357   0x158  Code  Gb  bcdencode.o [1]
exit                     0x800'c32b     0x4  Code  Gb  exit.o [2]
getDeviceID              0x800'4c53     0xc  Code  Gb  nfcm1833_module.o [1]
getDeviceID_spi          0x800'8bdf    0x42  Code  Gb  nfcm1833tinz.o [1]
getKey                   0x800'39cd   0x148  Code  Gb  main.o [1]
hcrc                    0x2000'0d8c    0x24  Data  Gb  main.o [1]
hi2c1                   0x2000'0d40    0x4c  Data  Gb  main.o [1]
hpcd_USB_FS             0x2000'040c   0x274  Data  Gb  usbd_conf.o [1]
huart1                  0x2000'0c5c    0x80  Data  Gb  main.o [1]
idTag                   0x2000'0df0     0x8  Data  Gb  main.o [1]
idTagBCD                0x2000'0db0    0x10  Data  Gb  main.o [1]
main                     0x800'3b15   0x746  Code  Gb  main.o [1]
memset                   0x800'8fc5    0x14  Code  Gb  memset.o [4]
permissReadTag          0x2000'0dfe     0x1  Data  Gb  main.o [1]
ping_module              0x800'4c4b     0x8  Code  Gb  nfcm1833_module.o [1]
ping_module_spi          0x800'89f9    0x4e  Code  Gb  nfcm1833tinz.o [1]
s_chDispalyBuffer       0x2000'000c   0x400  Data  Lc  SSD1306.o [1]
select_tag_type          0x800'4c3d     0xe  Code  Gb  nfcm1833_module.o [1]
select_tag_type_spi      0x800'8af7    0x22  Code  Gb  nfcm1833tinz.o [1]
select_tag_type_spi_tag_type_4a
                         0x800'8a9f    0x58  Code  Lc  nfcm1833tinz.o [1]
select_tag_type_spi_tag_type_5
                         0x800'8a47    0x58  Code  Lc  nfcm1833tinz.o [1]
sendrecv_spi             0x800'8b19    0xc6  Code  Gb  nfcm1833tinz.o [1]
spi_polling_data_cr95hf
                         0x800'88e5    0x84  Code  Lc  nfcm1833tinz.o [1]
spi_recv_data_from_cr95hf
                         0x800'8969    0x90  Code  Lc  nfcm1833tinz.o [1]
spi_send_data_to_cr95hf
                         0x800'885d    0x88  Code  Lc  nfcm1833tinz.o [1]
spi_to_nfcm1833tinz     0x2000'0cdc    0x64  Data  Gb  main.o [1]
ssd1306_clear_screen     0x800'4d91    0x56  Code  Gb  SSD1306.o [1]
ssd1306_display_char     0x800'4e89    0xf8  Code  Gb  SSD1306.o [1]
ssd1306_display_string   0x800'4f81    0x72  Code  Gb  SSD1306.o [1]
ssd1306_draw_bitmap      0x800'5015    0x88  Code  Gb  SSD1306.o [1]
ssd1306_draw_point       0x800'4de7    0xa2  Code  Gb  SSD1306.o [1]
ssd1306_init             0x800'509d    0xea  Code  Gb  SSD1306.o [1]
ssd1306_refresh_gram     0x800'4d3b    0x56  Code  Gb  SSD1306.o [1]
ssd1306_write_byte       0x800'4d01    0x3a  Code  Lc  SSD1306.o [1]
strchr                   0x800'8f0d          Code  Gb  strchr.o [4]
strlen                   0x800'5f45          Code  Gb  strlen.o [4]
strstr                   0x800'5f89    0x2c  Code  Gb  strstr.o [2]
uwTick                  0x2000'0df8     0x4  Data  Gb  stm32l4xx_hal.o [1]
uwTickFreq              0x2000'0004     0x4  Data  Gb  stm32l4xx_hal.o [1]
uwTickPrio              0x2000'0000     0x4  Data  Gb  stm32l4xx_hal.o [1]
viTriBill               0x2000'0e00     0x1  Data  Gb  main.o [1]
viTriTien               0x2000'0dff     0x1  Data  Gb  main.o [1]


[1] = E:\Firmware\CodeTestL432KC\ReaderSimL432Oled\Firmware_L432KC\EWARM\NFC_L432KC\Obj
[2] = dl7M_tlf.a
[3] = m7M_tls.a
[4] = rt7M_tl.a
[5] = shb_l.a

  30'785 bytes of readonly  code memory
  19'707 bytes of readonly  data memory
   4'610 bytes of readwrite data memory

Errors: none
Warnings: none
