###############################################################################
#
# IAR ELF Linker V8.40.1.212/W32 for ARM                  04/Jul/2020  12:03:23
# Copyright 2007-2019 IAR Systems AB.
#
#    Output file  =
#        E:\Firmware\CodeTestL432KC\ReaderSimL432Oled\Firmware_L432KC\EWARM\NFC_L432KC\Exe\NFC_L432KC.out
#    Map file     =
#        E:\Firmware\CodeTestL432KC\ReaderSimL432Oled\Firmware_L432KC\EWARM\NFC_L432KC\List\NFC_L432KC.map
#    Command line =
#        -f C:\Users\ANNGUY~1\AppData\Local\Temp\EWC395.tmp
#        (E:\Firmware\CodeTestL432KC\ReaderSimL432Oled\Firmware_L432KC\EWARM\NFC_L432KC\Obj\bcdencode.o
#        E:\Firmware\CodeTestL432KC\ReaderSimL432Oled\Firmware_L432KC\EWARM\NFC_L432KC\Obj\Config.o
#        E:\Firmware\CodeTestL432KC\ReaderSimL432Oled\Firmware_L432KC\EWARM\NFC_L432KC\Obj\Fonts.o
#        E:\Firmware\CodeTestL432KC\ReaderSimL432Oled\Firmware_L432KC\EWARM\NFC_L432KC\Obj\i2c-lcd.o
#        E:\Firmware\CodeTestL432KC\ReaderSimL432Oled\Firmware_L432KC\EWARM\NFC_L432KC\Obj\main.o
#        E:\Firmware\CodeTestL432KC\ReaderSimL432Oled\Firmware_L432KC\EWARM\NFC_L432KC\Obj\ndef.o
#        E:\Firmware\CodeTestL432KC\ReaderSimL432Oled\Firmware_L432KC\EWARM\NFC_L432KC\Obj\nfcm1833_module.o
#        E:\Firmware\CodeTestL432KC\ReaderSimL432Oled\Firmware_L432KC\EWARM\NFC_L432KC\Obj\nfcm1833tiny.o
#        E:\Firmware\CodeTestL432KC\ReaderSimL432Oled\Firmware_L432KC\EWARM\NFC_L432KC\Obj\nfcm1833tinz.o
#        E:\Firmware\CodeTestL432KC\ReaderSimL432Oled\Firmware_L432KC\EWARM\NFC_L432KC\Obj\SSD1306.o
#        E:\Firmware\CodeTestL432KC\ReaderSimL432Oled\Firmware_L432KC\EWARM\NFC_L432KC\Obj\startup_stm32l432xx.o
#        E:\Firmware\CodeTestL432KC\ReaderSimL432Oled\Firmware_L432KC\EWARM\NFC_L432KC\Obj\stm32l4xx_hal.o
#        E:\Firmware\CodeTestL432KC\ReaderSimL432Oled\Firmware_L432KC\EWARM\NFC_L432KC\Obj\stm32l4xx_hal_cortex.o
#        E:\Firmware\CodeTestL432KC\ReaderSimL432Oled\Firmware_L432KC\EWARM\NFC_L432KC\Obj\stm32l4xx_hal_crc.o
#        E:\Firmware\CodeTestL432KC\ReaderSimL432Oled\Firmware_L432KC\EWARM\NFC_L432KC\Obj\stm32l4xx_hal_crc_ex.o
#        E:\Firmware\CodeTestL432KC\ReaderSimL432Oled\Firmware_L432KC\EWARM\NFC_L432KC\Obj\stm32l4xx_hal_dma.o
#        E:\Firmware\CodeTestL432KC\ReaderSimL432Oled\Firmware_L432KC\EWARM\NFC_L432KC\Obj\stm32l4xx_hal_dma_ex.o
#        E:\Firmware\CodeTestL432KC\ReaderSimL432Oled\Firmware_L432KC\EWARM\NFC_L432KC\Obj\stm32l4xx_hal_exti.o
#        E:\Firmware\CodeTestL432KC\ReaderSimL432Oled\Firmware_L432KC\EWARM\NFC_L432KC\Obj\stm32l4xx_hal_flash.o
#        E:\Firmware\CodeTestL432KC\ReaderSimL432Oled\Firmware_L432KC\EWARM\NFC_L432KC\Obj\stm32l4xx_hal_flash_ex.o
#        E:\Firmware\CodeTestL432KC\ReaderSimL432Oled\Firmware_L432KC\EWARM\NFC_L432KC\Obj\stm32l4xx_hal_flash_ramfunc.o
#        E:\Firmware\CodeTestL432KC\ReaderSimL432Oled\Firmware_L432KC\EWARM\NFC_L432KC\Obj\stm32l4xx_hal_gpio.o
#        E:\Firmware\CodeTestL432KC\ReaderSimL432Oled\Firmware_L432KC\EWARM\NFC_L432KC\Obj\stm32l4xx_hal_i2c.o
#        E:\Firmware\CodeTestL432KC\ReaderSimL432Oled\Firmware_L432KC\EWARM\NFC_L432KC\Obj\stm32l4xx_hal_i2c_ex.o
#        E:\Firmware\CodeTestL432KC\ReaderSimL432Oled\Firmware_L432KC\EWARM\NFC_L432KC\Obj\stm32l4xx_hal_msp.o
#        E:\Firmware\CodeTestL432KC\ReaderSimL432Oled\Firmware_L432KC\EWARM\NFC_L432KC\Obj\stm32l4xx_hal_pcd.o
#        E:\Firmware\CodeTestL432KC\ReaderSimL432Oled\Firmware_L432KC\EWARM\NFC_L432KC\Obj\stm32l4xx_hal_pcd_ex.o
#        E:\Firmware\CodeTestL432KC\ReaderSimL432Oled\Firmware_L432KC\EWARM\NFC_L432KC\Obj\stm32l4xx_hal_pwr.o
#        E:\Firmware\CodeTestL432KC\ReaderSimL432Oled\Firmware_L432KC\EWARM\NFC_L432KC\Obj\stm32l4xx_hal_pwr_ex.o
#        E:\Firmware\CodeTestL432KC\ReaderSimL432Oled\Firmware_L432KC\EWARM\NFC_L432KC\Obj\stm32l4xx_hal_rcc.o
#        E:\Firmware\CodeTestL432KC\ReaderSimL432Oled\Firmware_L432KC\EWARM\NFC_L432KC\Obj\stm32l4xx_hal_rcc_ex.o
#        E:\Firmware\CodeTestL432KC\ReaderSimL432Oled\Firmware_L432KC\EWARM\NFC_L432KC\Obj\stm32l4xx_hal_spi.o
#        E:\Firmware\CodeTestL432KC\ReaderSimL432Oled\Firmware_L432KC\EWARM\NFC_L432KC\Obj\stm32l4xx_hal_spi_ex.o
#        E:\Firmware\CodeTestL432KC\ReaderSimL432Oled\Firmware_L432KC\EWARM\NFC_L432KC\Obj\stm32l4xx_hal_tim.o
#        E:\Firmware\CodeTestL432KC\ReaderSimL432Oled\Firmware_L432KC\EWARM\NFC_L432KC\Obj\stm32l4xx_hal_tim_ex.o
#        E:\Firmware\CodeTestL432KC\ReaderSimL432Oled\Firmware_L432KC\EWARM\NFC_L432KC\Obj\stm32l4xx_hal_uart.o
#        E:\Firmware\CodeTestL432KC\ReaderSimL432Oled\Firmware_L432KC\EWARM\NFC_L432KC\Obj\stm32l4xx_hal_uart_ex.o
#        E:\Firmware\CodeTestL432KC\ReaderSimL432Oled\Firmware_L432KC\EWARM\NFC_L432KC\Obj\stm32l4xx_it.o
#        E:\Firmware\CodeTestL432KC\ReaderSimL432Oled\Firmware_L432KC\EWARM\NFC_L432KC\Obj\stm32l4xx_ll_usb.o
#        E:\Firmware\CodeTestL432KC\ReaderSimL432Oled\Firmware_L432KC\EWARM\NFC_L432KC\Obj\system_stm32l4xx.o
#        E:\Firmware\CodeTestL432KC\ReaderSimL432Oled\Firmware_L432KC\EWARM\NFC_L432KC\Obj\usbd_cdc.o
#        E:\Firmware\CodeTestL432KC\ReaderSimL432Oled\Firmware_L432KC\EWARM\NFC_L432KC\Obj\usbd_cdc_vcp.o
#        E:\Firmware\CodeTestL432KC\ReaderSimL432Oled\Firmware_L432KC\EWARM\NFC_L432KC\Obj\usbd_conf.o
#        E:\Firmware\CodeTestL432KC\ReaderSimL432Oled\Firmware_L432KC\EWARM\NFC_L432KC\Obj\usbd_core.o
#        E:\Firmware\CodeTestL432KC\ReaderSimL432Oled\Firmware_L432KC\EWARM\NFC_L432KC\Obj\usbd_ctlreq.o
#        E:\Firmware\CodeTestL432KC\ReaderSimL432Oled\Firmware_L432KC\EWARM\NFC_L432KC\Obj\usbd_desc.o
#        E:\Firmware\CodeTestL432KC\ReaderSimL432Oled\Firmware_L432KC\EWARM\NFC_L432KC\Obj\usbd_hid.o
#        E:\Firmware\CodeTestL432KC\ReaderSimL432Oled\Firmware_L432KC\EWARM\NFC_L432KC\Obj\usbd_hid_keyboard.o
#        E:\Firmware\CodeTestL432KC\ReaderSimL432Oled\Firmware_L432KC\EWARM\NFC_L432KC\Obj\usbd_ioreq.o
#        --redirect _Printf=_PrintfFull --redirect _Scanf=_ScanfFull
#        --no_out_extension -o
#        E:\Firmware\CodeTestL432KC\ReaderSimL432Oled\Firmware_L432KC\EWARM\NFC_L432KC\Exe\NFC_L432KC.out
#        --map
#        E:\Firmware\CodeTestL432KC\ReaderSimL432Oled\Firmware_L432KC\EWARM\NFC_L432KC\List\NFC_L432KC.map
#        --config
#        E:\Firmware\CodeTestL432KC\ReaderSimL432Oled\Firmware_L432KC\EWARM/stm32l432xx_flash.icf
#        --semihosting --entry __iar_program_start --vfe --text_out locale)
#
###############################################################################

*******************************************************************************
*** RUNTIME MODEL ATTRIBUTES
***

CppFlavor       = *
__SystemLibrary = DLib
__dlib_version  = 6


*******************************************************************************
*** HEAP SELECTION
***

The basic heap was selected because no calls to memory allocation
functions were found in the application outside of system library
functions, and there are calls to deallocation functions in the
application.


*******************************************************************************
*** PLACEMENT SUMMARY
***

"A0":  place at address 0x800'0000 { ro section .intvec };
"P1":  place in [from 0x800'0000 to 0x803'ffff] { ro };
define block CSTACK with size = 1K, alignment = 8 { };
define block HEAP with size = 512, alignment = 8 { };
"P2":  place in [from 0x2000'0000 to 0x2000'ffff] {
          rw, block CSTACK, block HEAP };
initialize by copy { rw };

  Section            Kind         Address    Size  Object
  -------            ----         -------    ----  ------
"A0":                                       0x18c
  .intvec            ro code   0x800'0000   0x18c  startup_stm32l432xx.o [1]
                             - 0x800'018c   0x18c

"P1":                                      0xc4dc
  .rodata            const     0x800'018c  0x3840  Fonts.o [1]
  .text              ro code   0x800'39cc   0xf0c  main.o [1]
  .text              ro code   0x800'48d8    0x24  stm32l4xx_hal.o [1]
  .text              ro code   0x800'48fc    0x2a  nfcm1833_module.o [1]
  .text              ro code   0x800'4926    0x3a  zero_init3.o [4]
  .text              ro code   0x800'4960   0x4f2  SSD1306.o [1]
  .text              ro code   0x800'4e52    0x10  Config.o [1]
  .text              ro code   0x800'4e62    0x2e  copy_init3.o [4]
  .text              ro code   0x800'4e90   0x3ce  stm32l4xx_hal_gpio.o [1]
  .rodata            const     0x800'525e     0x1  nfcm1833tinz.o [1]
  .rodata            const     0x800'525f     0x1  nfcm1833tinz.o [1]
  .text              ro code   0x800'5260    0x28  stm32l4xx_hal.o [1]
  .text              ro code   0x800'5288   0x248  bcdencode.o [1]
  .text              ro code   0x800'54d0    0xa6  ABImemcpy.o [4]
  .rodata            const     0x800'5576     0x1  nfcm1833tinz.o [1]
  .text              ro code   0x800'5578   0xa92  stm32l4xx_hal_uart.o [1]
  .text              ro code   0x800'600c    0x36  strlen.o [4]
  .text              ro code   0x800'6044     0xc  stm32l4xx_hal.o [1]
  .text              ro code   0x800'6050    0x2c  strstr.o [2]
  .text              ro code   0x800'607c    0x66  ABImemset.o [4]
  .text              ro code   0x800'60e4   0xc54  stm32l4xx_hal_rcc.o [1]
  .text              ro code   0x800'6d38   0x74c  stm32l4xx_hal_rcc_ex.o [1]
  .text              ro code   0x800'7484    0xb0  stm32l4xx_hal_pwr_ex.o [1]
  .text              ro code   0x800'7534   0x25c  stm32l4xx_hal_crc.o [1]
  .text              ro code   0x800'7790   0x5ac  stm32l4xx_hal_i2c.o [1]
  .text              ro code   0x800'7d3c   0x124  stm32l4xx_hal_i2c_ex.o [1]
  .text              ro code   0x800'7e60   0x706  stm32l4xx_hal_spi.o [1]
  .text              ro code   0x800'8568   0x19c  stm32l4xx_hal_cortex.o [1]
  .text              ro code   0x800'8704    0x60  stm32l4xx_hal.o [1]
  .text              ro code   0x800'8764   0x214  stm32l4xx_hal_msp.o [1]
  .text              ro code   0x800'8978   0x480  nfcm1833tinz.o [1]
  .text              ro code   0x800'8df8   0x230  I64DivMod.o [4]
  .text              ro code   0x800'9028    0x16  strchr.o [4]
  .text              ro code   0x800'9040    0xa0  stm32l4xx_hal_crc_ex.o [1]
  .text              ro code   0x800'90e0    0x14  memset.o [4]
  .text              ro code   0x800'90f4     0x2  I64DivZer.o [4]
  .text              ro code   0x800'90f6   0x864  stm32l4xx_ll_usb.o [1]
  .text              ro code   0x800'995c   0x7d4  stm32l4xx_hal_pcd.o [1]
  .text              ro code   0x800'a130   0x314  usbd_conf.o [1]
  .text              ro code   0x800'a444   0x31a  usbd_core.o [1]
  .text              ro code   0x800'a760   0x766  usbd_ctlreq.o [1]
  .text              ro code   0x800'aec6    0x94  usbd_ioreq.o [1]
  .rodata            const     0x800'af5c   0x5f0  Fonts.o [1]
  .rodata            const     0x800'b54c   0x474  Fonts.o [1]
  .rodata            const     0x800'b9c0   0x100  nfcm1833tinz.o [1]
  .rodata            const     0x800'bac0   0x100  nfcm1833tinz.o [1]
  .rodata            const     0x800'bbc0    0x90  stm32l4xx_hal_cortex.o [1]
  .rodata            const     0x800'bc50    0x90  stm32l4xx_hal_crc_ex.o [1]
  .rodata            const     0x800'bce0    0x90  stm32l4xx_hal_i2c_ex.o [1]
  .rodata            const     0x800'bd70    0x90  stm32l4xx_hal_pwr_ex.o [1]
  .rodata            const     0x800'be00    0x90  stm32l4xx_hal_rcc_ex.o [1]
  .rodata            const     0x800'be90    0x8c  stm32l4xx_hal_crc.o [1]
  .rodata            const     0x800'bf1c    0x8c  stm32l4xx_hal_gpio.o [1]
  .rodata            const     0x800'bfa8    0x8c  stm32l4xx_hal_i2c.o [1]
  .rodata            const     0x800'c034    0x8c  stm32l4xx_hal_rcc.o [1]
  .rodata            const     0x800'c0c0    0x8c  stm32l4xx_hal_spi.o [1]
  .rodata            const     0x800'c14c    0x8c  stm32l4xx_hal_uart.o [1]
  .rodata            const     0x800'c1d8    0x64  main.o [1]
  .text              ro code   0x800'c23c    0x60  system_stm32l4xx.o [1]
  .rodata            const     0x800'c29c    0x58  nfcm1833tinz.o [1]
  .text              ro code   0x800'c2f4    0x36  stm32l4xx_it.o [1]
  .text              ro code   0x800'c32c    0x18  stm32l4xx_hal.o [1]
  .rodata            const     0x800'c344    0x30  system_stm32l4xx.o [1]
  .text              ro code   0x800'c374    0x28  data_init.o [4]
  .text              ro code   0x800'c39c    0x22  fpinit_M.o [3]
  .iar.init_table    const     0x800'c3c0    0x24  - Linker created -
  .rodata            const     0x800'c3e4    0x20  main.o [1]
  .rodata            const     0x800'c404    0x20  main.o [1]
  .text              ro code   0x800'c424    0x1e  cmain.o [4]
  .text              ro code   0x800'c442     0x4  low_level_init.o [2]
  .text              ro code   0x800'c446     0x4  exit.o [2]
  .text              ro code   0x800'c44c     0xa  cexit.o [4]
  .text              ro code   0x800'c458    0x14  exit.o [5]
  .rodata            const     0x800'c46c    0x10  main.o [1]
  .rodata            const     0x800'c47c    0x10  main.o [1]
  .rodata            const     0x800'c48c    0x10  main.o [1]
  .rodata            const     0x800'c49c    0x10  system_stm32l4xx.o [1]
  .text              ro code   0x800'c4ac    0x10  startup_stm32l432xx.o [1]
  .rodata            const     0x800'c4bc     0xc  main.o [1]
  .rodata            const     0x800'c4c8     0xc  main.o [1]
  .rodata            const     0x800'c4d4     0xc  main.o [1]
  .rodata            const     0x800'c4e0     0xc  main.o [1]
  .rodata            const     0x800'c4ec     0xc  main.o [1]
  .rodata            const     0x800'c4f8     0xc  main.o [1]
  .rodata            const     0x800'c504     0xc  main.o [1]
  .text              ro code   0x800'c510     0xc  cstartup_M.o [4]
  Initializer bytes  const     0x800'c51c     0xc  <for P2-1>
  .rodata            const     0x800'c528     0x8  main.o [1]
  .rodata            const     0x800'c530     0x8  main.o [1]
  .rodata            const     0x800'c538     0x8  main.o [1]
  .rodata            const     0x800'c540     0x8  main.o [1]
  .rodata            const     0x800'c548     0x8  main.o [1]
  .rodata            const     0x800'c550     0x8  main.o [1]
  .rodata            const     0x800'c558     0x8  main.o [1]
  .rodata            const     0x800'c560     0x8  main.o [1]
  .rodata            const     0x800'c568     0x8  nfcm1833tinz.o [1]
  .rodata            const     0x800'c570     0x8  system_stm32l4xx.o [1]
  .rodata            const     0x800'c578     0x4  nfcm1833tinz.o [1]
  .rodata            const     0x800'c57c     0x4  nfcm1833tinz.o [1]
  .text              ro code   0x800'c580     0x4  startup_stm32l432xx.o [1]
  .text              ro code   0x800'c584     0x4  startup_stm32l432xx.o [1]
  .text              ro code   0x800'c588     0x4  startup_stm32l432xx.o [1]
  .text              ro code   0x800'c58c     0x4  startup_stm32l432xx.o [1]
  .text              ro code   0x800'c590     0x4  startup_stm32l432xx.o [1]
  .text              ro code   0x800'c594     0x4  startup_stm32l432xx.o [1]
  .text              ro code   0x800'c598     0x4  startup_stm32l432xx.o [1]
  .text              ro code   0x800'c59c     0x4  startup_stm32l432xx.o [1]
  .text              ro code   0x800'c5a0     0x4  startup_stm32l432xx.o [1]
  .text              ro code   0x800'c5a4     0x4  startup_stm32l432xx.o [1]
  .text              ro code   0x800'c5a8     0x4  startup_stm32l432xx.o [1]
  .text              ro code   0x800'c5ac     0x4  startup_stm32l432xx.o [1]
  .text              ro code   0x800'c5b0     0x4  startup_stm32l432xx.o [1]
  .text              ro code   0x800'c5b4     0x4  startup_stm32l432xx.o [1]
  .text              ro code   0x800'c5b8     0x4  startup_stm32l432xx.o [1]
  .text              ro code   0x800'c5bc     0x4  startup_stm32l432xx.o [1]
  .text              ro code   0x800'c5c0     0x4  startup_stm32l432xx.o [1]
  .text              ro code   0x800'c5c4     0x4  startup_stm32l432xx.o [1]
  .text              ro code   0x800'c5c8     0x4  startup_stm32l432xx.o [1]
  .text              ro code   0x800'c5cc     0x4  startup_stm32l432xx.o [1]
  .text              ro code   0x800'c5d0     0x4  startup_stm32l432xx.o [1]
  .text              ro code   0x800'c5d4     0x4  startup_stm32l432xx.o [1]
  .text              ro code   0x800'c5d8     0x4  startup_stm32l432xx.o [1]
  .text              ro code   0x800'c5dc     0x4  startup_stm32l432xx.o [1]
  .text              ro code   0x800'c5e0     0x4  startup_stm32l432xx.o [1]
  .text              ro code   0x800'c5e4     0x4  startup_stm32l432xx.o [1]
  .text              ro code   0x800'c5e8     0x4  startup_stm32l432xx.o [1]
  .text              ro code   0x800'c5ec     0x4  startup_stm32l432xx.o [1]
  .text              ro code   0x800'c5f0     0x4  startup_stm32l432xx.o [1]
  .text              ro code   0x800'c5f4     0x4  startup_stm32l432xx.o [1]
  .text              ro code   0x800'c5f8     0x4  startup_stm32l432xx.o [1]
  .text              ro code   0x800'c5fc     0x4  startup_stm32l432xx.o [1]
  .text              ro code   0x800'c600     0x4  startup_stm32l432xx.o [1]
  .text              ro code   0x800'c604     0x4  startup_stm32l432xx.o [1]
  .text              ro code   0x800'c608     0x4  startup_stm32l432xx.o [1]
  .text              ro code   0x800'c60c     0x4  startup_stm32l432xx.o [1]
  .text              ro code   0x800'c610     0x4  startup_stm32l432xx.o [1]
  .text              ro code   0x800'c614     0x4  startup_stm32l432xx.o [1]
  .text              ro code   0x800'c618     0x4  startup_stm32l432xx.o [1]
  .text              ro code   0x800'c61c     0x4  startup_stm32l432xx.o [1]
  .text              ro code   0x800'c620     0x4  startup_stm32l432xx.o [1]
  .text              ro code   0x800'c624     0x4  startup_stm32l432xx.o [1]
  .text              ro code   0x800'c628     0x4  startup_stm32l432xx.o [1]
  .text              ro code   0x800'c62c     0x4  startup_stm32l432xx.o [1]
  .text              ro code   0x800'c630     0x4  startup_stm32l432xx.o [1]
  .text              ro code   0x800'c634     0x4  startup_stm32l432xx.o [1]
  .text              ro code   0x800'c638     0x4  startup_stm32l432xx.o [1]
  .text              ro code   0x800'c63c     0x4  startup_stm32l432xx.o [1]
  .text              ro code   0x800'c640     0x4  startup_stm32l432xx.o [1]
  .text              ro code   0x800'c644     0x4  startup_stm32l432xx.o [1]
  .text              ro code   0x800'c648     0x4  startup_stm32l432xx.o [1]
  .text              ro code   0x800'c64c     0x4  startup_stm32l432xx.o [1]
  .text              ro code   0x800'c650     0x4  startup_stm32l432xx.o [1]
  .text              ro code   0x800'c654     0x4  startup_stm32l432xx.o [1]
  .text              ro code   0x800'c658     0x4  startup_stm32l432xx.o [1]
  .text              ro code   0x800'c65c     0x4  startup_stm32l432xx.o [1]
  .text              ro code   0x800'c660     0x4  startup_stm32l432xx.o [1]
  .text              ro code   0x800'c664     0x4  startup_stm32l432xx.o [1]
  .rodata            const     0x800'c668     0x0  zero_init3.o [4]
  .rodata            const     0x800'c668     0x0  copy_init3.o [4]
                             - 0x800'c668  0xc4dc

"P2", part 1 of 3:                            0xc
  P2-1                        0x2000'0000     0xc  <Init block>
    .data            inited   0x2000'0000     0x4  stm32l4xx_hal.o [1]
    .data            inited   0x2000'0004     0x4  stm32l4xx_hal.o [1]
    .data            inited   0x2000'0008     0x4  system_stm32l4xx.o [1]
                            - 0x2000'000c     0xc

"P2", part 2 of 3:                          0xe78
  .bss               zero     0x2000'000c   0x400  SSD1306.o [1]
  .bss               zero     0x2000'040c   0x274  usbd_conf.o [1]
  .bss               zero     0x2000'0680   0x1f4  main.o [1]
  .bss               zero     0x2000'0874   0x1f4  main.o [1]
  .bss               zero     0x2000'0a68   0x1f4  main.o [1]
  .bss               zero     0x2000'0c5c    0x80  main.o [1]
  .bss               zero     0x2000'0cdc    0x80  main.o [1]
  .bss               zero     0x2000'0d5c    0x64  main.o [1]
  .bss               zero     0x2000'0dc0    0x4c  main.o [1]
  .bss               zero     0x2000'0e0c    0x24  main.o [1]
  .bss               zero     0x2000'0e30    0x10  main.o [1]
  .bss               zero     0x2000'0e40    0x10  main.o [1]
  .bss               zero     0x2000'0e50    0x10  main.o [1]
  .bss               zero     0x2000'0e60    0x10  main.o [1]
  .bss               zero     0x2000'0e70     0x8  main.o [1]
  .bss               zero     0x2000'0e78     0x4  stm32l4xx_hal.o [1]
  .bss               zero     0x2000'0e7c     0x2  main.o [1]
  .bss               zero     0x2000'0e7e     0x1  main.o [1]
  .bss               zero     0x2000'0e7f     0x1  main.o [1]
  .bss               zero     0x2000'0e80     0x1  main.o [1]
  .bss               zero     0x2000'0e81     0x1  usbd_ctlreq.o [1]
                            - 0x2000'0e82   0xe76

"P2", part 3 of 3:                          0x400
  CSTACK                      0x2000'0e88   0x400  <Block>
    CSTACK           uninit   0x2000'0e88   0x400  <Block tail>
                            - 0x2000'1288   0x400

Unused ranges:

         From           To      Size
         ----           --      ----
   0x800'c668   0x803'ffff  0x3'3998
  0x2000'0e84  0x2000'0e87       0x4
  0x2000'1288  0x2000'ffff    0xed78


*******************************************************************************
*** INIT TABLE
***

          Address      Size
          -------      ----
Zero (__iar_zero_init3)
    1 destination range, total size 0xe76:
          0x2000'000c  0xe76

Copy (__iar_copy_init3)
    1 source range, total size 0xc:
           0x800'c51c    0xc
    1 destination range, total size 0xc:
          0x2000'0000    0xc



*******************************************************************************
*** MODULE SUMMARY
***

    Module                  ro code  ro data  rw data
    ------                  -------  -------  -------
command line/config:
    -------------------------------------------------
    Total:

E:\Firmware\CodeTestL432KC\ReaderSimL432Oled\Firmware_L432KC\EWARM\NFC_L432KC\Obj: [1]
    Config.o                     16
    Fonts.o                           17'060
    SSD1306.o                 1'266             1'024
    bcdencode.o                 584
    main.o                    3'852      360    2'045
    nfcm1833_module.o            42
    nfcm1833tinz.o            1'152      619
    startup_stm32l432xx.o       644
    stm32l4xx_hal.o             208        8       12
    stm32l4xx_hal_cortex.o      412      144
    stm32l4xx_hal_crc.o         604      140
    stm32l4xx_hal_crc_ex.o      160      144
    stm32l4xx_hal_gpio.o        974      140
    stm32l4xx_hal_i2c.o       1'452      140
    stm32l4xx_hal_i2c_ex.o      292      144
    stm32l4xx_hal_msp.o         532
    stm32l4xx_hal_pcd.o       2'004
    stm32l4xx_hal_pwr_ex.o      176      144
    stm32l4xx_hal_rcc.o       3'156      140
    stm32l4xx_hal_rcc_ex.o    1'868      144
    stm32l4xx_hal_spi.o       1'798      140
    stm32l4xx_hal_uart.o      2'706      140
    stm32l4xx_it.o               54
    stm32l4xx_ll_usb.o        2'148
    system_stm32l4xx.o           96       76        4
    usbd_conf.o                 788               628
    usbd_core.o                 794
    usbd_ctlreq.o             1'894                 1
    usbd_ioreq.o                148
    -------------------------------------------------
    Total:                   29'820   19'683    3'714

dl7M_tlf.a: [2]
    exit.o                        4
    low_level_init.o              4
    strstr.o                     44
    -------------------------------------------------
    Total:                       52

m7M_tls.a: [3]
    fpinit_M.o                   34
    -------------------------------------------------
    Total:                       34

rt7M_tl.a: [4]
    ABImemcpy.o                 166
    ABImemset.o                 102
    I64DivMod.o                 560
    I64DivZer.o                   2
    cexit.o                      10
    cmain.o                      30
    copy_init3.o                 46
    cstartup_M.o                 12
    data_init.o                  40
    memset.o                     20
    strchr.o                     22
    strlen.o                     54
    zero_init3.o                 58
    -------------------------------------------------
    Total:                    1'122

shb_l.a: [5]
    exit.o                       20
    -------------------------------------------------
    Total:                       20

    Gaps                         21        4
    Linker created                        36    1'024
-----------------------------------------------------
    Grand Total:             31'069   19'723    4'738


*******************************************************************************
*** ENTRY LIST
***

Entry                       Address    Size  Type      Object
-----                       -------    ----  ----      ------
.iar.init_table$$Base    0x800'c3c0           --   Gb  - Linker created -
.iar.init_table$$Limit   0x800'c3e4           --   Gb  - Linker created -
?main                    0x800'c425          Code  Gb  cmain.o [4]
AHBPrescTable            0x800'c49c    0x10  Data  Gb  system_stm32l4xx.o [1]
APBPrescTable            0x800'c570     0x8  Data  Gb  system_stm32l4xx.o [1]
BusFault_Handler         0x800'c301     0x2  Code  Gb  stm32l4xx_it.o [1]
CRC_Handle_16            0x800'7759    0x38  Code  Lc  stm32l4xx_hal_crc.o [1]
CRC_Handle_8             0x800'76c1    0x98  Code  Lc  stm32l4xx_hal_crc.o [1]
CSTACK$$Base            0x2000'0e88           --   Gb  - Linker created -
CSTACK$$Limit           0x2000'1288           --   Gb  - Linker created -
ConekLogo                0x800'018c  0x3840  Data  Gb  Fonts.o [1]
DWT_Delay_Init           0x800'4961    0x44  Code  Gb  SSD1306.o [1]
DWT_Delay_us             0x800'49a5    0x28  Code  Gb  SSD1306.o [1]
DebugMon_Handler         0x800'c307     0x2  Code  Gb  stm32l4xx_it.o [1]
DisplaySendText          0x800'40fd    0x50  Code  Gb  main.o [1]
EXTI0_IRQHandler         0x800'c321     0xa  Code  Gb  stm32l4xx_it.o [1]
Error_Handler            0x800'48d5     0x2  Code  Gb  main.o [1]
HAL_CRCEx_Polynomial_Set
                         0x800'9041    0x9c  Code  Gb  stm32l4xx_hal_crc_ex.o [1]
HAL_CRC_Calculate        0x800'7651    0x70  Code  Gb  stm32l4xx_hal_crc.o [1]
HAL_CRC_Init             0x800'7535   0x110  Code  Gb  stm32l4xx_hal_crc.o [1]
HAL_CRC_MspInit          0x800'8793    0x22  Code  Gb  stm32l4xx_hal_msp.o [1]
HAL_Delay                0x800'5261    0x28  Code  Wk  stm32l4xx_hal.o [1]
HAL_GPIO_EXTI_IRQHandler
                         0x800'51f9    0x20  Code  Gb  stm32l4xx_hal_gpio.o [1]
HAL_GPIO_Init            0x800'4e91   0x2f0  Code  Gb  stm32l4xx_hal_gpio.o [1]
HAL_GPIO_ReadPin         0x800'5181    0x2c  Code  Gb  stm32l4xx_hal_gpio.o [1]
HAL_GPIO_WritePin        0x800'51ad    0x4c  Code  Gb  stm32l4xx_hal_gpio.o [1]
HAL_GetTick              0x800'6045     0xc  Code  Wk  stm32l4xx_hal.o [1]
HAL_I2CEx_ConfigAnalogFilter
                         0x800'7d3d    0x92  Code  Gb  stm32l4xx_hal_i2c_ex.o [1]
HAL_I2CEx_ConfigDigitalFilter
                         0x800'7dcf    0x86  Code  Gb  stm32l4xx_hal_i2c_ex.o [1]
HAL_I2C_Init             0x800'7791   0x1b6  Code  Gb  stm32l4xx_hal_i2c.o [1]
HAL_I2C_Master_Transmit
                         0x800'7947   0x17e  Code  Gb  stm32l4xx_hal_i2c.o [1]
HAL_I2C_MspInit          0x800'87b5    0x60  Code  Gb  stm32l4xx_hal_msp.o [1]
HAL_IncTick              0x800'c32d    0x18  Code  Wk  stm32l4xx_hal.o [1]
HAL_Init                 0x800'48d9    0x24  Code  Gb  stm32l4xx_hal.o [1]
HAL_InitTick             0x800'8705    0x60  Code  Wk  stm32l4xx_hal.o [1]
HAL_MspInit              0x800'8765    0x2e  Code  Gb  stm32l4xx_hal_msp.o [1]
HAL_NVIC_SetPriority     0x800'8685    0x46  Code  Gb  stm32l4xx_hal_cortex.o [1]
HAL_NVIC_SetPriorityGrouping
                         0x800'865b    0x2a  Code  Gb  stm32l4xx_hal_cortex.o [1]
HAL_NVIC_SystemReset     0x800'86cb     0x8  Code  Gb  stm32l4xx_hal_cortex.o [1]
HAL_PCDEx_LPM_Callback   0x800'a3eb    0x4c  Code  Gb  usbd_conf.o [1]
HAL_PCD_DataInStageCallback
                         0x800'a163    0x1e  Code  Gb  usbd_conf.o [1]
HAL_PCD_DataOutStageCallback
                         0x800'a143    0x20  Code  Gb  usbd_conf.o [1]
HAL_PCD_EP_ClrStall      0x800'9d23    0x78  Code  Gb  stm32l4xx_hal_pcd.o [1]
HAL_PCD_EP_Open          0x800'9b55    0x9e  Code  Gb  stm32l4xx_hal_pcd.o [1]
HAL_PCD_EP_Receive       0x800'9bf3    0x56  Code  Gb  stm32l4xx_hal_pcd.o [1]
HAL_PCD_EP_SetStall      0x800'9c9f    0x84  Code  Gb  stm32l4xx_hal_pcd.o [1]
HAL_PCD_EP_Transmit      0x800'9c49    0x56  Code  Gb  stm32l4xx_hal_pcd.o [1]
HAL_PCD_IRQHandler       0x800'995d   0x1c8  Code  Gb  stm32l4xx_hal_pcd.o [1]
HAL_PCD_ResetCallback    0x800'a18f    0x26  Code  Gb  usbd_conf.o [1]
HAL_PCD_ResumeCallback   0x800'a1d5    0x24  Code  Gb  usbd_conf.o [1]
HAL_PCD_SOFCallback      0x800'a181     0xe  Code  Gb  usbd_conf.o [1]
HAL_PCD_SetAddress       0x800'9b25    0x30  Code  Gb  stm32l4xx_hal_pcd.o [1]
HAL_PCD_SetupStageCallback
                         0x800'a131    0x12  Code  Gb  usbd_conf.o [1]
HAL_PCD_SuspendCallback
                         0x800'a1b5    0x20  Code  Gb  usbd_conf.o [1]
HAL_PWREx_ControlVoltageScaling
                         0x800'7491    0x8e  Code  Gb  stm32l4xx_hal_pwr_ex.o [1]
HAL_PWREx_GetVoltageRange
                         0x800'7485     0xc  Code  Gb  stm32l4xx_hal_pwr_ex.o [1]
HAL_RCCEx_PeriphCLKConfig
                         0x800'6d39   0x4d2  Code  Gb  stm32l4xx_hal_rcc_ex.o [1]
HAL_RCC_ClockConfig      0x800'68fb   0x23c  Code  Gb  stm32l4xx_hal_rcc.o [1]
HAL_RCC_GetHCLKFreq      0x800'6c2b     0x6  Code  Gb  stm32l4xx_hal_rcc.o [1]
HAL_RCC_GetPCLK1Freq     0x800'6c31    0x1a  Code  Gb  stm32l4xx_hal_rcc.o [1]
HAL_RCC_GetPCLK2Freq     0x800'6c4b    0x1a  Code  Gb  stm32l4xx_hal_rcc.o [1]
HAL_RCC_GetSysClockFreq
                         0x800'6b55    0xd6  Code  Gb  stm32l4xx_hal_rcc.o [1]
HAL_RCC_OscConfig        0x800'60e5   0x816  Code  Gb  stm32l4xx_hal_rcc.o [1]
HAL_SPI_Init             0x800'7e61   0x26c  Code  Gb  stm32l4xx_hal_spi.o [1]
HAL_SPI_MspInit          0x800'8815    0x88  Code  Gb  stm32l4xx_hal_msp.o [1]
HAL_SPI_TransmitReceive
                         0x800'80cd   0x2e0  Code  Gb  stm32l4xx_hal_spi.o [1]
HAL_SYSTICK_Config       0x800'86d3     0xc  Code  Gb  stm32l4xx_hal_cortex.o [1]
HAL_UART_Init            0x800'5579    0xd0  Code  Gb  stm32l4xx_hal_uart.o [1]
HAL_UART_MspInit         0x800'889d    0xb4  Code  Gb  stm32l4xx_hal_msp.o [1]
HAL_UART_Receive         0x800'5723   0x146  Code  Gb  stm32l4xx_hal_uart.o [1]
HAL_UART_Transmit        0x800'5649    0xda  Code  Gb  stm32l4xx_hal_uart.o [1]
HardFault_Handler        0x800'c2f7     0x8  Code  Gb  stm32l4xx_it.o [1]
I2C_Flush_TXDR           0x800'7ad9    0x24  Code  Lc  stm32l4xx_hal_i2c.o [1]
I2C_IsAcknowledgeFailed
                         0x800'7c05    0x8a  Code  Lc  stm32l4xx_hal_i2c.o [1]
I2C_TransferConfig       0x800'7c8f    0x8c  Code  Lc  stm32l4xx_hal_i2c.o [1]
I2C_WaitOnFlagUntilTimeout
                         0x800'7afd    0x5e  Code  Lc  stm32l4xx_hal_i2c.o [1]
I2C_WaitOnSTOPFlagUntilTimeout
                         0x800'7bb3    0x52  Code  Lc  stm32l4xx_hal_i2c.o [1]
I2C_WaitOnTXISFlagUntilTimeout
                         0x800'7b5b    0x58  Code  Lc  stm32l4xx_hal_i2c.o [1]
IMEI_SIM                0x2000'0a68   0x1f4  Data  Gb  main.o [1]
IMEI_SIM_REAL           0x2000'0e40    0x10  Data  Gb  main.o [1]
KhoiDongSim              0x800'3fb1   0x142  Code  Gb  main.o [1]
MSIRangeTable            0x800'c344    0x30  Data  Gb  system_stm32l4xx.o [1]
MX_CRC_Init              0x800'4619    0x3a  Code  Lc  main.o [1]
MX_GPIO_Init             0x800'4729    0xb8  Code  Lc  main.o [1]
MX_I2C1_Init             0x800'466d    0x58  Code  Lc  main.o [1]
MX_SPI1_Init             0x800'46d1    0x50  Code  Lc  main.o [1]
MX_USART1_UART_Init      0x800'47e5    0x3c  Code  Lc  main.o [1]
MX_USART2_UART_Init      0x800'4829    0x3c  Code  Lc  main.o [1]
MemManage_Handler        0x800'c2ff     0x2  Code  Gb  stm32l4xx_it.o [1]
NMI_Handler              0x800'c2f5     0x2  Code  Gb  stm32l4xx_it.o [1]
NVIC_EncodePriority      0x800'85c7    0x40  Code  Lc  stm32l4xx_hal_cortex.o [1]
OLED_init                0x800'4e53     0x8  Code  Gb  Config.o [1]
PCD_EP_ISR_Handler       0x800'9d9b   0x396  Code  Lc  stm32l4xx_hal_pcd.o [1]
PendSV_Handler           0x800'c309     0x2  Code  Gb  stm32l4xx_it.o [1]
RCCEx_PLLSAI1_Config     0x800'7229   0x236  Code  Lc  stm32l4xx_hal_rcc_ex.o [1]
RCC_SetFlashLatencyFromMSIRange
                         0x800'6c71    0x8a  Code  Lc  stm32l4xx_hal_rcc.o [1]
Region$$Table$$Base      0x800'c3c0           --   Gb  - Linker created -
Region$$Table$$Limit     0x800'c3e4           --   Gb  - Linker created -
SPI_EndRxTxTransaction   0x800'84fd    0x6a  Code  Lc  stm32l4xx_hal_spi.o [1]
SPI_WaitFifoStateUntilTimeout
                         0x800'8459    0xa4  Code  Lc  stm32l4xx_hal_spi.o [1]
SPI_WaitFlagStateUntilTimeout
                         0x800'83b9    0xa0  Code  Lc  stm32l4xx_hal_spi.o [1]
SVC_Handler              0x800'c305     0x2  Code  Gb  stm32l4xx_it.o [1]
Sim_Response             0x800'43df    0xc6  Code  Gb  main.o [1]
Sim_Rxdata              0x2000'0e7c     0x2  Data  Gb  main.o [1]
Sim_Rxdata1             0x2000'0874   0x1f4  Data  Gb  main.o [1]
Sim_response            0x2000'0680   0x1f4  Data  Gb  main.o [1]
Sim_sendCommand          0x800'42f3    0xec  Code  Gb  main.o [1]
Sim_sendCommand_IMEI     0x800'44ad    0x8a  Code  Gb  main.o [1]
So_Bill                 0x2000'0e60    0x10  Data  Gb  main.o [1]
So_Tien_Pay             0x2000'0e50    0x10  Data  Gb  main.o [1]
SysTick_Config           0x800'8625    0x36  Code  Lc  stm32l4xx_hal_cortex.o [1]
SysTick_Handler          0x800'c30b     0x8  Code  Gb  stm32l4xx_it.o [1]
SystemClockConfig_Resume
                         0x800'a43d     0x8  Code  Lc  usbd_conf.o [1]
SystemClock_Config       0x800'4559    0xc0  Code  Gb  main.o [1]
SystemCoreClock         0x2000'0008     0x4  Data  Gb  system_stm32l4xx.o [1]
SystemInit               0x800'c23d    0x42  Code  Gb  system_stm32l4xx.o [1]
UART_AdvFeatureConfig    0x800'5d1b   0x1f2  Code  Gb  stm32l4xx_hal_uart.o [1]
UART_CheckIdleState      0x800'5f39    0x68  Code  Gb  stm32l4xx_hal_uart.o [1]
UART_SetConfig           0x800'5879   0x4a2  Code  Gb  stm32l4xx_hal_uart.o [1]
UART_WaitOnFlagUntilTimeout
                         0x800'5fa1    0x6a  Code  Gb  stm32l4xx_hal_uart.o [1]
USBD_ClrClassConfig      0x800'a477    0x18  Code  Gb  usbd_core.o [1]
USBD_ClrFeature          0x800'ae59    0x2e  Code  Lc  usbd_ctlreq.o [1]
USBD_CtlContinueRx       0x800'af0d    0x1a  Code  Gb  usbd_ioreq.o [1]
USBD_CtlContinueSendData
                         0x800'aef3    0x1a  Code  Gb  usbd_ioreq.o [1]
USBD_CtlError            0x800'aeaf    0x18  Code  Gb  usbd_ctlreq.o [1]
USBD_CtlReceiveStatus    0x800'af41    0x1a  Code  Gb  usbd_ioreq.o [1]
USBD_CtlSendData         0x800'aec7    0x2c  Code  Gb  usbd_ioreq.o [1]
USBD_CtlSendStatus       0x800'af27    0x1a  Code  Gb  usbd_ioreq.o [1]
USBD_GetConfig           0x800'ada5    0x4e  Code  Lc  usbd_ctlreq.o [1]
USBD_GetDescriptor       0x800'aaf1   0x178  Code  Lc  usbd_ctlreq.o [1]
USBD_GetStatus           0x800'adf3    0x4c  Code  Lc  usbd_ctlreq.o [1]
USBD_LL_ClearStallEP     0x800'a291    0x42  Code  Gb  usbd_conf.o [1]
USBD_LL_DataInStage      0x800'a5a5   0x10c  Code  Gb  usbd_core.o [1]
USBD_LL_DataOutStage     0x800'a4f7    0xae  Code  Gb  usbd_core.o [1]
USBD_LL_IsStallEP        0x800'a2d3    0x2e  Code  Gb  usbd_conf.o [1]
USBD_LL_OpenEP           0x800'a1f9    0x56  Code  Gb  usbd_conf.o [1]
USBD_LL_PrepareReceive   0x800'a397    0x54  Code  Gb  usbd_conf.o [1]
USBD_LL_Reset            0x800'a6b1    0x60  Code  Gb  usbd_core.o [1]
USBD_LL_Resume           0x800'a72d     0xe  Code  Gb  usbd_core.o [1]
USBD_LL_SOF              0x800'a73b    0x24  Code  Gb  usbd_core.o [1]
USBD_LL_SetSpeed         0x800'a711     0x8  Code  Gb  usbd_core.o [1]
USBD_LL_SetUSBAddress    0x800'a301    0x42  Code  Gb  usbd_conf.o [1]
USBD_LL_SetupStage       0x800'a48f    0x68  Code  Gb  usbd_core.o [1]
USBD_LL_StallEP          0x800'a24f    0x42  Code  Gb  usbd_conf.o [1]
USBD_LL_Suspend          0x800'a719    0x14  Code  Gb  usbd_core.o [1]
USBD_LL_Transmit         0x800'a343    0x54  Code  Gb  usbd_conf.o [1]
USBD_ParseSetupRequest   0x800'ae87    0x28  Code  Gb  usbd_ctlreq.o [1]
USBD_RunTestMode         0x800'a445     0x6  Code  Gb  usbd_core.o [1]
USBD_SetAddress          0x800'ac69    0x68  Code  Lc  usbd_ctlreq.o [1]
USBD_SetClassConfig      0x800'a44b    0x2c  Code  Gb  usbd_core.o [1]
USBD_SetConfig           0x800'acd1    0xce  Code  Lc  usbd_ctlreq.o [1]
USBD_SetConfig::cfgidx  0x2000'0e81     0x1  Data  Lc  usbd_ctlreq.o [1]
USBD_SetFeature          0x800'ae3f    0x1a  Code  Lc  usbd_ctlreq.o [1]
USBD_StdDevReq           0x800'a761    0xa6  Code  Gb  usbd_ctlreq.o [1]
USBD_StdEPReq            0x800'a875   0x27c  Code  Gb  usbd_ctlreq.o [1]
USBD_StdItfReq           0x800'a807    0x6e  Code  Gb  usbd_ctlreq.o [1]
USB_ActivateEndpoint     0x800'90f7   0x368  Code  Gb  stm32l4xx_ll_usb.o [1]
USB_EP0_OutStart         0x800'98ad     0x6  Code  Gb  stm32l4xx_ll_usb.o [1]
USB_EPClearStall         0x800'97e3    0xae  Code  Gb  stm32l4xx_ll_usb.o [1]
USB_EPSetStall           0x800'9799    0x4a  Code  Gb  stm32l4xx_ll_usb.o [1]
USB_EPStartXfer          0x800'945f   0x33a  Code  Gb  stm32l4xx_ll_usb.o [1]
USB_IRQHandler           0x800'c313     0xa  Code  Gb  stm32l4xx_it.o [1]
USB_ReadInterrupts       0x800'98a5     0x8  Code  Gb  stm32l4xx_ll_usb.o [1]
USB_ReadPMA              0x800'9905    0x56  Code  Gb  stm32l4xx_ll_usb.o [1]
USB_SetDevAddress        0x800'9891    0x14  Code  Gb  stm32l4xx_ll_usb.o [1]
USB_WritePMA             0x800'98b3    0x52  Code  Gb  stm32l4xx_ll_usb.o [1]
UsageFault_Handler       0x800'c303     0x2  Code  Gb  stm32l4xx_it.o [1]
WakeUp_CR95HF            0x800'491f     0x8  Code  Gb  nfcm1833_module.o [1]
WakeUp_TinZ              0x800'8d89    0x70  Code  Gb  nfcm1833tinz.o [1]
__NVIC_GetPriorityGrouping
                         0x800'858b     0xc  Code  Lc  stm32l4xx_hal_cortex.o [1]
__NVIC_SetPriority       0x800'8597    0x30  Code  Lc  stm32l4xx_hal_cortex.o [1]
__NVIC_SetPriorityGrouping
                         0x800'8569    0x22  Code  Lc  stm32l4xx_hal_cortex.o [1]
__NVIC_SystemReset       0x800'8607    0x1e  Code  Lc  stm32l4xx_hal_cortex.o [1]
__aeabi_ldiv0            0x800'90f5          Code  Gb  I64DivZer.o [4]
__aeabi_memcpy           0x800'54d1          Code  Gb  ABImemcpy.o [4]
__aeabi_memcpy4          0x800'54f1          Code  Gb  ABImemcpy.o [4]
__aeabi_memcpy8          0x800'54f1          Code  Gb  ABImemcpy.o [4]
__aeabi_memset           0x800'607d          Code  Gb  ABImemset.o [4]
__aeabi_uldivmod         0x800'8df9          Code  Gb  I64DivMod.o [4]
__cmain                  0x800'c425          Code  Gb  cmain.o [4]
__exit                   0x800'c459    0x14  Code  Gb  exit.o [5]
__iar_Memset             0x800'607d          Code  Gb  ABImemset.o [4]
__iar_Memset_word        0x800'6085          Code  Gb  ABImemset.o [4]
__iar_Strchr             0x800'9029          Code  Gb  strchr.o [4]
__iar_copy_init3         0x800'4e63    0x2e  Code  Gb  copy_init3.o [4]
__iar_data_init3         0x800'c375    0x28  Code  Gb  data_init.o [4]
__iar_init_vfp           0x800'c39d          Code  Gb  fpinit_M.o [3]
__iar_program_start      0x800'c511          Code  Gb  cstartup_M.o [4]
__iar_zero_init3         0x800'4927    0x3a  Code  Gb  zero_init3.o [4]
__low_level_init         0x800'c443     0x4  Code  Gb  low_level_init.o [2]
__vector_table           0x800'0000          Data  Gb  startup_stm32l432xx.o [1]
_call_main               0x800'c431          Code  Gb  cmain.o [4]
_exit                    0x800'c44d          Code  Gb  cexit.o [4]
_main                    0x800'c43f          Code  Gb  cmain.o [4]
assert_failed            0x800'48d7     0x2  Code  Gb  main.o [1]
c_chFont1206             0x800'b54c   0x474  Data  Gb  Fonts.o [1]
c_chFont1608             0x800'af5c   0x5f0  Data  Gb  Fonts.o [1]
crcx25                   0x800'8d3d    0x1e  Code  Lc  nfcm1833tinz.o [1]
deleteBuffer             0x800'42d9    0x1a  Code  Gb  main.o [1]
display                  0x800'4295    0x1e  Code  Gb  main.o [1]
display2                 0x800'42b3    0x1e  Code  Gb  main.o [1]
driver_init              0x800'4e5b     0x8  Code  Lc  Config.o [1]
encode4byte              0x800'5289    0xf0  Code  Gb  bcdencode.o [1]
encode8byte_little_edian
                         0x800'5379   0x158  Code  Gb  bcdencode.o [1]
exit                     0x800'c447     0x4  Code  Gb  exit.o [2]
getDeviceID              0x800'4913     0xc  Code  Gb  nfcm1833_module.o [1]
getDeviceID_spi          0x800'8cfb    0x42  Code  Gb  nfcm1833tinz.o [1]
getKey                   0x800'414d   0x148  Code  Gb  main.o [1]
hcrc                    0x2000'0e0c    0x24  Data  Gb  main.o [1]
hi2c1                   0x2000'0dc0    0x4c  Data  Gb  main.o [1]
hpcd_USB_FS             0x2000'040c   0x274  Data  Gb  usbd_conf.o [1]
huart1                  0x2000'0c5c    0x80  Data  Gb  main.o [1]
huart2                  0x2000'0cdc    0x80  Data  Gb  main.o [1]
idTag                   0x2000'0e70     0x8  Data  Gb  main.o [1]
idTagBCD                0x2000'0e30    0x10  Data  Gb  main.o [1]
main                     0x800'39cd   0x5dc  Code  Gb  main.o [1]
memset                   0x800'90e1    0x14  Code  Gb  memset.o [4]
permissReadTag          0x2000'0e7e     0x1  Data  Gb  main.o [1]
ping_module              0x800'490b     0x8  Code  Gb  nfcm1833_module.o [1]
ping_module_spi          0x800'8b15    0x4e  Code  Gb  nfcm1833tinz.o [1]
s_chDispalyBuffer       0x2000'000c   0x400  Data  Lc  SSD1306.o [1]
select_tag_type          0x800'48fd     0xe  Code  Gb  nfcm1833_module.o [1]
select_tag_type_spi      0x800'8c13    0x22  Code  Gb  nfcm1833tinz.o [1]
select_tag_type_spi_tag_type_4a
                         0x800'8bbb    0x58  Code  Lc  nfcm1833tinz.o [1]
select_tag_type_spi_tag_type_5
                         0x800'8b63    0x58  Code  Lc  nfcm1833tinz.o [1]
sendrecv_spi             0x800'8c35    0xc6  Code  Gb  nfcm1833tinz.o [1]
spi_polling_data_cr95hf
                         0x800'8a01    0x84  Code  Lc  nfcm1833tinz.o [1]
spi_recv_data_from_cr95hf
                         0x800'8a85    0x90  Code  Lc  nfcm1833tinz.o [1]
spi_send_data_to_cr95hf
                         0x800'8979    0x88  Code  Lc  nfcm1833tinz.o [1]
spi_to_nfcm1833tinz     0x2000'0d5c    0x64  Data  Gb  main.o [1]
ssd1306_clear_screen     0x800'4a5d    0x56  Code  Gb  SSD1306.o [1]
ssd1306_display_char     0x800'4b55    0xf8  Code  Gb  SSD1306.o [1]
ssd1306_display_string   0x800'4c4d    0x72  Code  Gb  SSD1306.o [1]
ssd1306_draw_bitmap      0x800'4ce1    0x88  Code  Gb  SSD1306.o [1]
ssd1306_draw_point       0x800'4ab3    0xa2  Code  Gb  SSD1306.o [1]
ssd1306_init             0x800'4d69    0xea  Code  Gb  SSD1306.o [1]
ssd1306_refresh_gram     0x800'4a07    0x56  Code  Gb  SSD1306.o [1]
ssd1306_write_byte       0x800'49cd    0x3a  Code  Lc  SSD1306.o [1]
strchr                   0x800'9029          Code  Gb  strchr.o [4]
strlen                   0x800'600d          Code  Gb  strlen.o [4]
strstr                   0x800'6051    0x2c  Code  Gb  strstr.o [2]
uwTick                  0x2000'0e78     0x4  Data  Gb  stm32l4xx_hal.o [1]
uwTickFreq              0x2000'0004     0x4  Data  Gb  stm32l4xx_hal.o [1]
uwTickPrio              0x2000'0000     0x4  Data  Gb  stm32l4xx_hal.o [1]
viTriBill               0x2000'0e80     0x1  Data  Gb  main.o [1]
viTriTien               0x2000'0e7f     0x1  Data  Gb  main.o [1]


[1] = E:\Firmware\CodeTestL432KC\ReaderSimL432Oled\Firmware_L432KC\EWARM\NFC_L432KC\Obj
[2] = dl7M_tlf.a
[3] = m7M_tls.a
[4] = rt7M_tl.a
[5] = shb_l.a

  31'069 bytes of readonly  code memory
  19'723 bytes of readonly  data memory
   4'738 bytes of readwrite data memory

Errors: none
Warnings: none
